Component: ARM Compiler 5.06 update 5 (build 528) Tool: armlink [4d35e2]

==============================================================================

Section Cross References

    startup_stm32f10x_hd.o(STACK) refers (Special) to heapauxi.o(.text) for __use_two_region_memory
    startup_stm32f10x_hd.o(HEAP) refers (Special) to heapauxi.o(.text) for __use_two_region_memory
    startup_stm32f10x_hd.o(RESET) refers (Special) to heapauxi.o(.text) for __use_two_region_memory
    startup_stm32f10x_hd.o(RESET) refers to startup_stm32f10x_hd.o(STACK) for __initial_sp
    startup_stm32f10x_hd.o(RESET) refers to startup_stm32f10x_hd.o(.text) for Reset_Handler
    startup_stm32f10x_hd.o(RESET) refers to stm32f10x_it.o(.text) for NMI_Handler
    startup_stm32f10x_hd.o(.text) refers (Special) to heapauxi.o(.text) for __use_two_region_memory
    startup_stm32f10x_hd.o(.text) refers to system_stm32f10x.o(.text) for SystemInit
    startup_stm32f10x_hd.o(.text) refers to __main.o(!!!main) for __main
    startup_stm32f10x_hd.o(.text) refers to startup_stm32f10x_hd.o(HEAP) for Heap_Mem
    startup_stm32f10x_hd.o(.text) refers to startup_stm32f10x_hd.o(STACK) for Stack_Mem
    stm32f10x_gpio.o(.text) refers to stm32f10x_rcc.o(.text) for RCC_APB2PeriphResetCmd
    stm32f10x_rcc.o(.text) refers to stm32f10x_rcc.o(.data) for APBAHBPrescTable
    stm32f10x_tim.o(.text) refers to stm32f10x_rcc.o(.text) for RCC_APB2PeriphResetCmd
    stm32f10x_usart.o(.text) refers to stm32f10x_rcc.o(.text) for RCC_APB2PeriphResetCmd
    system_stm32f10x.o(.text) refers to system_stm32f10x.o(.data) for SystemCoreClock
    main.o(.text) refers to stm32f10x_iwdg.o(.text) for IWDG_WriteAccessCmd
    main.o(.text) refers to stm32f10x_rcc.o(.text) for RCC_DeInit
    main.o(.text) refers to stm32f10x_gpio.o(.text) for GPIO_Init
    main.o(.text) refers to stm32f10_usart.o(.text) for NVIC_Configuration
    main.o(.text) refers to stm32f10_timer.o(.text) for Time_Configuration
    main.o(.text) refers to lcd.o(.text) for LCD_Init
    main.o(.text) refers to touch.o(.text) for TP_Init
    main.o(.text) refers to ui.o(.text) for PAGE0
    main.o(.text) refers to stm32f10x_it.o(.text) for usart2_senddata
    main.o(.text) refers to fflt_clz.o(x$fpl$fflt) for __aeabi_i2f
    main.o(.text) refers to faddsub_clz.o(x$fpl$fsub) for __aeabi_fsub
    main.o(.text) refers to f2d.o(x$fpl$f2d) for __aeabi_f2d
    main.o(.text) refers to dmul.o(x$fpl$dmul) for __aeabi_dmul
    main.o(.text) refers to ddiv.o(x$fpl$ddiv) for __aeabi_ddiv
    main.o(.text) refers to d2f.o(x$fpl$d2f) for __aeabi_d2f
    main.o(.text) refers to drleqf.o(x$fpl$drleqf) for __aeabi_cdrcmple
    main.o(.text) refers to daddsub_clz.o(x$fpl$dadd) for __aeabi_dadd
    main.o(.text) refers to rint.o(i.rint) for rint
    main.o(.text) refers to dfix.o(x$fpl$dfix) for __aeabi_d2iz
    main.o(.text) refers to feqf.o(x$fpl$feqf) for __aeabi_cfcmpeq
    main.o(.text) refers to dht11.o(.text) for ReadDHT11
    main.o(.text) refers to main.o(.data) for PCO2value
    main.o(.text) refers to main.o(.bss) for IC1sum
    main.o(.text) refers to dht11.o(.data) for tdata
    main.o(.text) refers to stm32f10x_usart.o(.text) for USART_SendData
    stm32f10_gpio.o(.text) refers to stm32f10x_rcc.o(.text) for RCC_APB2PeriphClockCmd
    stm32f10_gpio.o(.text) refers to stm32f10x_gpio.o(.text) for GPIO_Init
    stm32f10_timer.o(.text) refers to stm32f10x_rcc.o(.text) for RCC_APB2PeriphClockCmd
    stm32f10_timer.o(.text) refers to stm32f10x_gpio.o(.text) for GPIO_Init
    stm32f10_timer.o(.text) refers to stm32f10x_tim.o(.text) for TIM_DeInit
    stm32f10_timer.o(.text) refers to system_stm32f10x.o(.data) for SystemCoreClock
    stm32f10_usart.o(.text) refers to stm32f10x_rcc.o(.text) for RCC_APB2PeriphClockCmd
    stm32f10_usart.o(.text) refers to misc.o(.text) for NVIC_SetVectorTable
    stm32f10_usart.o(.text) refers to stm32f10x_gpio.o(.text) for GPIO_Init
    stm32f10_usart.o(.text) refers to stm32f10_timer.o(.text) for delay_ms
    stm32f10_usart.o(.text) refers to stm32f10x_usart.o(.text) for USART_ITConfig
    stm32f10x_it.o(.text) refers to stm32f10x_tim.o(.text) for TIM_GetITStatus
    stm32f10x_it.o(.text) refers to main.o(.text) for dataProcess
    stm32f10x_it.o(.text) refers to stm32f10x_usart.o(.text) for USART_GetFlagStatus
    stm32f10x_it.o(.text) refers to stm32f10_usart.o(.text) for Usart2_Rx
    stm32f10x_it.o(.text) refers to stm32f10_timer.o(.text) for delay_ms
    stm32f10x_it.o(.text) refers to main.o(.data) for Tflag
    stm32f10x_it.o(.text) refers to stm32f10x_it.o(.data) for colcnt
    stm32f10x_it.o(.text) refers to main.o(.bss) for IC2sum
    stm32f10x_it.o(.text) refers to stm32f10x_it.o(.bss) for usart2_buff
    lcd.o(.text) refers to stm32f10x_rcc.o(.text) for RCC_AHBPeriphClockCmd
    lcd.o(.text) refers to stm32f10x_gpio.o(.text) for GPIO_Init
    lcd.o(.text) refers to stm32f10x_fsmc.o(.text) for FSMC_NORSRAMInit
    lcd.o(.text) refers to stm32f10_timer.o(.text) for delay_ms
[...]
    ../clib/angel/sysapp.c                   0x00000000   Number         0  sys_exit.o ABSOLUTE
    ../clib/angel/sysapp.c                   0x00000000   Number         0  sys_command.o ABSOLUTE
    ../clib/angel/sysapp.c                   0x00000000   Number         0  sys_wrch.o ABSOLUTE
    ../clib/armsys.c                         0x00000000   Number         0  argv_veneer.o ABSOLUTE
    ../clib/armsys.c                         0x00000000   Number         0  argv_veneer.o ABSOLUTE
    ../clib/armsys.c                         0x00000000   Number         0  no_argv.o ABSOLUTE
    ../clib/armsys.c                         0x00000000   Number         0  _get_argv_nomalloc.o ABSOLUTE
    ../clib/heapalloc.c                      0x00000000   Number         0  hrguard.o ABSOLUTE
    ../clib/heapaux.c                        0x00000000   Number         0  heapauxi.o ABSOLUTE
    ../clib/libinit.s                        0x00000000   Number         0  libinit.o ABSOLUTE
    ../clib/libinit.s                        0x00000000   Number         0  libshutdown2.o ABSOLUTE
    ../clib/libinit.s                        0x00000000   Number         0  libshutdown.o ABSOLUTE
    ../clib/libinit.s                        0x00000000   Number         0  libinit2.o ABSOLUTE
    ../clib/signal.c                         0x00000000   Number         0  defsig_rtred_inner.o ABSOLUTE
    ../clib/signal.c                         0x00000000   Number         0  defsig_fpe_inner.o ABSOLUTE
    ../clib/signal.c                         0x00000000   Number         0  defsig_abrt_inner.o ABSOLUTE
    ../clib/signal.c                         0x00000000   Number         0  defsig_other.o ABSOLUTE
    ../clib/signal.c                         0x00000000   Number         0  defsig_segv_inner.o ABSOLUTE
    ../clib/signal.c                         0x00000000   Number         0  defsig_general.o ABSOLUTE
    ../clib/signal.c                         0x00000000   Number         0  defsig_cppl_inner.o ABSOLUTE
    ../clib/signal.c                         0x00000000   Number         0  __raise.o ABSOLUTE
    ../clib/signal.c                         0x00000000   Number         0  defsig_rtmem_inner.o ABSOLUTE
    ../clib/signal.c                         0x00000000   Number         0  defsig_rtmem_outer.o ABSOLUTE
    ../clib/signal.c                         0x00000000   Number         0  defsig_pvfn_inner.o ABSOLUTE
    ../clib/signal.c                         0x00000000   Number         0  defsig_rtmem_formal.o ABSOLUTE
    ../clib/signal.c                         0x00000000   Number         0  defsig_exit.o ABSOLUTE
    ../clib/signal.c                         0x00000000   Number         0  defsig_stak_inner.o ABSOLUTE
    ../clib/signal.s                         0x00000000   Number         0  defsig.o ABSOLUTE
    ../clib/stdlib.c                         0x00000000   Number         0  exit.o ABSOLUTE
    ../fplib/d2f.s                           0x00000000   Number         0  d2f.o ABSOLUTE
    ../fplib/daddsub.s                       0x00000000   Number         0  daddsub_clz.o ABSOLUTE
    ../fplib/dcmpi.s                         0x00000000   Number         0  dcmpi.o ABSOLUTE
    ../fplib/ddiv.s                          0x00000000   Number         0  ddiv.o ABSOLUTE
    ../fplib/dfix.s                          0x00000000   Number         0  dfix.o ABSOLUTE
    ../fplib/dleqf.s                         0x00000000   Number         0  dleqf.o ABSOLUTE
    ../fplib/dmul.s                          0x00000000   Number         0  dmul.o ABSOLUTE
    ../fplib/dnaninf.s                       0x00000000   Number         0  dnaninf.o ABSOLUTE
    ../fplib/dretinf.s                       0x00000000   Number         0  dretinf.o ABSOLUTE
    ../fplib/drleqf.s                        0x00000000   Number         0  drleqf.o ABSOLUTE
    ../fplib/drnd.s                          0x00000000   Number         0  drnd.o ABSOLUTE
    ../fplib/f2d.s                           0x00000000   Number         0  f2d.o ABSOLUTE
    ../fplib/faddsub.s                       0x00000000   Number         0  faddsub_clz.o ABSOLUTE
    ../fplib/fcmpi.s                         0x00000000   Number         0  fcmpi.o ABSOLUTE
    ../fplib/feqf.s                          0x00000000   Number         0  feqf.o ABSOLUTE
    ../fplib/fflt.s                          0x00000000   Number         0  fflt_clz.o ABSOLUTE
    ../fplib/fnaninf.s                       0x00000000   Number         0  fnaninf.o ABSOLUTE
    ../fplib/fpinit.s                        0x00000000   Number         0  fpinit.o ABSOLUTE
    ../fplib/fretinf.s                       0x00000000   Number         0  fretinf.o ABSOLUTE
    ../fplib/usenofp.s                       0x00000000   Number         0  usenofp.o ABSOLUTE
    ../mathlib/rint.c                        0x00000000   Number         0  rint.o ABSOLUTE
    ..\CM3\CoreSupport\core_cm3.c            0x00000000   Number         0  core_cm3.o ABSOLUTE
    ..\CM3\DeviceSupport\ST\STM32F10x\system_stm32f10x.c 0x00000000   Number         0  system_stm32f10x.o ABSOLUTE
    ..\Libraries\src\misc.c                  0x00000000   Number         0  misc.o ABSOLUTE
    ..\Libraries\src\stm32f10x_fsmc.c        0x00000000   Number         0  stm32f10x_fsmc.o ABSOLUTE
    ..\Libraries\src\stm32f10x_gpio.c        0x00000000   Number         0  stm32f10x_gpio.o ABSOLUTE
    ..\Libraries\src\stm32f10x_iwdg.c        0x00000000   Number         0  stm32f10x_iwdg.o ABSOLUTE
    ..\Libraries\src\stm32f10x_rcc.c         0x00000000   Number         0  stm32f10x_rcc.o ABSOLUTE
    ..\Libraries\src\stm32f10x_tim.c         0x00000000   Number         0  stm32f10x_tim.o ABSOLUTE
    ..\Libraries\src\stm32f10x_usart.c       0x00000000   Number         0  stm32f10x_usart.o ABSOLUTE
    ..\USER\DHT11.c                          0x00000000   Number         0  dht11.o ABSOLUTE
    ..\USER\LCD.c                            0x00000000   Number         0  lcd.o ABSOLUTE
    ..\USER\UI.c                             0x00000000   Number         0  ui.o ABSOLUTE
    ..\USER\main.c                           0x00000000   Number         0  main.o ABSOLUTE
    ..\USER\stm32f10_gpio.c                  0x00000000   Number         0  stm32f10_gpio.o ABSOLUTE
    ..\USER\stm32f10_timer.c                 0x00000000   Number         0  stm32f10_timer.o ABSOLUTE
    ..\USER\stm32f10_usart.c                 0x00000000   Number         0  stm32f10_usart.o ABSOLUTE
    ..\USER\stm32f10x_it.c                   0x00000000   Number         0  stm32f10x_it.o ABSOLUTE
    ..\USER\sys.c                            0x00000000   Number         0  sys.o ABSOLUTE
    ..\USER\touch.c                          0x00000000   Number         0  touch.o ABSOLUTE
    ..\\CM3\\CoreSupport\\core_cm3.c         0x00000000   Number         0  core_cm3.o ABSOLUTE
    ..\startup\startup_stm32f10x_hd.s        0x00000000   Number         0  startup_stm32f10x_hd.o ABSOLUTE
    dc.s                                     0x00000000   Number         0  dc.o ABSOLUTE
    RESET                                    0x08000000   Section      304  startup_stm32f10x_hd.o(RESET)
    !!!main                                  0x08000130   Section        8  __main.o(!!!main)
    !!!scatter                               0x08000138   Section       52  __scatter.o(!!!scatter)
    !!dczerorl2                              0x0800016c   Section       90  __dczerorl2.o(!!dczerorl2)
    !!handler_zi                             0x080001c8   Section       28  __scatter_zi.o(!!handler_zi)
    .ARM.Collect$$libinit$$00000000          0x080001e4   Section        2  libinit.o(.ARM.Collect$$libinit$$00000000)
    .ARM.Collect$$libinit$$00000002          0x080001e6   Section        0  libinit2.o(.ARM.Collect$$libinit$$00000002)
    .ARM.Collect$$libinit$$00000004          0x080001e6   Section        0  libinit2.o(.ARM.Collect$$libinit$$00000004)
    .ARM.Collect$$libinit$$0000000A          0x080001e6   Section        0  libinit2.o(.ARM.Collect$$libinit$$0000000A)
    .ARM.Collect$$libinit$$0000000C          0x080001e6   Section        0  libinit2.o(.ARM.Collect$$libinit$$0000000C)
    .ARM.Collect$$libinit$$0000000E          0x080001e6   Section        0  libinit2.o(.ARM.Collect$$libinit$$0000000E)
    .ARM.Collect$$libinit$$00000011          0x080001e6   Section        0  libinit2.o(.ARM.Collect$$libinit$$00000011)
    .ARM.Collect$$libinit$$00000013          0x080001e6   Section        0  libinit2.o(.ARM.Collect$$libinit$$00000013)
    .ARM.Collect$$libinit$$00000015          0x080001e6   Section        0  libinit2.o(.ARM.Collect$$libinit$$00000015)
    .ARM.Collect$$libinit$$00000017          0x080001e6   Section        0  libinit2.o(.ARM.Collect$$libinit$$00000017)
    .ARM.Collect$$libinit$$00000019          0x080001e6   Section        0  libinit2.o(.ARM.Collect$$libinit$$00000019)
    .ARM.Collect$$libinit$$0000001B          0x080001e6   Section        0  libinit2.o(.ARM.Collect$$libinit$$0000001B)
    .ARM.Collect$$libinit$$0000001D          0x080001e6   Section        0  libinit2.o(.ARM.Collect$$libinit$$0000001D)
    .ARM.Collect$$libinit$$0000001F          0x080001e6   Section        0  libinit2.o(.ARM.Collect$$libinit$$0000001F)
    .ARM.Collect$$libinit$$00000021          0x080001e6   Section        0  libinit2.o(.ARM.Collect$$libinit$$00000021)
    .ARM.Collect$$libinit$$00000023          0x080001e6   Section        0  libinit2.o(.ARM.Collect$$libinit$$00000023)
    .ARM.Collect$$libinit$$00000025          0x080001e6   Section        0  libinit2.o(.ARM.Collect$$libinit$$00000025)
    .ARM.Collect$$libinit$$0000002C          0x080001e6   Section        0  libinit2.o(.ARM.Collect$$libinit$$0000002C)
    .ARM.Collect$$libinit$$0000002E          0x080001e6   Section        0  libinit2.o(.ARM.Collect$$libinit$$0000002E)
    .ARM.Collect$$libinit$$00000030          0x080001e6   Section        0  libinit2.o(.ARM.Collect$$libinit$$00000030)
    .ARM.Collect$$libinit$$00000032          0x080001e6   Section        0  libinit2.o(.ARM.Collect$$libinit$$00000032)
    .ARM.Collect$$libinit$$00000033          0x080001e6   Section        2  libinit2.o(.ARM.Collect$$libinit$$00000033)
    .ARM.Collect$$libshutdown$$00000000      0x080001e8   Section        2  libshutdown.o(.ARM.Collect$$libshutdown$$00000000)
    .ARM.Collect$$libshutdown$$00000002      0x080001ea   Section        0  libshutdown2.o(.ARM.Collect$$libshutdown$$00000002)
    .ARM.Collect$$libshutdown$$00000004      0x080001ea   Section        0  libshutdown2.o(.ARM.Collect$$libshutdown$$00000004)
    .ARM.Collect$$libshutdown$$00000007      0x080001ea   Section        0  libshutdown2.o(.ARM.Collect$$libshutdown$$00000007)
    .ARM.Collect$$libshutdown$$0000000A      0x080001ea   Section        0  libshutdown2.o(.ARM.Collect$$libshutdown$$0000000A)
    .ARM.Collect$$libshutdown$$0000000C      0x080001ea   Section        0  libshutdown2.o(.ARM.Collect$$libshutdown$$0000000C)
    .ARM.Collect$$libshutdown$$0000000F      0x080001ea   Section        0  libshutdown2.o(.ARM.Collect$$libshutdown$$0000000F)
    .ARM.Collect$$libshutdown$$00000010      0x080001ea   Section        2  libshutdown2.o(.ARM.Collect$$libshutdown$$00000010)
    .ARM.Collect$$rtentry$$00000000          0x080001ec   Section        0  __rtentry.o(.ARM.Collect$$rtentry$$00000000)
    .ARM.Collect$$rtentry$$00000002          0x080001ec   Section        0  __rtentry2.o(.ARM.Collect$$rtentry$$00000002)
    .ARM.Collect$$rtentry$$00000004          0x080001ec   Section        6  __rtentry4.o(.ARM.Collect$$rtentry$$00000004)
    .ARM.Collect$$rtentry$$00000009          0x080001f2   Section        0  __rtentry2.o(.ARM.Collect$$rtentry$$00000009)
    .ARM.Collect$$rtentry$$0000000A          0x080001f2   Section        4  __rtentry2.o(.ARM.Collect$$rtentry$$0000000A)
    .ARM.Collect$$rtentry$$0000000C          0x080001f6   Section        0  __rtentry2.o(.ARM.Collect$$rtentry$$0000000C)
    .ARM.Collect$$rtentry$$0000000D          0x080001f6   Section        8  __rtentry2.o(.ARM.Collect$$rtentry$$0000000D)
    .ARM.Collect$$rtexit$$00000000           0x080001fe   Section        2  rtexit.o(.ARM.Collect$$rtexit$$00000000)
    .ARM.Collect$$rtexit$$00000002           0x08000200   Section        0  rtexit2.o(.ARM.Collect$$rtexit$$00000002)
    .ARM.Collect$$rtexit$$00000003           0x08000200   Section        4  rtexit2.o(.ARM.Collect$$rtexit$$00000003)
    .ARM.Collect$$rtexit$$00000004           0x08000204   Section        6  rtexit2.o(.ARM.Collect$$rtexit$$00000004)
    .text                                    0x0800020c   Section       64  startup_stm32f10x_hd.o(.text)
    .text                                    0x0800024c   Section        0  stm32f10x_gpio.o(.text)
    .text                                    0x080005a8   Section        0  stm32f10x_rcc.o(.text)
    .text                                    0x0800094c   Section        0  stm32f10x_tim.o(.text)
    TI4_Config                               0x08000df3   Thumb Code   130  stm32f10x_tim.o(.text)
    TI3_Config                               0x08000e87   Thumb Code   122  stm32f10x_tim.o(.text)
    TI2_Config                               0x08000f1b   Thumb Code   130  stm32f10x_tim.o(.text)
    TI1_Config                               0x08000faf   Thumb Code   108  stm32f10x_tim.o(.text)
    .text                                    0x08001768   Section        0  stm32f10x_usart.o(.text)
    .text                                    0x08001b70   Section        0  misc.o(.text)
    .text                                    0x08001c4c   Section        0  stm32f10x_fsmc.o(.text)
    .text                                    0x08002258   Section        0  stm32f10x_iwdg.o(.text)
    .text                                    0x08002298   Section        0  system_stm32f10x.o(.text)
    SetSysClockTo72                          0x08002299   Thumb Code   214  system_stm32f10x.o(.text)
    SetSysClock                              0x0800236f   Thumb Code     8  system_stm32f10x.o(.text)
    .text                                    0x08002478   Section        0  main.o(.text)
    .text                                    0x08002a54   Section        0  stm32f10_timer.o(.text)
    .text                                    0x08002d8c   Section        0  stm32f10_usart.o(.text)
    .text                                    0x08002ffc   Section        0  stm32f10x_it.o(.text)
    .text                                    0x080034cc   Section        0  lcd.o(.text)
    .text                                    0x08003d1c   Section        0  ui.o(.text)
    .text                                    0x08003fa8   Section        0  touch.o(.text)
    .text                                    0x08004488   Section        0  dht11.o(.text)
    .text                                    0x08004600   Section        0  heapauxi.o(.text)
    .text                                    0x08004606   Section       74  sys_stackheap_outer.o(.text)
    .text                                    0x08004650   Section        0  exit.o(.text)
    .text                                    0x08004664   Section        8  libspace.o(.text)
    .text                                    0x0800466c   Section        0  sys_exit.o(.text)
    .text                                    0x08004678   Section        2  use_no_semi.o(.text)
    .text                                    0x0800467a   Section        0  indicate_semi.o(.text)
    i.rint                                   0x0800467a   Section        0  rint.o(i.rint)
    x$fpl$d2f                                0x08004680   Section       98  d2f.o(x$fpl$d2f)
    x$fpl$dadd                               0x080046e4   Section      336  daddsub_clz.o(x$fpl$dadd)
    _dadd1                                   0x080046f5   Thumb Code     0  daddsub_clz.o(x$fpl$dadd)
    x$fpl$dcmpinf                            0x08004834   Section       24  dcmpi.o(x$fpl$dcmpinf)
    x$fpl$ddiv                               0x0800484c   Section      688  ddiv.o(x$fpl$ddiv)
    ddiv_entry                               0x08004853   Thumb Code     0  ddiv.o(x$fpl$ddiv)
    x$fpl$dfix                               0x08004afc   Section       94  dfix.o(x$fpl$dfix)
    x$fpl$dleqf                              0x08004b5c   Section      120  dleqf.o(x$fpl$dleqf)
    x$fpl$dmul                               0x08004bd4   Section      340  dmul.o(x$fpl$dmul)
    x$fpl$dnaninf                            0x08004d28   Section      156  dnaninf.o(x$fpl$dnaninf)
    x$fpl$dretinf                            0x08004dc4   Section       12  dretinf.o(x$fpl$dretinf)
    x$fpl$drleqf                             0x08004dd0   Section      108  drleqf.o(x$fpl$drleqf)
    x$fpl$drnd                               0x08004e3c   Section      180  drnd.o(x$fpl$drnd)
    x$fpl$dsub                               0x08004ef0   Section      468  daddsub_clz.o(x$fpl$dsub)
    _dsub1                                   0x08004f01   Thumb Code     0  daddsub_clz.o(x$fpl$dsub)
    x$fpl$f2d                                0x080050c4   Section       86  f2d.o(x$fpl$f2d)
    x$fpl$fadd                               0x0800511c   Section      196  faddsub_clz.o(x$fpl$fadd)
    _fadd1                                   0x0800512b   Thumb Code     0  faddsub_clz.o(x$fpl$fadd)
    x$fpl$fcmpinf                            0x080051e0   Section       24  fcmpi.o(x$fpl$fcmpinf)
    x$fpl$feqf                               0x080051f8   Section      104  feqf.o(x$fpl$feqf)
    x$fpl$fflt                               0x08005260   Section       48  fflt_clz.o(x$fpl$fflt)
    x$fpl$fnaninf                            0x08005290   Section      140  fnaninf.o(x$fpl$fnaninf)
    x$fpl$fretinf                            0x0800531c   Section       10  fretinf.o(x$fpl$fretinf)
    x$fpl$fsub                               0x08005328   Section      234  faddsub_clz.o(x$fpl$fsub)
    _fsub1                                   0x08005337   Thumb Code     0  faddsub_clz.o(x$fpl$fsub)
    .constdata                               0x08005412   Section    27620  lcd.o(.constdata)
    x$fpl$usenofp                            0x08005412   Section        0  usenofp.o(x$fpl$usenofp)
    .data                                    0x20000000   Section       20  stm32f10x_rcc.o(.data)
    APBAHBPrescTable                         0x20000000   Data          16  stm32f10x_rcc.o(.data)
    ADCPrescTable                            0x20000010   Data           4  stm32f10x_rcc.o(.data)
    .data                                    0x20000014   Section       20  system_stm32f10x.o(.data)
    .data                                    0x20000028   Section       71  main.o(.data)
    .data                                    0x20000070   Section      187  stm32f10x_it.o(.data)
    timercnt                                 0x20000070   Data           1  stm32f10x_it.o(.data)
    .data                                    0x2000012c   Section      760  lcd.o(.data)
    .data                                    0x20000424   Section        8  touch.o(.data)
    .data                                    0x2000042c   Section        6  dht11.o(.data)
    .bss                                     0x20000434   Section      416  main.o(.bss)
    .bss                                     0x200005d4   Section      144  stm32f10x_it.o(.bss)
    .bss                                     0x20000664   Section       96  libspace.o(.bss)
    HEAP                                     0x200006c8   Section      512  startup_stm32f10x_hd.o(HEAP)
    Heap_Mem                                 0x200006c8   Data         512  startup_stm32f10x_hd.o(HEAP)
    STACK                                    0x200008c8   Section     1024  startup_stm32f10x_hd.o(STACK)
    Stack_Mem                                0x200008c8   Data        1024  startup_stm32f10x_hd.o(STACK)
    __initial_sp                             0x20000cc8   Data           0  startup_stm32f10x_hd.o(STACK)

    Global Symbols

    Symbol Name                              Value     Ov Type        Size  Object(Section)

    BuildAttributes$$THM_ISAv4$P$D$K$B$S$PE$A:L22UL41UL21$X:L11$S22US41US21$IEEE1$IW$USESV6$~STKCKD$USESV7$~SHL$OTIME$ROPI$IEEEJ$EBA8$UX$STANDARDLIB$REQ8$PRES8$EABIv2 0x00000000   Number         0  anon$$obj.o ABSOLUTE
    __ARM_use_no_argv                        0x00000000   Number         0  main.o ABSOLUTE
    __ARM_exceptions_init                     - Undefined Weak Reference
    __alloca_initialize                       - Undefined Weak Reference
    __arm_preinit_                            - Undefined Weak Reference
    __cpp_initialize__aeabi_                  - Undefined Weak Reference
    __cxa_finalize                            - Undefined Weak Reference
    __rt_locale                               - Undefined Weak Reference
    __sigvec_lookup                           - Undefined Weak Reference
    _atexit_init                              - Undefined Weak Reference
    _call_atexit_fns                          - Undefined Weak Reference
    _clock_init                               - Undefined Weak Reference
    _fp_trap_init                             - Undefined Weak Reference
    _fp_trap_shutdown                         - Undefined Weak Reference
    _get_lc_collate                           - Undefined Weak Reference
    _get_lc_ctype                             - Undefined Weak Reference
    _get_lc_monetary                          - Undefined Weak Reference
    _get_lc_numeric                           - Undefined Weak Reference
    _get_lc_time                              - Undefined Weak Reference
    _getenv_init                              - Undefined Weak Reference
    _handle_redirection                       - Undefined Weak Reference
    _init_alloc                               - Undefined Weak Reference
    _init_user_alloc                          - Undefined Weak Reference
    _initio                                   - Undefined Weak Reference
    _rand_init                                - Undefined Weak Reference
    _signal_finish                            - Undefined Weak Reference
    _signal_init                              - Undefined Weak Reference
    _terminate_alloc                          - Undefined Weak Reference
    _terminate_user_alloc                     - Undefined Weak Reference
    _terminateio                              - Undefined Weak Reference
    __Vectors_Size                           0x00000130   Number         0  startup_stm32f10x_hd.o ABSOLUTE
    __Vectors                                0x08000000   Data           4  startup_stm32f10x_hd.o(RESET)
    __Vectors_End                            0x08000130   Data           0  startup_stm32f10x_hd.o(RESET)
    __main                                   0x08000131   Thumb Code     8  __main.o(!!!main)
    __scatterload                            0x08000139   Thumb Code     0  __scatter.o(!!!scatter)
    __scatterload_rt2                        0x08000139   Thumb Code    44  __scatter.o(!!!scatter)
    __scatterload_rt2_thumb_only             0x08000139   Thumb Code     0  __scatter.o(!!!scatter)
    __scatterload_null                       0x08000147   Thumb Code     0  __scatter.o(!!!scatter)
    __decompress                             0x0800016d   Thumb Code    90  __dczerorl2.o(!!dczerorl2)
    __decompress1                            0x0800016d   Thumb Code     0  __dczerorl2.o(!!dczerorl2)
    __scatterload_zeroinit                   0x080001c9   Thumb Code    28  __scatter_zi.o(!!handler_zi)
    __rt_lib_init                            0x080001e5   Thumb Code     0  libinit.o(.ARM.Collect$$libinit$$00000000)
    __rt_lib_init_alloca_1                   0x080001e7   Thumb Code     0  libinit2.o(.ARM.Collect$$libinit$$0000002E)
    __rt_lib_init_argv_1                     0x080001e7   Thumb Code     0  libinit2.o(.ARM.Collect$$libinit$$0000002C)
    __rt_lib_init_atexit_1                   0x080001e7   Thumb Code     0  libinit2.o(.ARM.Collect$$libinit$$0000001B)
    __rt_lib_init_clock_1                    0x080001e7   Thumb Code     0  libinit2.o(.ARM.Collect$$libinit$$00000021)
    __rt_lib_init_cpp_1                      0x080001e7   Thumb Code     0  libinit2.o(.ARM.Collect$$libinit$$00000032)
    __rt_lib_init_exceptions_1               0x080001e7   Thumb Code     0  libinit2.o(.ARM.Collect$$libinit$$00000030)
    __rt_lib_init_fp_1                       0x080001e7   Thumb Code     0  libinit2.o(.ARM.Collect$$libinit$$00000002)
    __rt_lib_init_fp_trap_1                  0x080001e7   Thumb Code     0  libinit2.o(.ARM.Collect$$libinit$$0000001F)
    __rt_lib_init_getenv_1                   0x080001e7   Thumb Code     0  libinit2.o(.ARM.Collect$$libinit$$00000023)
    __rt_lib_init_heap_1                     0x080001e7   Thumb Code     0  libinit2.o(.ARM.Collect$$libinit$$0000000A)
    __rt_lib_init_lc_collate_1               0x080001e7   Thumb Code     0  libinit2.o(.ARM.Collect$$libinit$$00000011)
    __rt_lib_init_lc_ctype_1                 0x080001e7   Thumb Code     0  libinit2.o(.ARM.Collect$$libinit$$00000013)
    __rt_lib_init_lc_monetary_1              0x080001e7   Thumb Code     0  libinit2.o(.ARM.Collect$$libinit$$00000015)
    __rt_lib_init_lc_numeric_1               0x080001e7   Thumb Code     0  libinit2.o(.ARM.Collect$$libinit$$00000017)
    __rt_lib_init_lc_time_1                  0x080001e7   Thumb Code     0  libinit2.o(.ARM.Collect$$libinit$$00000019)
    __rt_lib_init_preinit_1                  0x080001e7   Thumb Code     0  libinit2.o(.ARM.Collect$$libinit$$00000004)
    __rt_lib_init_rand_1                     0x080001e7   Thumb Code     0  libinit2.o(.ARM.Collect$$libinit$$0000000E)
    __rt_lib_init_return                     0x080001e7   Thumb Code     0  libinit2.o(.ARM.Collect$$libinit$$00000033)
    __rt_lib_init_signal_1                   0x080001e7   Thumb Code     0  libinit2.o(.ARM.Collect$$libinit$$0000001D)
    __rt_lib_init_stdio_1                    0x080001e7   Thumb Code     0  libinit2.o(.ARM.Collect$$libinit$$00000025)
    __rt_lib_init_user_alloc_1               0x080001e7   Thumb Code     0  libinit2.o(.ARM.Collect$$libinit$$0000000C)
    __rt_lib_shutdown                        0x080001e9   Thumb Code     0  libshutdown.o(.ARM.Collect$$libshutdown$$00000000)
    __rt_lib_shutdown_cpp_1                  0x080001eb   Thumb Code     0  libshutdown2.o(.ARM.Collect$$libshutdown$$00000002)
    __rt_lib_shutdown_fp_trap_1              0x080001eb   Thumb Code     0  libshutdown2.o(.ARM.Collect$$libshutdown$$00000007)
    __rt_lib_shutdown_heap_1                 0x080001eb   Thumb Code     0  libshutdown2.o(.ARM.Collect$$libshutdown$$0000000F)
    __rt_lib_shutdown_return                 0x080001eb   Thumb Code     0  libshutdown2.o(.ARM.Collect$$libshutdown$$00000010)
    __rt_lib_shutdown_signal_1               0x080001eb   Thumb Code     0  libshutdown2.o(.ARM.Collect$$libshutdown$$0000000A)
    __rt_lib_shutdown_stdio_1                0x080001eb   Thumb Code     0  libshutdown2.o(.ARM.Collect$$libshutdown$$00000004)
    __rt_lib_shutdown_user_alloc_1           0x080001eb   Thumb Code     0  libshutdown2.o(.ARM.Collect$$libshutdown$$0000000C)
    __rt_entry                               0x080001ed   Thumb Code     0  __rtentry.o(.ARM.Collect$$rtentry$$00000000)
    __rt_entry_presh_1                       0x080001ed   Thumb Code     0  __rtentry2.o(.ARM.Collect$$rtentry$$00000002)
    __rt_entry_sh                            0x080001ed   Thumb Code     0  __rtentry4.o(.ARM.Collect$$rtentry$$00000004)
    __rt_entry_li                            0x080001f3   Thumb Code     0  __rtentry2.o(.ARM.Collect$$rtentry$$0000000A)
    __rt_entry_postsh_1                      0x080001f3   Thumb Code     0  __rtentry2.o(.ARM.Collect$$rtentry$$00000009)
    __rt_entry_main                          0x080001f7   Thumb Code     0  __rtentry2.o(.ARM.Collect$$rtentry$$0000000D)
    __rt_entry_postli_1                      0x080001f7   Thumb Code     0  __rtentry2.o(.ARM.Collect$$rtentry$$0000000C)
    __rt_exit                                0x080001ff   Thumb Code     0  rtexit.o(.ARM.Collect$$rtexit$$00000000)
    __rt_exit_ls                             0x08000201   Thumb Code     0  rtexit2.o(.ARM.Collect$$rtexit$$00000003)
    __rt_exit_prels_1                        0x08000201   Thumb Code     0  rtexit2.o(.ARM.Collect$$rtexit$$00000002)
    __rt_exit_exit                           0x08000205   Thumb Code     0  rtexit2.o(.ARM.Collect$$rtexit$$00000004)
    Reset_Handler                            0x0800020d   Thumb Code     8  startup_stm32f10x_hd.o(.text)
    ADC1_2_IRQHandler                        0x08000227   Thumb Code     0  startup_stm32f10x_hd.o(.text)
    ADC3_IRQHandler                          0x08000227   Thumb Code     0  startup_stm32f10x_hd.o(.text)
    CAN1_RX1_IRQHandler                      0x08000227   Thumb Code     0  startup_stm32f10x_hd.o(.text)
    CAN1_SCE_IRQHandler                      0x08000227   Thumb Code     0  startup_stm32f10x_hd.o(.text)
    DMA1_Channel1_IRQHandler                 0x08000227   Thumb Code     0  startup_stm32f10x_hd.o(.text)
    DMA1_Channel2_IRQHandler                 0x08000227   Thumb Code     0  startup_stm32f10x_hd.o(.text)
    DMA1_Channel3_IRQHandler                 0x08000227   Thumb Code     0  startup_stm32f10x_hd.o(.text)
    DMA1_Channel4_IRQHandler                 0x08000227   Thumb Code     0  startup_stm32f10x_hd.o(.text)
    DMA1_Channel5_IRQHandler                 0x08000227   Thumb Code     0  startup_stm32f10x_hd.o(.text)
    DMA1_Channel6_IRQHandler                 0x08000227   Thumb Code     0  startup_stm32f10x_hd.o(.text)
    DMA1_Channel7_IRQHandler                 0x08000227   Thumb Code     0  startup_stm32f10x_hd.o(.text)
    DMA2_Channel1_IRQHandler                 0x08000227   Thumb Code     0  startup_stm32f10x_hd.o(.text)
    DMA2_Channel2_IRQHandler                 0x08000227   Thumb Code     0  startup_stm32f10x_hd.o(.text)
    DMA2_Channel3_IRQHandler                 0x08000227   Thumb Code     0  startup_stm32f10x_hd.o(.text)
    DMA2_Channel4_5_IRQHandler               0x08000227   Thumb Code     0  startup_stm32f10x_hd.o(.text)
    EXTI0_IRQHandler                         0x08000227   Thumb Code     0  startup_stm32f10x_hd.o(.text)
    EXTI15_10_IRQHandler                     0x08000227   Thumb Code     0  startup_stm32f10x_hd.o(.text)
    EXTI1_IRQHandler                         0x08000227   Thumb Code     0  startup_stm32f10x_hd.o(.text)
    EXTI2_IRQHandler                         0x08000227   Thumb Code     0  startup_stm32f10x_hd.o(.text)
    EXTI3_IRQHandler                         0x08000227   Thumb Code     0  startup_stm32f10x_hd.o(.text)
    EXTI4_IRQHandler                         0x08000227   Thumb Code     0  startup_stm32f10x_hd.o(.text)
    EXTI9_5_IRQHandler                       0x08000227   Thumb Code     0  startup_stm32f10x_hd.o(.text)
    FLASH_IRQHandler                         0x08000227   Thumb Code     0  startup_stm32f10x_hd.o(.text)
    FSMC_IRQHandler                          0x08000227   Thumb Code     0  startup_stm32f10x_hd.o(.text)
    I2C1_ER_IRQHandler                       0x08000227   Thumb Code     0  startup_stm32f10x_hd.o(.text)
    I2C1_EV_IRQHandler                       0x08000227   Thumb Code     0  startup_stm32f10x_hd.o(.text)
    I2C2_ER_IRQHandler                       0x08000227   Thumb Code     0  startup_stm32f10x_hd.o(.text)
    I2C2_EV_IRQHandler                       0x08000227   Thumb Code     0  startup_stm32f10x_hd.o(.text)
    PVD_IRQHandler                           0x08000227   Thumb Code     0  startup_stm32f10x_hd.o(.text)
    RCC_IRQHandler                           0x08000227   Thumb Code     0  startup_stm32f10x_hd.o(.text)
    RTCAlarm_IRQHandler                      0x08000227   Thumb Code     0  startup_stm32f10x_hd.o(.text)
    RTC_IRQHandler                           0x08000227   Thumb Code     0  startup_stm32f10x_hd.o(.text)
    SDIO_IRQHandler                          0x08000227   Thumb Code     0  startup_stm32f10x_hd.o(.text)
    SPI1_IRQHandler                          0x08000227   Thumb Code     0  startup_stm32f10x_hd.o(.text)
    SPI2_IRQHandler                          0x08000227   Thumb Code     0  startup_stm32f10x_hd.o(.text)
    SPI3_IRQHandler                          0x08000227   Thumb Code     0  startup_stm32f10x_hd.o(.text)
    TAMPER_IRQHandler                        0x08000227   Thumb Code     0  startup_stm32f10x_hd.o(.text)
    TIM1_BRK_IRQHandler                      0x08000227   Thumb Code     0  startup_stm32f10x_hd.o(.text)
    TIM1_CC_IRQHandler                       0x08000227   Thumb Code     0  startup_stm32f10x_hd.o(.text)
    TIM1_TRG_COM_IRQHandler                  0x08000227   Thumb Code     0  startup_stm32f10x_hd.o(.text)
    TIM6_IRQHandler                          0x08000227   Thumb Code     0  startup_stm32f10x_hd.o(.text)
    TIM7_IRQHandler                          0x08000227   Thumb Code     0  startup_stm32f10x_hd.o(.text)
    TIM8_BRK_IRQHandler                      0x08000227   Thumb Code     0  startup_stm32f10x_hd.o(.text)
    TIM8_CC_IRQHandler                       0x08000227   Thumb Code     0  startup_stm32f10x_hd.o(.text)
    TIM8_TRG_COM_IRQHandler                  0x08000227   Thumb Code     0  startup_stm32f10x_hd.o(.text)
    TIM8_UP_IRQHandler                       0x08000227   Thumb Code     0  startup_stm32f10x_hd.o(.text)
    UART4_IRQHandler                         0x08000227   Thumb Code     0  startup_stm32f10x_hd.o(.text)
    UART5_IRQHandler                         0x08000227   Thumb Code     0  startup_stm32f10x_hd.o(.text)
    USART3_IRQHandler                        0x08000227   Thumb Code     0  startup_stm32f10x_hd.o(.text)
    USBWakeUp_IRQHandler                     0x08000227   Thumb Code     0  startup_stm32f10x_hd.o(.text)
    USB_HP_CAN1_TX_IRQHandler                0x08000227   Thumb Code     0  startup_stm32f10x_hd.o(.text)
    USB_LP_CAN1_RX0_IRQHandler               0x08000227   Thumb Code     0  startup_stm32f10x_hd.o(.text)
    WWDG_IRQHandler                          0x08000227   Thumb Code     0  startup_stm32f10x_hd.o(.text)
    __user_initial_stackheap                 0x08000229   Thumb Code     0  startup_stm32f10x_hd.o(.text)
    GPIO_DeInit                              0x0800024d   Thumb Code   172  stm32f10x_gpio.o(.text)
    GPIO_AFIODeInit                          0x080002f9   Thumb Code    20  stm32f10x_gpio.o(.text)
    GPIO_Init                                0x0800030d   Thumb Code   278  stm32f10x_gpio.o(.text)
    GPIO_StructInit                          0x08000423   Thumb Code    16  stm32f10x_gpio.o(.text)
    GPIO_ReadInputDataBit                    0x08000433   Thumb Code    18  stm32f10x_gpio.o(.text)
    GPIO_ReadInputData                       0x08000445   Thumb Code     8  stm32f10x_gpio.o(.text)
    GPIO_ReadOutputDataBit                   0x0800044d   Thumb Code    18  stm32f10x_gpio.o(.text)
    GPIO_ReadOutputData                      0x0800045f   Thumb Code     8  stm32f10x_gpio.o(.text)
    GPIO_SetBits                             0x08000467   Thumb Code     4  stm32f10x_gpio.o(.text)
    GPIO_ResetBits                           0x0800046b   Thumb Code     4  stm32f10x_gpio.o(.text)
    GPIO_WriteBit                            0x0800046f   Thumb Code    10  stm32f10x_gpio.o(.text)
    GPIO_Write                               0x08000479   Thumb Code     4  stm32f10x_gpio.o(.text)
    GPIO_PinLockConfig                       0x0800047d   Thumb Code    18  stm32f10x_gpio.o(.text)
    GPIO_EventOutputConfig                   0x0800048f   Thumb Code    26  stm32f10x_gpio.o(.text)
    GPIO_EventOutputCmd                      0x080004a9   Thumb Code     6  stm32f10x_gpio.o(.text)
    GPIO_PinRemapConfig                      0x080004af   Thumb Code   138  stm32f10x_gpio.o(.text)
    GPIO_EXTILineConfig                      0x08000539   Thumb Code    66  stm32f10x_gpio.o(.text)
    GPIO_ETH_MediaInterfaceConfig            0x0800057b   Thumb Code     8  stm32f10x_gpio.o(.text)
    RCC_DeInit                               0x080005a9   Thumb Code    64  stm32f10x_rcc.o(.text)
    RCC_HSEConfig                            0x080005e9   Thumb Code    70  stm32f10x_rcc.o(.text)
    RCC_GetFlagStatus                        0x0800062f   Thumb Code    56  stm32f10x_rcc.o(.text)
    RCC_WaitForHSEStartUp                    0x08000667   Thumb Code    56  stm32f10x_rcc.o(.text)
    RCC_AdjustHSICalibrationValue            0x0800069f   Thumb Code    20  stm32f10x_rcc.o(.text)
    RCC_HSICmd                               0x080006b3   Thumb Code     6  stm32f10x_rcc.o(.text)
    RCC_PLLConfig                            0x080006b9   Thumb Code    24  stm32f10x_rcc.o(.text)
    RCC_PLLCmd                               0x080006d1   Thumb Code     6  stm32f10x_rcc.o(.text)
    RCC_SYSCLKConfig                         0x080006d7   Thumb Code    18  stm32f10x_rcc.o(.text)
    RCC_GetSYSCLKSource                      0x080006e9   Thumb Code    10  stm32f10x_rcc.o(.text)
    RCC_HCLKConfig                           0x080006f3   Thumb Code    18  stm32f10x_rcc.o(.text)
    RCC_PCLK1Config                          0x08000705   Thumb Code    18  stm32f10x_rcc.o(.text)
    RCC_PCLK2Config                          0x08000717   Thumb Code    20  stm32f10x_rcc.o(.text)
    RCC_ITConfig                             0x0800072b   Thumb Code    26  stm32f10x_rcc.o(.text)
    RCC_USBCLKConfig                         0x08000745   Thumb Code     8  stm32f10x_rcc.o(.text)
    RCC_ADCCLKConfig                         0x0800074d   Thumb Code    18  stm32f10x_rcc.o(.text)
    RCC_LSEConfig                            0x0800075f   Thumb Code    50  stm32f10x_rcc.o(.text)
    RCC_LSICmd                               0x08000791   Thumb Code     6  stm32f10x_rcc.o(.text)
    RCC_RTCCLKConfig                         0x08000797   Thumb Code    12  stm32f10x_rcc.o(.text)
    RCC_RTCCLKCmd                            0x080007a3   Thumb Code     8  stm32f10x_rcc.o(.text)
    RCC_GetClocksFreq                        0x080007ab   Thumb Code   192  stm32f10x_rcc.o(.text)
    RCC_AHBPeriphClockCmd                    0x0800086b   Thumb Code    26  stm32f10x_rcc.o(.text)
    RCC_APB2PeriphClockCmd                   0x08000885   Thumb Code    26  stm32f10x_rcc.o(.text)
    RCC_APB1PeriphClockCmd                   0x0800089f   Thumb Code    26  stm32f10x_rcc.o(.text)
    RCC_APB2PeriphResetCmd                   0x080008b9   Thumb Code    26  stm32f10x_rcc.o(.text)
    RCC_APB1PeriphResetCmd                   0x080008d3   Thumb Code    26  stm32f10x_rcc.o(.text)
    RCC_BackupResetCmd                       0x080008ed   Thumb Code     8  stm32f10x_rcc.o(.text)
    RCC_ClockSecuritySystemCmd               0x080008f5   Thumb Code     6  stm32f10x_rcc.o(.text)
    RCC_MCOConfig                            0x080008fb   Thumb Code     6  stm32f10x_rcc.o(.text)
    RCC_ClearFlag                            0x08000901   Thumb Code    14  stm32f10x_rcc.o(.text)
    RCC_GetITStatus                          0x0800090f   Thumb Code    20  stm32f10x_rcc.o(.text)
    RCC_ClearITPendingBit                    0x08000923   Thumb Code     6  stm32f10x_rcc.o(.text)
    TIM_DeInit                               0x0800094d   Thumb Code   424  stm32f10x_tim.o(.text)
    TIM_TimeBaseInit                         0x08000af5   Thumb Code   122  stm32f10x_tim.o(.text)
    TIM_OC1Init                              0x08000b6f   Thumb Code   132  stm32f10x_tim.o(.text)
    TIM_OC2Init                              0x08000bf3   Thumb Code   154  stm32f10x_tim.o(.text)
    TIM_OC3Init                              0x08000c8d   Thumb Code   150  stm32f10x_tim.o(.text)
    TIM_OC4Init                              0x08000d23   Thumb Code   182  stm32f10x_tim.o(.text)
    TIM_SetIC4Prescaler                      0x08000dd9   Thumb Code    26  stm32f10x_tim.o(.text)
    TIM_SetIC3Prescaler                      0x08000e75   Thumb Code    18  stm32f10x_tim.o(.text)
    TIM_SetIC2Prescaler                      0x08000f01   Thumb Code    26  stm32f10x_tim.o(.text)
    TIM_SetIC1Prescaler                      0x08000f9d   Thumb Code    18  stm32f10x_tim.o(.text)
    TIM_ICInit                               0x0800101b   Thumb Code   150  stm32f10x_tim.o(.text)
    TIM_PWMIConfig                           0x080010b1   Thumb Code   124  stm32f10x_tim.o(.text)
    TIM_BDTRConfig                           0x0800112d   Thumb Code    32  stm32f10x_tim.o(.text)
    TIM_TimeBaseStructInit                   0x0800114d   Thumb Code    18  stm32f10x_tim.o(.text)
    TIM_OCStructInit                         0x0800115f   Thumb Code    20  stm32f10x_tim.o(.text)
    TIM_ICStructInit                         0x08001173   Thumb Code    18  stm32f10x_tim.o(.text)
    TIM_BDTRStructInit                       0x08001185   Thumb Code    40  stm32f10x_tim.o(.text)
    TIM_Cmd                                  0x080011ad   Thumb Code    24  stm32f10x_tim.o(.text)
    TIM_CtrlPWMOutputs                       0x080011c5   Thumb Code    30  stm32f10x_tim.o(.text)
    TIM_ITConfig                             0x080011e3   Thumb Code    18  stm32f10x_tim.o(.text)
    TIM_GenerateEvent                        0x080011f5   Thumb Code     4  stm32f10x_tim.o(.text)
    TIM_DMAConfig                            0x080011f9   Thumb Code    10  stm32f10x_tim.o(.text)
    TIM_DMACmd                               0x08001203   Thumb Code    18  stm32f10x_tim.o(.text)
    TIM_InternalClockConfig                  0x08001215   Thumb Code    12  stm32f10x_tim.o(.text)
    TIM_SelectInputTrigger                   0x08001221   Thumb Code    18  stm32f10x_tim.o(.text)
    TIM_ITRxExternalClockConfig              0x08001233   Thumb Code    24  stm32f10x_tim.o(.text)
    TIM_TIxExternalClockConfig               0x0800124b   Thumb Code    62  stm32f10x_tim.o(.text)
    TIM_ETRConfig                            0x08001289   Thumb Code    28  stm32f10x_tim.o(.text)
    TIM_ETRClockMode1Config                  0x080012a5   Thumb Code    54  stm32f10x_tim.o(.text)
    TIM_ETRClockMode2Config                  0x080012db   Thumb Code    32  stm32f10x_tim.o(.text)
    TIM_PrescalerConfig                      0x080012fb   Thumb Code     6  stm32f10x_tim.o(.text)
    TIM_CounterModeConfig                    0x08001301   Thumb Code    18  stm32f10x_tim.o(.text)
    TIM_EncoderInterfaceConfig               0x08001313   Thumb Code    66  stm32f10x_tim.o(.text)
    TIM_ForcedOC1Config                      0x08001355   Thumb Code    18  stm32f10x_tim.o(.text)
    TIM_ForcedOC2Config                      0x08001367   Thumb Code    26  stm32f10x_tim.o(.text)
    TIM_ForcedOC3Config                      0x08001381   Thumb Code    18  stm32f10x_tim.o(.text)
    TIM_ForcedOC4Config                      0x08001393   Thumb Code    26  stm32f10x_tim.o(.text)
    TIM_ARRPreloadConfig                     0x080013ad   Thumb Code    24  stm32f10x_tim.o(.text)
    TIM_SelectCOM                            0x080013c5   Thumb Code    24  stm32f10x_tim.o(.text)
    TIM_SelectCCDMA                          0x080013dd   Thumb Code    24  stm32f10x_tim.o(.text)
    TIM_CCPreloadControl                     0x080013f5   Thumb Code    24  stm32f10x_tim.o(.text)
    TIM_OC1PreloadConfig                     0x0800140d   Thumb Code    18  stm32f10x_tim.o(.text)
    TIM_OC2PreloadConfig                     0x0800141f   Thumb Code    26  stm32f10x_tim.o(.text)
    TIM_OC3PreloadConfig                     0x08001439   Thumb Code    18  stm32f10x_tim.o(.text)
    TIM_OC4PreloadConfig                     0x0800144b   Thumb Code    26  stm32f10x_tim.o(.text)
    TIM_OC1FastConfig                        0x08001465   Thumb Code    18  stm32f10x_tim.o(.text)
    TIM_OC2FastConfig                        0x08001477   Thumb Code    26  stm32f10x_tim.o(.text)
    TIM_OC3FastConfig                        0x08001491   Thumb Code    18  stm32f10x_tim.o(.text)
    TIM_OC4FastConfig                        0x080014a3   Thumb Code    26  stm32f10x_tim.o(.text)
    TIM_ClearOC1Ref                          0x080014bd   Thumb Code    18  stm32f10x_tim.o(.text)
    TIM_ClearOC2Ref                          0x080014cf   Thumb Code    24  stm32f10x_tim.o(.text)
    TIM_ClearOC3Ref                          0x080014e7   Thumb Code    18  stm32f10x_tim.o(.text)
    TIM_ClearOC4Ref                          0x080014f9   Thumb Code    24  stm32f10x_tim.o(.text)
    TIM_OC1PolarityConfig                    0x08001511   Thumb Code    18  stm32f10x_tim.o(.text)
    TIM_OC1NPolarityConfig                   0x08001523   Thumb Code    18  stm32f10x_tim.o(.text)
    TIM_OC2PolarityConfig                    0x08001535   Thumb Code    26  stm32f10x_tim.o(.text)
    TIM_OC2NPolarityConfig                   0x0800154f   Thumb Code    26  stm32f10x_tim.o(.text)
    TIM_OC3PolarityConfig                    0x08001569   Thumb Code    26  stm32f10x_tim.o(.text)
    TIM_OC3NPolarityConfig                   0x08001583   Thumb Code    26  stm32f10x_tim.o(.text)
    TIM_OC4PolarityConfig                    0x0800159d   Thumb Code    26  stm32f10x_tim.o(.text)
    TIM_CCxCmd                               0x080015b7   Thumb Code    30  stm32f10x_tim.o(.text)
    TIM_CCxNCmd                              0x080015d5   Thumb Code    30  stm32f10x_tim.o(.text)
    TIM_SelectOCxM                           0x080015f3   Thumb Code    82  stm32f10x_tim.o(.text)
    TIM_UpdateDisableConfig                  0x08001645   Thumb Code    24  stm32f10x_tim.o(.text)
    TIM_UpdateRequestConfig                  0x0800165d   Thumb Code    24  stm32f10x_tim.o(.text)
    TIM_SelectHallSensor                     0x08001675   Thumb Code    24  stm32f10x_tim.o(.text)
    TIM_SelectOnePulseMode                   0x0800168d   Thumb Code    18  stm32f10x_tim.o(.text)
    TIM_SelectOutputTrigger                  0x0800169f   Thumb Code    18  stm32f10x_tim.o(.text)
    TIM_SelectSlaveMode                      0x080016b1   Thumb Code    18  stm32f10x_tim.o(.text)
    TIM_SelectMasterSlaveMode                0x080016c3   Thumb Code    18  stm32f10x_tim.o(.text)
    TIM_SetCounter                           0x080016d5   Thumb Code     4  stm32f10x_tim.o(.text)
    TIM_SetAutoreload                        0x080016d9   Thumb Code     4  stm32f10x_tim.o(.text)
    TIM_SetCompare1                          0x080016dd   Thumb Code     4  stm32f10x_tim.o(.text)
    TIM_SetCompare2                          0x080016e1   Thumb Code     4  stm32f10x_tim.o(.text)
    TIM_SetCompare3                          0x080016e5   Thumb Code     4  stm32f10x_tim.o(.text)
    TIM_SetCompare4                          0x080016e9   Thumb Code     6  stm32f10x_tim.o(.text)
    TIM_SetClockDivision                     0x080016ef   Thumb Code    18  stm32f10x_tim.o(.text)
    TIM_GetCapture1                          0x08001701   Thumb Code     6  stm32f10x_tim.o(.text)
    TIM_GetCapture2                          0x08001707   Thumb Code     6  stm32f10x_tim.o(.text)
    TIM_GetCapture3                          0x0800170d   Thumb Code     6  stm32f10x_tim.o(.text)
    TIM_GetCapture4                          0x08001713   Thumb Code     8  stm32f10x_tim.o(.text)
    TIM_GetCounter                           0x0800171b   Thumb Code     6  stm32f10x_tim.o(.text)
    TIM_GetPrescaler                         0x08001721   Thumb Code     6  stm32f10x_tim.o(.text)
    TIM_GetFlagStatus                        0x08001727   Thumb Code    18  stm32f10x_tim.o(.text)
    TIM_ClearFlag                            0x08001739   Thumb Code     6  stm32f10x_tim.o(.text)
    TIM_GetITStatus                          0x0800173f   Thumb Code    34  stm32f10x_tim.o(.text)
    TIM_ClearITPendingBit                    0x08001761   Thumb Code     6  stm32f10x_tim.o(.text)
    USART_DeInit                             0x08001769   Thumb Code   134  stm32f10x_usart.o(.text)
    USART_Init                               0x080017ef   Thumb Code   210  stm32f10x_usart.o(.text)
    USART_StructInit                         0x080018c1   Thumb Code    24  stm32f10x_usart.o(.text)
    USART_ClockInit                          0x080018d9   Thumb Code    34  stm32f10x_usart.o(.text)
    USART_ClockStructInit                    0x080018fb   Thumb Code    12  stm32f10x_usart.o(.text)
    USART_Cmd                                0x08001907   Thumb Code    24  stm32f10x_usart.o(.text)
    USART_ITConfig                           0x0800191f   Thumb Code    74  stm32f10x_usart.o(.text)
    USART_DMACmd                             0x08001969   Thumb Code    18  stm32f10x_usart.o(.text)
    USART_SetAddress                         0x0800197b   Thumb Code    18  stm32f10x_usart.o(.text)
    USART_WakeUpConfig                       0x0800198d   Thumb Code    18  stm32f10x_usart.o(.text)
    USART_ReceiverWakeUpCmd                  0x0800199f   Thumb Code    24  stm32f10x_usart.o(.text)
    USART_LINBreakDetectLengthConfig         0x080019b7   Thumb Code    18  stm32f10x_usart.o(.text)
    USART_LINCmd                             0x080019c9   Thumb Code    24  stm32f10x_usart.o(.text)
    USART_SendData                           0x080019e1   Thumb Code     8  stm32f10x_usart.o(.text)
    USART_ReceiveData                        0x080019e9   Thumb Code    10  stm32f10x_usart.o(.text)
    USART_SendBreak                          0x080019f3   Thumb Code    10  stm32f10x_usart.o(.text)
    USART_SetGuardTime                       0x080019fd   Thumb Code    16  stm32f10x_usart.o(.text)
    USART_SetPrescaler                       0x08001a0d   Thumb Code    16  stm32f10x_usart.o(.text)
    USART_SmartCardCmd                       0x08001a1d   Thumb Code    24  stm32f10x_usart.o(.text)
    USART_SmartCardNACKCmd                   0x08001a35   Thumb Code    24  stm32f10x_usart.o(.text)
    USART_HalfDuplexCmd                      0x08001a4d   Thumb Code    24  stm32f10x_usart.o(.text)
    USART_OverSampling8Cmd                   0x08001a65   Thumb Code    22  stm32f10x_usart.o(.text)
    USART_OneBitMethodCmd                    0x08001a7b   Thumb Code    24  stm32f10x_usart.o(.text)
    USART_IrDAConfig                         0x08001a93   Thumb Code    18  stm32f10x_usart.o(.text)
    USART_IrDACmd                            0x08001aa5   Thumb Code    24  stm32f10x_usart.o(.text)
    USART_GetFlagStatus                      0x08001abd   Thumb Code    26  stm32f10x_usart.o(.text)
    USART_ClearFlag                          0x08001ad7   Thumb Code    18  stm32f10x_usart.o(.text)
    USART_GetITStatus                        0x08001ae9   Thumb Code    84  stm32f10x_usart.o(.text)
    USART_ClearITPendingBit                  0x08001b3d   Thumb Code    52  stm32f10x_usart.o(.text)
    NVIC_PriorityGroupConfig                 0x08001b71   Thumb Code    10  misc.o(.text)
    NVIC_Init                                0x08001b7b   Thumb Code   100  misc.o(.text)
    NVIC_SetVectorTable                      0x08001bdf   Thumb Code    14  misc.o(.text)
    NVIC_SystemLPConfig                      0x08001bed   Thumb Code    34  misc.o(.text)
    SysTick_CLKSourceConfig                  0x08001c0f   Thumb Code    40  misc.o(.text)
    FSMC_NORSRAMDeInit                       0x08001c4d   Thumb Code    54  stm32f10x_fsmc.o(.text)
    FSMC_NANDDeInit                          0x08001c83   Thumb Code    62  stm32f10x_fsmc.o(.text)
    FSMC_PCCARDDeInit                        0x08001cc1   Thumb Code    36  stm32f10x_fsmc.o(.text)
    FSMC_NORSRAMInit                         0x08001ce5   Thumb Code   230  stm32f10x_fsmc.o(.text)
    FSMC_NANDInit                            0x08001dcb   Thumb Code   132  stm32f10x_fsmc.o(.text)
    FSMC_PCCARDInit                          0x08001e4f   Thumb Code   130  stm32f10x_fsmc.o(.text)
    FSMC_NORSRAMStructInit                   0x08001ed1   Thumb Code   114  stm32f10x_fsmc.o(.text)
    FSMC_NANDStructInit                      0x08001f43   Thumb Code    54  stm32f10x_fsmc.o(.text)
    FSMC_PCCARDStructInit                    0x08001f79   Thumb Code    60  stm32f10x_fsmc.o(.text)
    FSMC_NORSRAMCmd                          0x08001fb5   Thumb Code    46  stm32f10x_fsmc.o(.text)
    FSMC_NANDCmd                             0x08001fe3   Thumb Code    86  stm32f10x_fsmc.o(.text)
    FSMC_PCCARDCmd                           0x08002039   Thumb Code    44  stm32f10x_fsmc.o(.text)
    FSMC_NANDECCCmd                          0x08002065   Thumb Code    90  stm32f10x_fsmc.o(.text)
    FSMC_GetECC                              0x080020bf   Thumb Code    24  stm32f10x_fsmc.o(.text)
    FSMC_ITConfig                            0x080020d7   Thumb Code   128  stm32f10x_fsmc.o(.text)
    FSMC_GetFlagStatus                       0x08002157   Thumb Code    54  stm32f10x_fsmc.o(.text)
    FSMC_ClearFlag                           0x0800218d   Thumb Code    62  stm32f10x_fsmc.o(.text)
    FSMC_GetITStatus                         0x080021cb   Thumb Code    64  stm32f10x_fsmc.o(.text)
    FSMC_ClearITPendingBit                   0x0800220b   Thumb Code    68  stm32f10x_fsmc.o(.text)
    IWDG_WriteAccessCmd                      0x08002259   Thumb Code     6  stm32f10x_iwdg.o(.text)
    IWDG_SetPrescaler                        0x0800225f   Thumb Code     6  stm32f10x_iwdg.o(.text)
    IWDG_SetReload                           0x08002265   Thumb Code     6  stm32f10x_iwdg.o(.text)
    IWDG_ReloadCounter                       0x0800226b   Thumb Code    10  stm32f10x_iwdg.o(.text)
    IWDG_Enable                              0x08002275   Thumb Code    10  stm32f10x_iwdg.o(.text)
    IWDG_GetFlagStatus                       0x0800227f   Thumb Code    20  stm32f10x_iwdg.o(.text)
    SystemInit                               0x08002377   Thumb Code    78  system_stm32f10x.o(.text)
    SystemCoreClockUpdate                    0x080023c5   Thumb Code   142  system_stm32f10x.o(.text)
    IWDG_Configuration                       0x08002479   Thumb Code    34  main.o(.text)
    RCC_Configuration                        0x0800249b   Thumb Code   144  main.o(.text)
    main                                     0x0800252b   Thumb Code   710  main.o(.text)
    dataProcess                              0x080027f1   Thumb Code   230  main.o(.text)
    showonoff                                0x080028d7   Thumb Code   278  main.o(.text)
    Send_finish                              0x080029ed   Thumb Code    58  main.o(.text)
    fputc                                    0x08002a27   Thumb Code    32  main.o(.text)
    TimeRcc_Configuration                    0x08002a55   Thumb Code    52  stm32f10_timer.o(.text)
    TimeGPIO_Configuration                   0x08002a89   Thumb Code    30  stm32f10_timer.o(.text)
    Time_Configuration                       0x08002aa7   Thumb Code   432  stm32f10_timer.o(.text)
    Tim3ST                                   0x08002c57   Thumb Code    14  stm32f10_timer.o(.text)
    Tim3SP                                   0x08002c65   Thumb Code    14  stm32f10_timer.o(.text)
    Tim4ST                                   0x08002c73   Thumb Code    14  stm32f10_timer.o(.text)
    Tim4SP                                   0x08002c81   Thumb Code    14  stm32f10_timer.o(.text)
    Tim1ST                                   0x08002c8f   Thumb Code    14  stm32f10_timer.o(.text)
    Tim1SP                                   0x08002c9d   Thumb Code    14  stm32f10_timer.o(.text)
    Tim2SP                                   0x08002cab   Thumb Code    14  stm32f10_timer.o(.text)
    Tim2ST                                   0x08002cb9   Thumb Code    14  stm32f10_timer.o(.text)
    Tim5SP                                   0x08002cc7   Thumb Code    14  stm32f10_timer.o(.text)
    Tim5ST                                   0x08002cd5   Thumb Code    14  stm32f10_timer.o(.text)
    delay_us                                 0x08002ce3   Thumb Code    54  stm32f10_timer.o(.text)
    delay_ms                                 0x08002d19   Thumb Code    56  stm32f10_timer.o(.text)
    delay_s                                  0x08002d51   Thumb Code    30  stm32f10_timer.o(.text)
    UsartRcc_Configuration                   0x08002d8d   Thumb Code    28  stm32f10_usart.o(.text)
    NVIC_Configuration                       0x08002da9   Thumb Code   188  stm32f10_usart.o(.text)
    UsartGPIO_Configuration                  0x08002e65   Thumb Code   110  stm32f10_usart.o(.text)
    Usart1_Rx                                0x08002ed3   Thumb Code     2  stm32f10_usart.o(.text)
    Usart1_Tx                                0x08002ed5   Thumb Code     2  stm32f10_usart.o(.text)
    Usart2_Rx                                0x08002ed7   Thumb Code    60  stm32f10_usart.o(.text)
    Usart2_Tx                                0x08002f13   Thumb Code    60  stm32f10_usart.o(.text)
    Usart_Configuration                      0x08002f4f   Thumb Code   106  stm32f10_usart.o(.text)
    Usart1ST                                 0x08002fb9   Thumb Code    16  stm32f10_usart.o(.text)
    Usart2ST                                 0x08002fc9   Thumb Code    20  stm32f10_usart.o(.text)
    UsartSP                                  0x08002fdd   Thumb Code    20  stm32f10_usart.o(.text)
    NMI_Handler                              0x08002ffd   Thumb Code     2  stm32f10x_it.o(.text)
    HardFault_Handler                        0x08002fff   Thumb Code     4  stm32f10x_it.o(.text)
    MemManage_Handler                        0x08003003   Thumb Code     4  stm32f10x_it.o(.text)
    BusFault_Handler                         0x08003007   Thumb Code     4  stm32f10x_it.o(.text)
    UsageFault_Handler                       0x0800300b   Thumb Code     4  stm32f10x_it.o(.text)
    SVC_Handler                              0x0800300f   Thumb Code     2  stm32f10x_it.o(.text)
    DebugMon_Handler                         0x08003011   Thumb Code     2  stm32f10x_it.o(.text)
    PendSV_Handler                           0x08003013   Thumb Code     2  stm32f10x_it.o(.text)
    SysTick_Handler                          0x08003015   Thumb Code     2  stm32f10x_it.o(.text)
    TIM1_UP_IRQHandler                       0x08003017   Thumb Code    68  stm32f10x_it.o(.text)
    TIM2_IRQHandler                          0x0800305b   Thumb Code   110  stm32f10x_it.o(.text)
    TIM3_IRQHandler                          0x080030c9   Thumb Code    30  stm32f10x_it.o(.text)
    TIM4_IRQHandler                          0x080030e7   Thumb Code    28  stm32f10x_it.o(.text)
    TIM5_IRQHandler                          0x08003103   Thumb Code    56  stm32f10x_it.o(.text)
    USART1_IRQHandler                        0x0800313b   Thumb Code     2  stm32f10x_it.o(.text)
    usart_senddata                           0x0800313d   Thumb Code     2  stm32f10x_it.o(.text)
    Receiver_process                         0x0800313f   Thumb Code    84  stm32f10x_it.o(.text)
    USART2_IRQHandler                        0x08003193   Thumb Code   200  stm32f10x_it.o(.text)
    usart2_senddata                          0x0800325b   Thumb Code   260  stm32f10x_it.o(.text)
    CRC_check                                0x0800335f   Thumb Code    40  stm32f10x_it.o(.text)
    packagedata                              0x08003387   Thumb Code   322  stm32f10x_it.o(.text)
    LCD_Writ_Bus                             0x080034cd   Thumb Code     2  lcd.o(.text)
    LCD_WR_DATA                              0x080034cf   Thumb Code     6  lcd.o(.text)
    LCD_WR_REG                               0x080034d5   Thumb Code     8  lcd.o(.text)
    LCD_WR_REG_DATA                          0x080034dd   Thumb Code    20  lcd.o(.text)
    Address_set                              0x080034f1   Thumb Code    82  lcd.o(.text)
    LCD_Init                                 0x08003543   Thumb Code   604  lcd.o(.text)
    LCD_WriteRAM_Prepare                     0x0800379f   Thumb Code    10  lcd.o(.text)
    LCD_SetCursor                            0x080037a9   Thumb Code    68  lcd.o(.text)
    LCD_Clear                                0x080037ed   Thumb Code    56  lcd.o(.text)
    LCD_Main_Clear                           0x08003825   Thumb Code    52  lcd.o(.text)
    LCD_DrawPoint                            0x08003859   Thumb Code    28  lcd.o(.text)
    LCD_Fill                                 0x08003875   Thumb Code    88  lcd.o(.text)
    showzifularge                            0x080038cd   Thumb Code   274  lcd.o(.text)
    showzifu                                 0x080039df   Thumb Code   122  lcd.o(.text)
    showzifustr                              0x08003a59   Thumb Code    88  lcd.o(.text)
    inttostr                                 0x08003ab1   Thumb Code   190  lcd.o(.text)
    inttostrA                                0x08003b6f   Thumb Code   166  lcd.o(.text)
    inttostrB                                0x08003c15   Thumb Code   132  lcd.o(.text)
    inttostrC                                0x08003c99   Thumb Code   130  lcd.o(.text)
    PAGE0                                    0x08003d1d   Thumb Code   352  ui.o(.text)
    PAGE1                                    0x08003e7d   Thumb Code   244  ui.o(.text)
    TP_Init                                  0x08003fa9   Thumb Code    66  touch.o(.text)
    TP_Write_Byte                            0x08003feb   Thumb Code    56  touch.o(.text)
    TP_Read_AD                               0x08004023   Thumb Code   132  touch.o(.text)
    TP_Read_XOY                              0x080040a7   Thumb Code   138  touch.o(.text)
    TP_Read_XY                               0x08004131   Thumb Code    34  touch.o(.text)
    TP_Read_XY2                              0x08004153   Thumb Code   192  touch.o(.text)
    Convert_Pos                              0x08004213   Thumb Code   158  touch.o(.text)
    function                                 0x080042b1   Thumb Code   458  touch.o(.text)
    touch_clear                              0x0800447b   Thumb Code    10  touch.o(.text)
    DHT11_PortIN                             0x08004489   Thumb Code    30  dht11.o(.text)
    DHT11_PortOUT                            0x080044a7   Thumb Code    30  dht11.o(.text)
    StartDHT11                               0x080044c5   Thumb Code    76  dht11.o(.text)
    com                                      0x08004511   Thumb Code   108  dht11.o(.text)
    ReadDHT11                                0x0800457d   Thumb Code   108  dht11.o(.text)
    __use_two_region_memory                  0x08004601   Thumb Code     2  heapauxi.o(.text)
    __rt_heap_escrow$2region                 0x08004603   Thumb Code     2  heapauxi.o(.text)
    __rt_heap_expand$2region                 0x08004605   Thumb Code     2  heapauxi.o(.text)
    __user_setup_stackheap                   0x08004607   Thumb Code    74  sys_stackheap_outer.o(.text)
    exit                                     0x08004651   Thumb Code    18  exit.o(.text)
    __user_libspace                          0x08004665   Thumb Code     8  libspace.o(.text)
    __user_perproc_libspace                  0x08004665   Thumb Code     0  libspace.o(.text)
    __user_perthread_libspace                0x08004665   Thumb Code     0  libspace.o(.text)
    _sys_exit                                0x0800466d   Thumb Code     8  sys_exit.o(.text)
    __I$use$semihosting                      0x08004679   Thumb Code     0  use_no_semi.o(.text)
    __use_no_semihosting_swi                 0x08004679   Thumb Code     2  use_no_semi.o(.text)
    __semihosting_library_function           0x0800467b   Thumb Code     0  indicate_semi.o(.text)
    rint                                     0x0800467b   Thumb Code     4  rint.o(i.rint)
    __aeabi_d2f                              0x08004681   Thumb Code     0  d2f.o(x$fpl$d2f)
    _d2f                                     0x08004681   Thumb Code    98  d2f.o(x$fpl$d2f)
    __aeabi_dadd                             0x080046e5   Thumb Code     0  daddsub_clz.o(x$fpl$dadd)
    _dadd                                    0x080046e5   Thumb Code   332  daddsub_clz.o(x$fpl$dadd)
    __fpl_dcmp_Inf                           0x08004835   Thumb Code    24  dcmpi.o(x$fpl$dcmpinf)
    __aeabi_ddiv                             0x0800484d   Thumb Code     0  ddiv.o(x$fpl$ddiv)
    _ddiv                                    0x0800484d   Thumb Code   552  ddiv.o(x$fpl$ddiv)
    __aeabi_d2iz                             0x08004afd   Thumb Code     0  dfix.o(x$fpl$dfix)
    _dfix                                    0x08004afd   Thumb Code    94  dfix.o(x$fpl$dfix)
    __aeabi_cdcmple                          0x08004b5d   Thumb Code     0  dleqf.o(x$fpl$dleqf)
    _dcmple                                  0x08004b5d   Thumb Code   120  dleqf.o(x$fpl$dleqf)
    __fpl_dcmple_InfNaN                      0x08004bbf   Thumb Code     0  dleqf.o(x$fpl$dleqf)
    __aeabi_dmul                             0x08004bd5   Thumb Code     0  dmul.o(x$fpl$dmul)
    _dmul                                    0x08004bd5   Thumb Code   332  dmul.o(x$fpl$dmul)
    __fpl_dnaninf                            0x08004d29   Thumb Code   156  dnaninf.o(x$fpl$dnaninf)
    __fpl_dretinf                            0x08004dc5   Thumb Code    12  dretinf.o(x$fpl$dretinf)
    __aeabi_cdrcmple                         0x08004dd1   Thumb Code     0  drleqf.o(x$fpl$drleqf)
    _drcmple                                 0x08004dd1   Thumb Code   108  drleqf.o(x$fpl$drleqf)
    _drnd                                    0x08004e3d   Thumb Code   180  drnd.o(x$fpl$drnd)
    __aeabi_dsub                             0x08004ef1   Thumb Code     0  daddsub_clz.o(x$fpl$dsub)
    _dsub                                    0x08004ef1   Thumb Code   464  daddsub_clz.o(x$fpl$dsub)
    __aeabi_f2d                              0x080050c5   Thumb Code     0  f2d.o(x$fpl$f2d)
    _f2d                                     0x080050c5   Thumb Code    86  f2d.o(x$fpl$f2d)
    __aeabi_fadd                             0x0800511d   Thumb Code     0  faddsub_clz.o(x$fpl$fadd)
    _fadd                                    0x0800511d   Thumb Code   196  faddsub_clz.o(x$fpl$fadd)
    __fpl_fcmp_Inf                           0x080051e1   Thumb Code    24  fcmpi.o(x$fpl$fcmpinf)
    __aeabi_cfcmpeq                          0x080051f9   Thumb Code     0  feqf.o(x$fpl$feqf)
    _fcmpeq                                  0x080051f9   Thumb Code   104  feqf.o(x$fpl$feqf)
    __aeabi_i2f                              0x08005261   Thumb Code     0  fflt_clz.o(x$fpl$fflt)
    _fflt                                    0x08005261   Thumb Code    48  fflt_clz.o(x$fpl$fflt)
    __fpl_fnaninf                            0x08005291   Thumb Code   140  fnaninf.o(x$fpl$fnaninf)
    __fpl_fretinf                            0x0800531d   Thumb Code    10  fretinf.o(x$fpl$fretinf)
    __aeabi_fsub                             0x08005329   Thumb Code     0  faddsub_clz.o(x$fpl$fsub)
    _fsub                                    0x08005329   Thumb Code   234  faddsub_clz.o(x$fpl$fsub)
    __I$use$fp                               0x08005412   Number         0  usenofp.o(x$fpl$usenofp)
    ziku                                     0x08005412   Data        3822  lcd.o(.constdata)
    logo                                     0x08006300   Data         540  lcd.o(.constdata)
    zikularge                                0x0800651c   Data       23258  lcd.o(.constdata)
    Region$$Table$$Base                      0x0800bff8   Number         0  anon$$obj.o(Region$$Table)
    Region$$Table$$Limit                     0x0800c018   Number         0  anon$$obj.o(Region$$Table)
    SystemCoreClock                          0x20000014   Data           4  system_stm32f10x.o(.data)
    AHBPrescTable                            0x20000018   Data          16  system_stm32f10x.o(.data)
    trahdataave                              0x20000028   Data           4  main.o(.data)
    PvRH                                     0x2000002c   Data           2  main.o(.data)
    PvTe                                     0x2000002e   Data           2  main.o(.data)
    SvTe                                     0x20000030   Data           2  main.o(.data)
    PvCO2                                    0x20000032   Data           2  main.o(.data)
    SvCO2                                    0x20000034   Data           2  main.o(.data)
    PSvTe                                    0x20000036   Data           2  main.o(.data)
    PSVCO2value                              0x20000038   Data           2  main.o(.data)
    Tflag                                    0x2000003a   Data           1  main.o(.data)
    Oflag                                    0x2000003b   Data           1  main.o(.data)
    touchcase                                0x2000003c   Data           1  main.o(.data)
    Startflag                                0x2000003d   Data           1  main.o(.data)
    Confirmflag                              0x2000003e   Data           1  main.o(.data)
    PAGEflag                                 0x2000003f   Data           1  main.o(.data)
    ss                                       0x20000040   Data           6  main.o(.data)
    getdataflag                              0x20000046   Data           1  main.o(.data)
    lcdBG                                    0x20000047   Data           1  main.o(.data)
    lcdBG_timecount                          0x20000048   Data           1  main.o(.data)
    onoff_flag                               0x20000049   Data           1  main.o(.data)
    clearflag                                0x2000004a   Data           1  main.o(.data)
    send_flag                                0x2000004b   Data           1  main.o(.data)
    timcount                                 0x2000004c   Data           1  main.o(.data)
    GPIO_InitStruct                          0x2000004e   Data           4  main.o(.data)
    PCO2value                                0x20000054   Data           4  main.o(.data)
    PCO2valueO                               0x20000058   Data           4  main.o(.data)
    IC1valueav                               0x2000005c   Data           4  main.o(.data)
    IC2valueav                               0x20000060   Data           4  main.o(.data)
    IC1sumvaluesum                           0x20000064   Data           4  main.o(.data)
    IC2sumvaluesum                           0x20000068   Data           4  main.o(.data)
    cnti                                     0x2000006c   Data           1  main.o(.data)
    i                                        0x2000006d   Data           1  main.o(.data)
    pageFinish                               0x2000006e   Data           1  main.o(.data)
    Cntnum                                   0x20000071   Data           1  stm32f10x_it.o(.data)
    Send_read                                0x20000072   Data          24  stm32f10x_it.o(.data)
    Send_set                                 0x2000008a   Data          24  stm32f10x_it.o(.data)
    Send_start                               0x200000a2   Data          24  stm32f10x_it.o(.data)
    Send_stop                                0x200000ba   Data          24  stm32f10x_it.o(.data)
    Send_Emstart                             0x200000d2   Data          24  stm32f10x_it.o(.data)
    Send_Emstop                              0x200000ea   Data          24  stm32f10x_it.o(.data)
    buffercnt0                               0x20000102   Data           1  stm32f10x_it.o(.data)
    TDorD1                                   0x20000103   Data           1  stm32f10x_it.o(.data)
    TDorD2                                   0x20000104   Data           1  stm32f10x_it.o(.data)
    pageflag0                                0x20000105   Data           1  stm32f10x_it.o(.data)
    return_flag                              0x20000106   Data           1  stm32f10x_it.o(.data)
    kflag0                                   0x20000107   Data           1  stm32f10x_it.o(.data)
    timer1flag                               0x20000108   Data           1  stm32f10x_it.o(.data)
    nCount                                   0x20000109   Data           1  stm32f10x_it.o(.data)
    mCount                                   0x2000010a   Data           1  stm32f10x_it.o(.data)
    indata_type                              0x2000010b   Data           1  stm32f10x_it.o(.data)
    format                                   0x2000010c   Data           1  stm32f10x_it.o(.data)
    Uart2_SendBuffSize                       0x20000110   Data           4  stm32f10x_it.o(.data)
    cntValue                                 0x20000114   Data           4  stm32f10x_it.o(.data)
    IC2Value                                 0x20000118   Data           4  stm32f10x_it.o(.data)
    IC1Value                                 0x2000011c   Data           4  stm32f10x_it.o(.data)
    co2flag                                  0x20000120   Data           1  stm32f10x_it.o(.data)
    colcnt                                   0x20000121   Data           1  stm32f10x_it.o(.data)
    Capflag                                  0x20000122   Data           1  stm32f10x_it.o(.data)
    frm                                      0x20000123   Data           5  stm32f10x_it.o(.data)
    disfrm                                   0x20000128   Data           3  stm32f10x_it.o(.data)
    paraF                                    0x2000012c   Data         760  lcd.o(.data)
    tp_pixad                                 0x20000424   Data           4  touch.o(.data)
    tp_pixlcd                                0x20000428   Data           4  touch.o(.data)
    tdata                                    0x2000042c   Data           4  dht11.o(.data)
    sbuf                                     0x20000430   Data           1  dht11.o(.data)
    check                                    0x20000431   Data           1  dht11.o(.data)
    trahdatabuffer                           0x20000434   Data         240  main.o(.bss)
    trahdatasum                              0x20000524   Data          16  main.o(.bss)
    IC1sum                                   0x20000534   Data          80  main.o(.bss)
    IC2sum                                   0x20000584   Data          80  main.o(.bss)
    usart2_buff                              0x200005d4   Data          24  stm32f10x_it.o(.bss)
    usart_r_buff                             0x200005ec   Data          24  stm32f10x_it.o(.bss)
    usart1_buff                              0x20000604   Data          96  stm32f10x_it.o(.bss)
    __libspace_start                         0x20000664   Data          96  libspace.o(.bss)
    __temporary_stack_top$libspace           0x200006c4   Data           0  libspace.o(.bss)



==============================================================================

Memory Map of the image

  Image Entry point : 0x08000131

  Load Region LR_IROM1 (Base: 0x08000000, Size: 0x0000c44c, Max: 0x00080000, ABSOLUTE, COMPRESSED[0x0000c21c])

    Execution Region ER_IROM1 (Exec base: 0x08000000, Load base: 0x08000000, Size: 0x0000c018, Max: 0x00080000, ABSOLUTE)

    Exec Addr    Load Addr    Size         Type   Attr      Idx    E Section Name        Object

    0x08000000   0x08000000   0x00000130   Data   RO            3    RESET               startup_stm32f10x_hd.o
    0x08000130   0x08000130   0x00000008   Code   RO          422  * !!!main             c_w.l(__main.o)
    0x08000138   0x08000138   0x00000034   Code   RO          636    !!!scatter          c_w.l(__scatter.o)
    0x0800016c   0x0800016c   0x0000005a   Code   RO          634    !!dczerorl2         c_w.l(__dczerorl2.o)
    0x080001c6   0x080001c6   0x00000002   PAD
    0x080001c8   0x080001c8   0x0000001c   Code   RO          638    !!handler_zi        c_w.l(__scatter_zi.o)
    0x080001e4   0x080001e4   0x00000002   Code   RO          504    .ARM.Collect$$libinit$$00000000  c_w.l(libinit.o)
    0x080001e6   0x080001e6   0x00000000   Code   RO          511    .ARM.Collect$$libinit$$00000002  c_w.l(libinit2.o)
    0x080001e6   0x080001e6   0x00000000   Code   RO          513    .ARM.Collect$$libinit$$00000004  c_w.l(libinit2.o)
    0x080001e6   0x080001e6   0x00000000   Code   RO          516    .ARM.Collect$$libinit$$0000000A  c_w.l(libinit2.o)
    0x080001e6   0x080001e6   0x00000000   Code   RO          518    .ARM.Collect$$libinit$$0000000C  c_w.l(libinit2.o)
    0x080001e6   0x080001e6   0x00000000   Code   RO          520    .ARM.Collect$$libinit$$0000000E  c_w.l(libinit2.o)
    0x080001e6   0x080001e6   0x00000000   Code   RO          523    .ARM.Collect$$libinit$$00000011  c_w.l(libinit2.o)
    0x080001e6   0x080001e6   0x00000000   Code   RO          525    .ARM.Collect$$libinit$$00000013  c_w.l(libinit2.o)
    0x080001e6   0x080001e6   0x00000000   Code   RO          527    .ARM.Collect$$libinit$$00000015  c_w.l(libinit2.o)
    0x080001e6   0x080001e6   0x00000000   Code   RO          529    .ARM.Collect$$libinit$$00000017  c_w.l(libinit2.o)
    0x080001e6   0x080001e6   0x00000000   Code   RO          531    .ARM.Collect$$libinit$$00000019  c_w.l(libinit2.o)
    0x080001e6   0x080001e6   0x00000000   Code   RO          533    .ARM.Collect$$libinit$$0000001B  c_w.l(libinit2.o)
    0x080001e6   0x080001e6   0x00000000   Code   RO          535    .ARM.Collect$$libinit$$0000001D  c_w.l(libinit2.o)
    0x080001e6   0x080001e6   0x00000000   Code   RO          537    .ARM.Collect$$libinit$$0000001F  c_w.l(libinit2.o)
    0x080001e6   0x080001e6   0x00000000   Code   RO          539    .ARM.Collect$$libinit$$00000021  c_w.l(libinit2.o)
    0x080001e6   0x080001e6   0x00000000   Code   RO          541    .ARM.Collect$$libinit$$00000023  c_w.l(libinit2.o)
    0x080001e6   0x080001e6   0x00000000   Code   RO          543    .ARM.Collect$$libinit$$00000025  c_w.l(libinit2.o)
    0x080001e6   0x080001e6   0x00000000   Code   RO          547    .ARM.Collect$$libinit$$0000002C  c_w.l(libinit2.o)
    0x080001e6   0x080001e6   0x00000000   Code   RO          549    .ARM.Collect$$libinit$$0000002E  c_w.l(libinit2.o)
    0x080001e6   0x080001e6   0x00000000   Code   RO          551    .ARM.Collect$$libinit$$00000030  c_w.l(libinit2.o)
    0x080001e6   0x080001e6   0x00000000   Code   RO          553    .ARM.Collect$$libinit$$00000032  c_w.l(libinit2.o)
    0x080001e6   0x080001e6   0x00000002   Code   RO          554    .ARM.Collect$$libinit$$00000033  c_w.l(libinit2.o)
    0x080001e8   0x080001e8   0x00000002   Code   RO          574    .ARM.Collect$$libshutdown$$00000000  c_w.l(libshutdown.o)
    0x080001ea   0x080001ea   0x00000000   Code   RO          587    .ARM.Collect$$libshutdown$$00000002  c_w.l(libshutdown2.o)
    0x080001ea   0x080001ea   0x00000000   Code   RO          589    .ARM.Collect$$libshutdown$$00000004  c_w.l(libshutdown2.o)
    0x080001ea   0x080001ea   0x00000000   Code   RO          592    .ARM.Collect$$libshutdown$$00000007  c_w.l(libshutdown2.o)
    0x080001ea   0x080001ea   0x00000000   Code   RO          595    .ARM.Collect$$libshutdown$$0000000A  c_w.l(libshutdown2.o)
    0x080001ea   0x080001ea   0x00000000   Code   RO          597    .ARM.Collect$$libshutdown$$0000000C  c_w.l(libshutdown2.o)
    0x080001ea   0x080001ea   0x00000000   Code   RO          600    .ARM.Collect$$libshutdown$$0000000F  c_w.l(libshutdown2.o)
    0x080001ea   0x080001ea   0x00000002   Code   RO          601    .ARM.Collect$$libshutdown$$00000010  c_w.l(libshutdown2.o)
    0x080001ec   0x080001ec   0x00000000   Code   RO          462    .ARM.Collect$$rtentry$$00000000  c_w.l(__rtentry.o)
    0x080001ec   0x080001ec   0x00000000   Code   RO          479    .ARM.Collect$$rtentry$$00000002  c_w.l(__rtentry2.o)
    0x080001ec   0x080001ec   0x00000006   Code   RO          491    .ARM.Collect$$rtentry$$00000004  c_w.l(__rtentry4.o)
    0x080001f2   0x080001f2   0x00000000   Code   RO          481    .ARM.Collect$$rtentry$$00000009  c_w.l(__rtentry2.o)
    0x080001f2   0x080001f2   0x00000004   Code   RO          482    .ARM.Collect$$rtentry$$0000000A  c_w.l(__rtentry2.o)
    0x080001f6   0x080001f6   0x00000000   Code   RO          484    .ARM.Collect$$rtentry$$0000000C  c_w.l(__rtentry2.o)
    0x080001f6   0x080001f6   0x00000008   Code   RO          485    .ARM.Collect$$rtentry$$0000000D  c_w.l(__rtentry2.o)
    0x080001fe   0x080001fe   0x00000002   Code   RO          508    .ARM.Collect$$rtexit$$00000000  c_w.l(rtexit.o)
    0x08000200   0x08000200   0x00000000   Code   RO          556    .ARM.Collect$$rtexit$$00000002  c_w.l(rtexit2.o)
    0x08000200   0x08000200   0x00000004   Code   RO          557    .ARM.Collect$$rtexit$$00000003  c_w.l(rtexit2.o)
    0x08000204   0x08000204   0x00000006   Code   RO          558    .ARM.Collect$$rtexit$$00000004  c_w.l(rtexit2.o)
    0x0800020a   0x0800020a   0x00000002   PAD
    0x0800020c   0x0800020c   0x00000040   Code   RO            4    .text               startup_stm32f10x_hd.o
    0x0800024c   0x0800024c   0x0000035c   Code   RO           10    .text               stm32f10x_gpio.o
    0x080005a8   0x080005a8   0x000003a4   Code   RO          109    .text               stm32f10x_rcc.o
    0x0800094c   0x0800094c   0x00000e1a   Code   RO          123    .text               stm32f10x_tim.o
    0x08001766   0x08001766   0x00000002   PAD
    0x08001768   0x08001768   0x00000408   Code   RO          135    .text               stm32f10x_usart.o
    0x08001b70   0x08001b70   0x000000dc   Code   RO          147    .text               misc.o
    0x08001c4c   0x08001c4c   0x0000060c   Code   RO          159    .text               stm32f10x_fsmc.o
    0x08002258   0x08002258   0x00000040   Code   RO          171    .text               stm32f10x_iwdg.o
    0x08002298   0x08002298   0x000001e0   Code   RO          193    .text               system_stm32f10x.o
    0x08002478   0x08002478   0x000005dc   Code   RO          211    .text               main.o
    0x08002a54   0x08002a54   0x00000338   Code   RO          274    .text               stm32f10_timer.o
    0x08002d8c   0x08002d8c   0x00000270   Code   RO          286    .text               stm32f10_usart.o
    0x08002ffc   0x08002ffc   0x000004d0   Code   RO          298    .text               stm32f10x_it.o
    0x080034cc   0x080034cc   0x0000084e   Code   RO          325    .text               lcd.o
    0x08003d1a   0x08003d1a   0x00000002   PAD
    0x08003d1c   0x08003d1c   0x0000028c   Code   RO          350    .text               ui.o
    0x08003fa8   0x08003fa8   0x000004e0   Code   RO          370    .text               touch.o
    0x08004488   0x08004488   0x00000178   Code   RO          400    .text               dht11.o
    0x08004600   0x08004600   0x00000006   Code   RO          420    .text               c_w.l(heapauxi.o)
    0x08004606   0x08004606   0x0000004a   Code   RO          495    .text               c_w.l(sys_stackheap_outer.o)
    0x08004650   0x08004650   0x00000012   Code   RO          497    .text               c_w.l(exit.o)
    0x08004662   0x08004662   0x00000002   PAD
    0x08004664   0x08004664   0x00000008   Code   RO          505    .text               c_w.l(libspace.o)
    0x0800466c   0x0800466c   0x0000000c   Code   RO          566    .text               c_w.l(sys_exit.o)
    0x08004678   0x08004678   0x00000002   Code   RO          577    .text               c_w.l(use_no_semi.o)
    0x0800467a   0x0800467a   0x00000000   Code   RO          579    .text               c_w.l(indicate_semi.o)
    0x0800467a   0x0800467a   0x00000004   Code   RO          460    i.rint              m_ws.l(rint.o)
    0x0800467e   0x0800467e   0x00000002   PAD
    0x08004680   0x08004680   0x00000062   Code   RO          424    x$fpl$d2f           fz_ws.l(d2f.o)
    0x080046e2   0x080046e2   0x00000002   PAD
    0x080046e4   0x080046e4   0x00000150   Code   RO          426    x$fpl$dadd          fz_ws.l(daddsub_clz.o)
    0x08004834   0x08004834   0x00000018   Code   RO          493    x$fpl$dcmpinf       fz_ws.l(dcmpi.o)
    0x0800484c   0x0800484c   0x000002b0   Code   RO          433    x$fpl$ddiv          fz_ws.l(ddiv.o)
    0x08004afc   0x08004afc   0x0000005e   Code   RO          436    x$fpl$dfix          fz_ws.l(dfix.o)
    0x08004b5a   0x08004b5a   0x00000002   PAD
    0x08004b5c   0x08004b5c   0x00000078   Code   RO          463    x$fpl$dleqf         fz_ws.l(dleqf.o)
    0x08004bd4   0x08004bd4   0x00000154   Code   RO          440    x$fpl$dmul          fz_ws.l(dmul.o)
    0x08004d28   0x08004d28   0x0000009c   Code   RO          465    x$fpl$dnaninf       fz_ws.l(dnaninf.o)
    0x08004dc4   0x08004dc4   0x0000000c   Code   RO          467    x$fpl$dretinf       fz_ws.l(dretinf.o)
    0x08004dd0   0x08004dd0   0x0000006c   Code   RO          442    x$fpl$drleqf        fz_ws.l(drleqf.o)
    0x08004e3c   0x08004e3c   0x000000b4   Code   RO          469    x$fpl$drnd          fz_ws.l(drnd.o)
    0x08004ef0   0x08004ef0   0x000001d4   Code   RO          428    x$fpl$dsub          fz_ws.l(daddsub_clz.o)
    0x080050c4   0x080050c4   0x00000056   Code   RO          444    x$fpl$f2d           fz_ws.l(f2d.o)
    0x0800511a   0x0800511a   0x00000002   PAD
    0x0800511c   0x0800511c   0x000000c4   Code   RO          446    x$fpl$fadd          fz_ws.l(faddsub_clz.o)
    0x080051e0   0x080051e0   0x00000018   Code   RO          471    x$fpl$fcmpinf       fz_ws.l(fcmpi.o)
    0x080051f8   0x080051f8   0x00000068   Code   RO          452    x$fpl$feqf          fz_ws.l(feqf.o)
    0x08005260   0x08005260   0x00000030   Code   RO          455    x$fpl$fflt          fz_ws.l(fflt_clz.o)
    0x08005290   0x08005290   0x0000008c   Code   RO          473    x$fpl$fnaninf       fz_ws.l(fnaninf.o)
    0x0800531c   0x0800531c   0x0000000a   Code   RO          475    x$fpl$fretinf       fz_ws.l(fretinf.o)
    0x08005326   0x08005326   0x00000002   PAD
    0x08005328   0x08005328   0x000000ea   Code   RO          448    x$fpl$fsub          fz_ws.l(faddsub_clz.o)
    0x08005412   0x08005412   0x00000000   Code   RO          477    x$fpl$usenofp       fz_ws.l(usenofp.o)
    0x08005412   0x08005412   0x00006be4   Data   RO          326    .constdata          lcd.o
    0x0800bff6   0x0800bff6   0x00000002   PAD
    0x0800bff8   0x0800bff8   0x00000020   Data   RO          632    Region$$Table       anon$$obj.o


    Execution Region RW_IRAM1 (Exec base: 0x20000000, Load base: 0x0800c018, Size: 0x00000cc8, Max: 0x00010000, ABSOLUTE, COMPRESSED[0x00000204])

    Exec Addr    Load Addr    Size         Type   Attr      Idx    E Section Name        Object

    0x20000000   COMPRESSED   0x00000014   Data   RW          110    .data               stm32f10x_rcc.o
    0x20000014   COMPRESSED   0x00000014   Data   RW          194    .data               system_stm32f10x.o
    0x20000028   COMPRESSED   0x00000047   Data   RW          213    .data               main.o
    0x2000006f   COMPRESSED   0x00000001   PAD
    0x20000070   COMPRESSED   0x000000bb   Data   RW          300    .data               stm32f10x_it.o
    0x2000012b   COMPRESSED   0x00000001   PAD
    0x2000012c   COMPRESSED   0x000002f8   Data   RW          327    .data               lcd.o
    0x20000424   COMPRESSED   0x00000008   Data   RW          371    .data               touch.o
    0x2000042c   COMPRESSED   0x00000006   Data   RW          401    .data               dht11.o
    0x20000432   COMPRESSED   0x00000002   PAD
    0x20000434        -       0x000001a0   Zero   RW          212    .bss                main.o
    0x200005d4        -       0x00000090   Zero   RW          299    .bss                stm32f10x_it.o
    0x20000664        -       0x00000060   Zero   RW          506    .bss                c_w.l(libspace.o)
    0x200006c4   COMPRESSED   0x00000004   PAD
    0x200006c8        -       0x00000200   Zero   RW            2    HEAP                startup_stm32f10x_hd.o
    0x200008c8        -       0x00000400   Zero   RW            1    STACK               startup_stm32f10x_hd.o


==============================================================================

Image component sizes


      Code (inc. data)   RO Data    RW Data    ZI Data      Debug   Object Name

       376         24          0          6          0       2113   dht11.o
      2126         36      27620        760          0       7380   lcd.o
      1500        178          0         71        416       5727   main.o
       220         22          0          0          0       1869   misc.o
        64         26        304          0       1536        884   startup_stm32f10x_hd.o
       824         30          0          0          0       2798   stm32f10_timer.o
       624         12          0          0          0       2150   stm32f10_usart.o
      1548         18          0          0          0       5455   stm32f10x_fsmc.o
       860         38          0          0          0     267073   stm32f10x_gpio.o
      1232        134          0        187        144       6877   stm32f10x_it.o
        64          6          0          0          0       1321   stm32f10x_iwdg.o
       932         36          0         20          0       9036   stm32f10x_rcc.o
      3610         88          0          0          0      22916   stm32f10x_tim.o
      1032         22          0          0          0       8528   stm32f10x_usart.o
       480         38          0         20          0       2099   system_stm32f10x.o
      1248         24          0          8          0       4296   touch.o
       652         56          0          0          0        978   ui.o

    ----------------------------------------------------------------------
     17396        788      27958       1076       2096     351500   Object Totals
         0          0         32          0          0          0   (incl. Generated)
         4          0          2          4          0          0   (incl. Padding)

    ----------------------------------------------------------------------

      Code (inc. data)   RO Data    RW Data    ZI Data      Debug   Library Member Name

        90          0          0          0          0          0   __dczerorl2.o
         8          0          0          0          0         68   __main.o
         0          0          0          0          0          0   __rtentry.o
        12          0          0          0          0          0   __rtentry2.o
         6          0          0          0          0          0   __rtentry4.o
        52          8          0          0          0          0   __scatter.o
        28          0          0          0          0          0   __scatter_zi.o
        18          0          0          0          0         80   exit.o
         6          0          0          0          0        152   heapauxi.o
         0          0          0          0          0          0   indicate_semi.o
         2          0          0          0          0          0   libinit.o
         2          0          0          0          0          0   libinit2.o
         2          0          0          0          0          0   libshutdown.o
         2          0          0          0          0          0   libshutdown2.o
         8          4          0          0         96         68   libspace.o
         2          0          0          0          0          0   rtexit.o
        10          0          0          0          0          0   rtexit2.o
        12          4          0          0          0         68   sys_exit.o
        74          0          0          0          0         80   sys_stackheap_outer.o
         2          0          0          0          0         68   use_no_semi.o
        98          4          0          0          0         92   d2f.o
       804         16          0          0          0        272   daddsub_clz.o
        24          0          0          0          0         68   dcmpi.o
       688        140          0          0          0        208   ddiv.o
        94          4          0          0          0         92   dfix.o
       120          4          0          0          0         92   dleqf.o
       340         12          0          0          0        104   dmul.o
       156          4          0          0          0         92   dnaninf.o
        12          0          0          0          0         68   dretinf.o
       108          0          0          0          0         80   drleqf.o
       180          4          0          0          0         80   drnd.o
        86          4          0          0          0         84   f2d.o
       430          8          0          0          0        168   faddsub_clz.o
        24          0          0          0          0         68   fcmpi.o
       104          4          0          0          0         84   feqf.o
        48          0          0          0          0         68   fflt_clz.o
       140          4          0          0          0         84   fnaninf.o
        10          0          0          0          0         68   fretinf.o
         0          0          0          0          0          0   usenofp.o
         4          0          0          0          0         68   rint.o

    ----------------------------------------------------------------------
      3822        224          0          0        100       2524   Library Totals
        16          0          0          0          4          0   (incl. Padding)

    ----------------------------------------------------------------------

      Code (inc. data)   RO Data    RW Data    ZI Data      Debug   Library Name

       336         16          0          0         96        584   c_w.l
      3466        208          0          0          0       1872   fz_ws.l
         4          0          0          0          0         68   m_ws.l

    ----------------------------------------------------------------------
      3822        224          0          0        100       2524   Library Totals

    ----------------------------------------------------------------------

==============================================================================


      Code (inc. data)   RO Data    RW Data    ZI Data      Debug   

     21218       1012      27958       1076       2196     351264   Grand Totals
     21218       1012      27958        516       2196     351264   ELF Image Totals (compressed)
     21218       1012      27958        516          0          0   ROM Totals

==============================================================================

    Total RO  Size (Code + RO Data)                49176 (  48.02kB)
    Total RW  Size (RW Data + ZI Data)              3272 (   3.20kB)
    Total ROM Size (Code + RO Data + RW Data)      49692 (  48.53kB)

==============================================================================

