Component: ARM Compiler 5.06 update 5 (build 528) Tool: armlink [4d35e2]

==============================================================================

Section Cross References

    system_stm32f10x.o(i.SetSysClock) refers to system_stm32f10x.o(i.SetSysClockTo72) for SetSysClockTo72
    system_stm32f10x.o(i.SystemCoreClockUpdate) refers to system_stm32f10x.o(.data) for SystemCoreClock
    system_stm32f10x.o(i.SystemInit) refers to system_stm32f10x.o(i.SetSysClock) for SetSysClock
    stm32f10x_gpio.o(i.GPIO_AFIODeInit) refers to stm32f10x_rcc.o(i.RCC_APB2PeriphResetCmd) for RCC_APB2PeriphResetCmd
    stm32f10x_gpio.o(i.GPIO_DeInit) refers to stm32f10x_rcc.o(i.RCC_APB2PeriphResetCmd) for RCC_APB2PeriphResetCmd
    stm32f10x_i2c.o(i.I2C_DeInit) refers to stm32f10x_rcc.o(i.RCC_APB1PeriphResetCmd) for RCC_APB1PeriphResetCmd
    stm32f10x_i2c.o(i.I2C_Init) refers to stm32f10x_rcc.o(i.RCC_GetClocksFreq) for RCC_GetClocksFreq
    stm32f10x_rcc.o(i.RCC_GetClocksFreq) refers to stm32f10x_rcc.o(.data) for APBAHBPrescTable
    stm32f10x_rcc.o(i.RCC_WaitForHSEStartUp) refers to stm32f10x_rcc.o(i.RCC_GetFlagStatus) for RCC_GetFlagStatus
    stm32f10x_tim.o(i.TIM_DeInit) refers to stm32f10x_rcc.o(i.RCC_APB2PeriphResetCmd) for RCC_APB2PeriphResetCmd
    stm32f10x_tim.o(i.TIM_DeInit) refers to stm32f10x_rcc.o(i.RCC_APB1PeriphResetCmd) for RCC_APB1PeriphResetCmd
    stm32f10x_tim.o(i.TIM_ETRClockMode1Config) refers to stm32f10x_tim.o(i.TIM_ETRConfig) for TIM_ETRConfig
    stm32f10x_tim.o(i.TIM_ETRClockMode2Config) refers to stm32f10x_tim.o(i.TIM_ETRConfig) for TIM_ETRConfig
    stm32f10x_tim.o(i.TIM_ICInit) refers to stm32f10x_tim.o(i.TI1_Config) for TI1_Config
    stm32f10x_tim.o(i.TIM_ICInit) refers to stm32f10x_tim.o(i.TIM_SetIC1Prescaler) for TIM_SetIC1Prescaler
    stm32f10x_tim.o(i.TIM_ICInit) refers to stm32f10x_tim.o(i.TI2_Config) for TI2_Config
    stm32f10x_tim.o(i.TIM_ICInit) refers to stm32f10x_tim.o(i.TIM_SetIC2Prescaler) for TIM_SetIC2Prescaler
    stm32f10x_tim.o(i.TIM_ICInit) refers to stm32f10x_tim.o(i.TI3_Config) for TI3_Config
    stm32f10x_tim.o(i.TIM_ICInit) refers to stm32f10x_tim.o(i.TIM_SetIC3Prescaler) for TIM_SetIC3Prescaler
    stm32f10x_tim.o(i.TIM_ICInit) refers to stm32f10x_tim.o(i.TI4_Config) for TI4_Config
    stm32f10x_tim.o(i.TIM_ICInit) refers to stm32f10x_tim.o(i.TIM_SetIC4Prescaler) for TIM_SetIC4Prescaler
    stm32f10x_tim.o(i.TIM_ITRxExternalClockConfig) refers to stm32f10x_tim.o(i.TIM_SelectInputTrigger) for TIM_SelectInputTrigger
    stm32f10x_tim.o(i.TIM_PWMIConfig) refers to stm32f10x_tim.o(i.TI1_Config) for TI1_Config
    stm32f10x_tim.o(i.TIM_PWMIConfig) refers to stm32f10x_tim.o(i.TIM_SetIC1Prescaler) for TIM_SetIC1Prescaler
    stm32f10x_tim.o(i.TIM_PWMIConfig) refers to stm32f10x_tim.o(i.TI2_Config) for TI2_Config
    stm32f10x_tim.o(i.TIM_PWMIConfig) refers to stm32f10x_tim.o(i.TIM_SetIC2Prescaler) for TIM_SetIC2Prescaler
    stm32f10x_tim.o(i.TIM_TIxExternalClockConfig) refers to stm32f10x_tim.o(i.TI2_Config) for TI2_Config
    stm32f10x_tim.o(i.TIM_TIxExternalClockConfig) refers to stm32f10x_tim.o(i.TI1_Config) for TI1_Config
    stm32f10x_tim.o(i.TIM_TIxExternalClockConfig) refers to stm32f10x_tim.o(i.TIM_SelectInputTrigger) for TIM_SelectInputTrigger
    stm32f10x_usart.o(i.USART_DeInit) refers to stm32f10x_rcc.o(i.RCC_APB2PeriphResetCmd) for RCC_APB2PeriphResetCmd
    stm32f10x_usart.o(i.USART_DeInit) refers to stm32f10x_rcc.o(i.RCC_APB1PeriphResetCmd) for RCC_APB1PeriphResetCmd
    stm32f10x_usart.o(i.USART_Init) refers to stm32f10x_rcc.o(i.RCC_GetClocksFreq) for RCC_GetClocksFreq
    stm32f10x_flash.o(i.FLASH_EnableWriteProtection) refers to stm32f10x_flash.o(i.FLASH_WaitForLastOperation) for FLASH_WaitForLastOperation
    stm32f10x_flash.o(i.FLASH_EraseAllBank1Pages) refers to stm32f10x_flash.o(i.FLASH_WaitForLastBank1Operation) for FLASH_WaitForLastBank1Operation
    stm32f10x_flash.o(i.FLASH_EraseAllPages) refers to stm32f10x_flash.o(i.FLASH_WaitForLastOperation) for FLASH_WaitForLastOperation
    stm32f10x_flash.o(i.FLASH_EraseOptionBytes) refers to stm32f10x_flash.o(i.FLASH_GetReadOutProtectionStatus) for FLASH_GetReadOutProtectionStatus
    stm32f10x_flash.o(i.FLASH_EraseOptionBytes) refers to stm32f10x_flash.o(i.FLASH_WaitForLastOperation) for FLASH_WaitForLastOperation
    stm32f10x_flash.o(i.FLASH_ErasePage) refers to stm32f10x_flash.o(i.FLASH_WaitForLastOperation) for FLASH_WaitForLastOperation
    stm32f10x_flash.o(i.FLASH_ProgramHalfWord) refers to stm32f10x_flash.o(i.FLASH_WaitForLastOperation) for FLASH_WaitForLastOperation
    stm32f10x_flash.o(i.FLASH_ProgramOptionByteData) refers to stm32f10x_flash.o(i.FLASH_WaitForLastOperation) for FLASH_WaitForLastOperation
    stm32f10x_flash.o(i.FLASH_ProgramWord) refers to stm32f10x_flash.o(i.FLASH_WaitForLastOperation) for FLASH_WaitForLastOperation
    stm32f10x_flash.o(i.FLASH_ReadOutProtection) refers to stm32f10x_flash.o(i.FLASH_WaitForLastOperation) for FLASH_WaitForLastOperation
[...]
    i.RCC_PLLConfig                          0x08001ab0   Section        0  stm32f10x_rcc.o(i.RCC_PLLConfig)
    i.RCC_SYSCLKConfig                       0x08001acc   Section        0  stm32f10x_rcc.o(i.RCC_SYSCLKConfig)
    i.RCC_WaitForHSEStartUp                  0x08001ae4   Section        0  stm32f10x_rcc.o(i.RCC_WaitForHSEStartUp)
    i.RS485_SendData                         0x08001b1c   Section        0  modbus.o(i.RS485_SendData)
    i.RS485_Service                          0x08001b64   Section        0  modbus.o(i.RS485_Service)
    i.RTD_allchannels                        0x08001cdc   Section        0  rtd.o(i.RTD_allchannels)
    i.RTD_init                               0x08001d58   Section        0  rtd.o(i.RTD_init)
    i.SetSysClock                            0x08001de8   Section        0  system_stm32f10x.o(i.SetSysClock)
    SetSysClock                              0x08001de9   Thumb Code     8  system_stm32f10x.o(i.SetSysClock)
    i.SetSysClockTo72                        0x08001df0   Section        0  system_stm32f10x.o(i.SetSysClockTo72)
    SetSysClockTo72                          0x08001df1   Thumb Code   214  system_stm32f10x.o(i.SetSysClockTo72)
    i.SystemInit                             0x08001ed0   Section        0  system_stm32f10x.o(i.SystemInit)
    i.TIM1_UP_IRQHandler                     0x08001f30   Section        0  stm32_it.o(i.TIM1_UP_IRQHandler)
    i.TIM2_IRQHandler                        0x08001f68   Section        0  stm32_it.o(i.TIM2_IRQHandler)
    i.TIM3_IRQHandler                        0x08001fb8   Section        0  stm32_it.o(i.TIM3_IRQHandler)
    i.TIM4_IRQHandler                        0x08002018   Section        0  stm32_it.o(i.TIM4_IRQHandler)
    i.TIM_ClearFlag                          0x0800206c   Section        0  stm32f10x_tim.o(i.TIM_ClearFlag)
    i.TIM_ClearITPendingBit                  0x08002072   Section        0  stm32f10x_tim.o(i.TIM_ClearITPendingBit)
    i.TIM_Cmd                                0x08002078   Section        0  stm32f10x_tim.o(i.TIM_Cmd)
    i.TIM_DeInit                             0x08002090   Section        0  stm32f10x_tim.o(i.TIM_DeInit)
    i.TIM_GetITStatus                        0x08002278   Section        0  stm32f10x_tim.o(i.TIM_GetITStatus)
    i.TIM_ITConfig                           0x0800229a   Section        0  stm32f10x_tim.o(i.TIM_ITConfig)
    i.TIM_SetCounter                         0x080022ac   Section        0  stm32f10x_tim.o(i.TIM_SetCounter)
    i.TIM_TimeBaseInit                       0x080022b0   Section        0  stm32f10x_tim.o(i.TIM_TimeBaseInit)
    i.TSDataProcess                          0x08002354   Section        0  touchscreen.o(i.TSDataProcess)
    i.TSPacketAnalysis                       0x080023a0   Section        0  touchscreen.o(i.TSPacketAnalysis)
    i.TSSentDataGeneration                   0x080023d0   Section        0  touchscreen.o(i.TSSentDataGeneration)
    i.TSreadPorts                            0x08002460   Section        0  touchscreen.o(i.TSreadPorts)
    i.Tim2Configure                          0x08002554   Section        0  timer.o(i.Tim2Configure)
    i.Tim4Configure                          0x080025a8   Section        0  timer.o(i.Tim4Configure)
    i.Timer1Config                           0x08002600   Section        0  timer.o(i.Timer1Config)
    i.USART1_IRQHandler                      0x08002654   Section        0  stm32_it.o(i.USART1_IRQHandler)
    i.USART2_IRQHandler                      0x080026c4   Section        0  stm32_it.o(i.USART2_IRQHandler)
    i.USART_ClearFlag                        0x0800284c   Section        0  stm32f10x_usart.o(i.USART_ClearFlag)
    i.USART_ClearITPendingBit                0x0800285e   Section        0  stm32f10x_usart.o(i.USART_ClearITPendingBit)
    i.USART_Cmd                              0x0800287c   Section        0  stm32f10x_usart.o(i.USART_Cmd)
    i.USART_DeInit                           0x08002894   Section        0  stm32f10x_usart.o(i.USART_DeInit)
    i.USART_GetFlagStatus                    0x08002930   Section        0  stm32f10x_usart.o(i.USART_GetFlagStatus)
    i.USART_GetITStatus                      0x0800294a   Section        0  stm32f10x_usart.o(i.USART_GetITStatus)
    i.USART_ITConfig                         0x0800299e   Section        0  stm32f10x_usart.o(i.USART_ITConfig)
    i.USART_Init                             0x080029e8   Section        0  stm32f10x_usart.o(i.USART_Init)
    i.USART_ReceiveData                      0x08002ac0   Section        0  stm32f10x_usart.o(i.USART_ReceiveData)
    i.USART_SendData                         0x08002aca   Section        0  stm32f10x_usart.o(i.USART_SendData)
    i.Unoccupanied                           0x08002ad4   Section        0  logic.o(i.Unoccupanied)
    i.Usart2SendData                         0x08002af8   Section        0  usart.o(i.Usart2SendData)
    i.Usart_GPIO_Configuration               0x08002b10   Section        0  usart.o(i.Usart_GPIO_Configuration)
    i.Usart_GetChar                          0x08002ca4   Section        0  usart.o(i.Usart_GetChar)
    i.Usart_Total_Initi                      0x08002cb4   Section        0  usart.o(i.Usart_Total_Initi)
    i.UsendChar                              0x08002cc0   Section        0  usart.o(i.UsendChar)
    i.ValueTran                              0x08002cf0   Section        0  main.o(i.ValueTran)
    i.ValveControl                           0x08002e18   Section        0  globe.o(i.ValveControl)
    i.analog_in_read_write_byte              0x08002ee0   Section        0  adc.o(i.analog_in_read_write_byte)
    i.checkSentData                          0x08002f60   Section        0  protocol.o(i.checkSentData)
    i.dac_read_write_byte                    0x08002f84   Section        0  dac.o(i.dac_read_write_byte)
    i.dac_write                              0x08002ff8   Section        0  dac.o(i.dac_write)
    i.delay_adc                              0x08003040   Section        0  adc.o(i.delay_adc)
    i.delay_rtd                              0x08003052   Section        0  rtd.o(i.delay_rtd)
    i.getAIPhysicalValue                     0x08003068   Section        0  runtimedata.o(i.getAIPhysicalValue)
    i.getAOPhysicalValue                     0x0800307e   Section        0  runtimedata.o(i.getAOPhysicalValue)
    i.getDecHighByte                         0x08003094   Section        0  protocol.o(i.getDecHighByte)
    i.getDecLowByte                          0x080030dc   Section        0  protocol.o(i.getDecLowByte)
    i.getIntHighByte                         0x0800311c   Section        0  protocol.o(i.getIntHighByte)
    i.getIntLowByte                          0x0800314a   Section        0  protocol.o(i.getIntLowByte)
    i.main                                   0x08003170   Section        0  main.o(i.main)
    i.normal                                 0x0800331c   Section        0  main.o(i.normal)
    i.readPID                                0x08003630   Section        0  runtimedata.o(i.readPID)
    i.readPorts                              0x080037c4   Section        0  runtimedata.o(i.readPorts)
    i.rtd_read_write_byte                    0x08003a70   Section        0  rtd.o(i.rtd_read_write_byte)
    i.writePID                               0x08003ae0   Section        0  runtimedata.o(i.writePID)
    i.writePorts                             0x08003d64   Section        0  runtimedata.o(i.writePorts)
    x$fpl$d2f                                0x080040bc   Section       98  d2f.o(x$fpl$d2f)
    x$fpl$dadd                               0x08004120   Section      336  daddsub_clz.o(x$fpl$dadd)
    _dadd1                                   0x08004131   Thumb Code     0  daddsub_clz.o(x$fpl$dadd)
    x$fpl$dcmpinf                            0x08004270   Section       24  dcmpi.o(x$fpl$dcmpinf)
    x$fpl$ddiv                               0x08004288   Section      688  ddiv.o(x$fpl$ddiv)
    ddiv_entry                               0x0800428f   Thumb Code     0  ddiv.o(x$fpl$ddiv)
    x$fpl$dfixu                              0x08004538   Section       90  dfixu.o(x$fpl$dfixu)
    x$fpl$dflt                               0x08004592   Section       46  dflt_clz.o(x$fpl$dflt)
    x$fpl$dfltu                              0x080045c0   Section       38  dflt_clz.o(x$fpl$dfltu)
    x$fpl$dleqf                              0x080045e8   Section      120  dleqf.o(x$fpl$dleqf)
    x$fpl$dmul                               0x08004660   Section      340  dmul.o(x$fpl$dmul)
    x$fpl$dnaninf                            0x080047b4   Section      156  dnaninf.o(x$fpl$dnaninf)
    x$fpl$dretinf                            0x08004850   Section       12  dretinf.o(x$fpl$dretinf)
    x$fpl$drleqf                             0x0800485c   Section      108  drleqf.o(x$fpl$drleqf)
    x$fpl$dsub                               0x080048c8   Section      468  daddsub_clz.o(x$fpl$dsub)
    _dsub1                                   0x080048d9   Thumb Code     0  daddsub_clz.o(x$fpl$dsub)
    x$fpl$f2d                                0x08004a9c   Section       86  f2d.o(x$fpl$f2d)
    x$fpl$fadd                               0x08004af4   Section      196  faddsub_clz.o(x$fpl$fadd)
    _fadd1                                   0x08004b03   Thumb Code     0  faddsub_clz.o(x$fpl$fadd)
    x$fpl$fcmpinf                            0x08004bb8   Section       24  fcmpi.o(x$fpl$fcmpinf)
    x$fpl$fdiv                               0x08004bd0   Section      388  fdiv.o(x$fpl$fdiv)
    _fdiv1                                   0x08004bd1   Thumb Code     0  fdiv.o(x$fpl$fdiv)
    x$fpl$ffix                               0x08004d54   Section       54  ffix.o(x$fpl$ffix)
    x$fpl$ffixu                              0x08004d8c   Section       62  ffixu.o(x$fpl$ffixu)
    x$fpl$ffltu                              0x08004dcc   Section       38  fflt_clz.o(x$fpl$ffltu)
    x$fpl$fleqf                              0x08004df4   Section      104  fleqf.o(x$fpl$fleqf)
    x$fpl$fmul                               0x08004e5c   Section      258  fmul.o(x$fpl$fmul)
    x$fpl$fnaninf                            0x08004f5e   Section      140  fnaninf.o(x$fpl$fnaninf)
    x$fpl$fretinf                            0x08004fea   Section       10  fretinf.o(x$fpl$fretinf)
    x$fpl$frleqf                             0x08004ff4   Section       98  frleqf.o(x$fpl$frleqf)
    x$fpl$frsb                               0x08005056   Section       20  faddsub_clz.o(x$fpl$frsb)
    x$fpl$fsub                               0x0800506c   Section      234  faddsub_clz.o(x$fpl$fsub)
    _fsub1                                   0x0800507b   Thumb Code     0  faddsub_clz.o(x$fpl$fsub)
    .constdata                               0x08005156   Section       12  rtd.o(.constdata)
    x$fpl$usenofp                            0x08005156   Section        0  usenofp.o(x$fpl$usenofp)
    .constdata                               0x08005162   Section      256  modbus.o(.constdata)
    .data                                    0x20000000   Section       20  stm32f10x_rcc.o(.data)
    APBAHBPrescTable                         0x20000000   Data          16  stm32f10x_rcc.o(.data)
    ADCPrescTable                            0x20000010   Data           4  stm32f10x_rcc.o(.data)
    .data                                    0x20000014   Section        4  pid.o(.data)
    .data                                    0x20000018   Section      523  main.o(.data)
    .data                                    0x20000224   Section       12  stm32_it.o(.data)
    ScanTime                                 0x20000224   Data           4  stm32_it.o(.data)
    receivedCount                            0x20000228   Data           4  stm32_it.o(.data)
    ScanTime                                 0x2000022c   Data           4  stm32_it.o(.data)
    .data                                    0x20000230   Section      278  modbus.o(.data)
    .bss                                     0x20000348   Section       36  adc.o(.bss)
    .bss                                     0x2000036c   Section       32  dac.o(.bss)
    .bss                                     0x2000038c   Section       20  rtd.o(.bss)
    .bss                                     0x200003a0   Section      160  pid.o(.bss)
    .bss                                     0x20000440   Section     6768  main.o(.bss)
    .bss                                     0x20001eb0   Section       96  libspace.o(.bss)
    HEAP                                     0x20001f10   Section      512  startup_stm32f10x_hd.o(HEAP)
    Heap_Mem                                 0x20001f10   Data         512  startup_stm32f10x_hd.o(HEAP)
    STACK                                    0x20002110   Section     1024  startup_stm32f10x_hd.o(STACK)
    Stack_Mem                                0x20002110   Data        1024  startup_stm32f10x_hd.o(STACK)
    __initial_sp                             0x20002510   Data           0  startup_stm32f10x_hd.o(STACK)

    Global Symbols

    Symbol Name                              Value     Ov Type        Size  Object(Section)

    BuildAttributes$$THM_ISAv4$P$D$K$B$S$PE$A:L22UL41UL21$X:L11$S22US41US21$IEEE1$IW$USESV6$~STKCKD$USESV7$~SHL$OSPACE$ROPI$EBA8$UX$STANDARDLIB$REQ8$PRES8$EABIv2 0x00000000   Number         0  anon$$obj.o ABSOLUTE
    __ARM_use_no_argv                        0x00000000   Number         0  main.o ABSOLUTE
    __ARM_exceptions_init                     - Undefined Weak Reference
    __alloca_initialize                       - Undefined Weak Reference
    __arm_preinit_                            - Undefined Weak Reference
    __cpp_initialize__aeabi_                  - Undefined Weak Reference
    __cxa_finalize                            - Undefined Weak Reference
    __rt_locale                               - Undefined Weak Reference
    __sigvec_lookup                           - Undefined Weak Reference
    _atexit_init                              - Undefined Weak Reference
    _call_atexit_fns                          - Undefined Weak Reference
    _clock_init                               - Undefined Weak Reference
    _fp_trap_init                             - Undefined Weak Reference
    _fp_trap_shutdown                         - Undefined Weak Reference
    _get_lc_collate                           - Undefined Weak Reference
    _get_lc_ctype                             - Undefined Weak Reference
    _get_lc_monetary                          - Undefined Weak Reference
    _get_lc_numeric                           - Undefined Weak Reference
    _get_lc_time                              - Undefined Weak Reference
    _getenv_init                              - Undefined Weak Reference
    _handle_redirection                       - Undefined Weak Reference
    _init_alloc                               - Undefined Weak Reference
    _init_user_alloc                          - Undefined Weak Reference
    _initio                                   - Undefined Weak Reference
    _rand_init                                - Undefined Weak Reference
    _signal_finish                            - Undefined Weak Reference
    _signal_init                              - Undefined Weak Reference
    _terminate_alloc                          - Undefined Weak Reference
    _terminate_user_alloc                     - Undefined Weak Reference
    _terminateio                              - Undefined Weak Reference
    __Vectors_Size                           0x00000130   Number         0  startup_stm32f10x_hd.o ABSOLUTE
    __Vectors                                0x08000000   Data           4  startup_stm32f10x_hd.o(RESET)
    __Vectors_End                            0x08000130   Data           0  startup_stm32f10x_hd.o(RESET)
    __main                                   0x08000131   Thumb Code     8  __main.o(!!!main)
    __scatterload                            0x08000139   Thumb Code     0  __scatter.o(!!!scatter)
    __scatterload_rt2                        0x08000139   Thumb Code    44  __scatter.o(!!!scatter)
    __scatterload_rt2_thumb_only             0x08000139   Thumb Code     0  __scatter.o(!!!scatter)
    __scatterload_null                       0x08000147   Thumb Code     0  __scatter.o(!!!scatter)
    __decompress                             0x0800016d   Thumb Code    90  __dczerorl2.o(!!dczerorl2)
    __decompress1                            0x0800016d   Thumb Code     0  __dczerorl2.o(!!dczerorl2)
    __scatterload_zeroinit                   0x080001c9   Thumb Code    28  __scatter_zi.o(!!handler_zi)
    __rt_lib_init                            0x080001e5   Thumb Code     0  libinit.o(.ARM.Collect$$libinit$$00000000)
    __rt_lib_init_alloca_1                   0x080001e7   Thumb Code     0  libinit2.o(.ARM.Collect$$libinit$$0000002E)
    __rt_lib_init_argv_1                     0x080001e7   Thumb Code     0  libinit2.o(.ARM.Collect$$libinit$$0000002C)
    __rt_lib_init_atexit_1                   0x080001e7   Thumb Code     0  libinit2.o(.ARM.Collect$$libinit$$0000001B)
    __rt_lib_init_clock_1                    0x080001e7   Thumb Code     0  libinit2.o(.ARM.Collect$$libinit$$00000021)
    __rt_lib_init_cpp_1                      0x080001e7   Thumb Code     0  libinit2.o(.ARM.Collect$$libinit$$00000032)
    __rt_lib_init_exceptions_1               0x080001e7   Thumb Code     0  libinit2.o(.ARM.Collect$$libinit$$00000030)
    __rt_lib_init_fp_1                       0x080001e7   Thumb Code     0  libinit2.o(.ARM.Collect$$libinit$$00000002)
    __rt_lib_init_fp_trap_1                  0x080001e7   Thumb Code     0  libinit2.o(.ARM.Collect$$libinit$$0000001F)
    __rt_lib_init_getenv_1                   0x080001e7   Thumb Code     0  libinit2.o(.ARM.Collect$$libinit$$00000023)
    __rt_lib_init_heap_1                     0x080001e7   Thumb Code     0  libinit2.o(.ARM.Collect$$libinit$$0000000A)
    __rt_lib_init_lc_collate_1               0x080001e7   Thumb Code     0  libinit2.o(.ARM.Collect$$libinit$$00000011)
    __rt_lib_init_lc_ctype_1                 0x080001e7   Thumb Code     0  libinit2.o(.ARM.Collect$$libinit$$00000013)
    __rt_lib_init_lc_monetary_1              0x080001e7   Thumb Code     0  libinit2.o(.ARM.Collect$$libinit$$00000015)
    __rt_lib_init_lc_numeric_1               0x080001e7   Thumb Code     0  libinit2.o(.ARM.Collect$$libinit$$00000017)
    __rt_lib_init_lc_time_1                  0x080001e7   Thumb Code     0  libinit2.o(.ARM.Collect$$libinit$$00000019)
    __rt_lib_init_preinit_1                  0x080001e7   Thumb Code     0  libinit2.o(.ARM.Collect$$libinit$$00000004)
    __rt_lib_init_rand_1                     0x080001e7   Thumb Code     0  libinit2.o(.ARM.Collect$$libinit$$0000000E)
    __rt_lib_init_return                     0x080001e7   Thumb Code     0  libinit2.o(.ARM.Collect$$libinit$$00000033)
    __rt_lib_init_signal_1                   0x080001e7   Thumb Code     0  libinit2.o(.ARM.Collect$$libinit$$0000001D)
    __rt_lib_init_stdio_1                    0x080001e7   Thumb Code     0  libinit2.o(.ARM.Collect$$libinit$$00000025)
    __rt_lib_init_user_alloc_1               0x080001e7   Thumb Code     0  libinit2.o(.ARM.Collect$$libinit$$0000000C)
    __rt_lib_shutdown                        0x080001e9   Thumb Code     0  libshutdown.o(.ARM.Collect$$libshutdown$$00000000)
    __rt_lib_shutdown_cpp_1                  0x080001eb   Thumb Code     0  libshutdown2.o(.ARM.Collect$$libshutdown$$00000002)
    __rt_lib_shutdown_fp_trap_1              0x080001eb   Thumb Code     0  libshutdown2.o(.ARM.Collect$$libshutdown$$00000007)
    __rt_lib_shutdown_heap_1                 0x080001eb   Thumb Code     0  libshutdown2.o(.ARM.Collect$$libshutdown$$0000000F)
    __rt_lib_shutdown_return                 0x080001eb   Thumb Code     0  libshutdown2.o(.ARM.Collect$$libshutdown$$00000010)
    __rt_lib_shutdown_signal_1               0x080001eb   Thumb Code     0  libshutdown2.o(.ARM.Collect$$libshutdown$$0000000A)
    __rt_lib_shutdown_stdio_1                0x080001eb   Thumb Code     0  libshutdown2.o(.ARM.Collect$$libshutdown$$00000004)
    __rt_lib_shutdown_user_alloc_1           0x080001eb   Thumb Code     0  libshutdown2.o(.ARM.Collect$$libshutdown$$0000000C)
    __rt_entry                               0x080001ed   Thumb Code     0  __rtentry.o(.ARM.Collect$$rtentry$$00000000)
    __rt_entry_presh_1                       0x080001ed   Thumb Code     0  __rtentry2.o(.ARM.Collect$$rtentry$$00000002)
    __rt_entry_sh                            0x080001ed   Thumb Code     0  __rtentry4.o(.ARM.Collect$$rtentry$$00000004)
    __rt_entry_li                            0x080001f3   Thumb Code     0  __rtentry2.o(.ARM.Collect$$rtentry$$0000000A)
    __rt_entry_postsh_1                      0x080001f3   Thumb Code     0  __rtentry2.o(.ARM.Collect$$rtentry$$00000009)
    __rt_entry_main                          0x080001f7   Thumb Code     0  __rtentry2.o(.ARM.Collect$$rtentry$$0000000D)
    __rt_entry_postli_1                      0x080001f7   Thumb Code     0  __rtentry2.o(.ARM.Collect$$rtentry$$0000000C)
    __rt_exit                                0x080001ff   Thumb Code     0  rtexit.o(.ARM.Collect$$rtexit$$00000000)
    __rt_exit_ls                             0x08000201   Thumb Code     0  rtexit2.o(.ARM.Collect$$rtexit$$00000003)
    __rt_exit_prels_1                        0x08000201   Thumb Code     0  rtexit2.o(.ARM.Collect$$rtexit$$00000002)
    __rt_exit_exit                           0x08000205   Thumb Code     0  rtexit2.o(.ARM.Collect$$rtexit$$00000004)
    Reset_Handler                            0x0800020d   Thumb Code     8  startup_stm32f10x_hd.o(.text)
    NMI_Handler                              0x08000215   Thumb Code     2  startup_stm32f10x_hd.o(.text)
    HardFault_Handler                        0x08000217   Thumb Code     2  startup_stm32f10x_hd.o(.text)
    MemManage_Handler                        0x08000219   Thumb Code     2  startup_stm32f10x_hd.o(.text)
    BusFault_Handler                         0x0800021b   Thumb Code     2  startup_stm32f10x_hd.o(.text)
    UsageFault_Handler                       0x0800021d   Thumb Code     2  startup_stm32f10x_hd.o(.text)
    SVC_Handler                              0x0800021f   Thumb Code     2  startup_stm32f10x_hd.o(.text)
    DebugMon_Handler                         0x08000221   Thumb Code     2  startup_stm32f10x_hd.o(.text)
    PendSV_Handler                           0x08000223   Thumb Code     2  startup_stm32f10x_hd.o(.text)
    SysTick_Handler                          0x08000225   Thumb Code     2  startup_stm32f10x_hd.o(.text)
    ADC1_2_IRQHandler                        0x08000227   Thumb Code     0  startup_stm32f10x_hd.o(.text)
    ADC3_IRQHandler                          0x08000227   Thumb Code     0  startup_stm32f10x_hd.o(.text)
    CAN1_RX1_IRQHandler                      0x08000227   Thumb Code     0  startup_stm32f10x_hd.o(.text)
    CAN1_SCE_IRQHandler                      0x08000227   Thumb Code     0  startup_stm32f10x_hd.o(.text)
    DMA1_Channel1_IRQHandler                 0x08000227   Thumb Code     0  startup_stm32f10x_hd.o(.text)
    DMA1_Channel2_IRQHandler                 0x08000227   Thumb Code     0  startup_stm32f10x_hd.o(.text)
    DMA1_Channel3_IRQHandler                 0x08000227   Thumb Code     0  startup_stm32f10x_hd.o(.text)
    DMA1_Channel4_IRQHandler                 0x08000227   Thumb Code     0  startup_stm32f10x_hd.o(.text)
    DMA1_Channel5_IRQHandler                 0x08000227   Thumb Code     0  startup_stm32f10x_hd.o(.text)
    DMA1_Channel6_IRQHandler                 0x08000227   Thumb Code     0  startup_stm32f10x_hd.o(.text)
    DMA1_Channel7_IRQHandler                 0x08000227   Thumb Code     0  startup_stm32f10x_hd.o(.text)
    DMA2_Channel1_IRQHandler                 0x08000227   Thumb Code     0  startup_stm32f10x_hd.o(.text)
    DMA2_Channel2_IRQHandler                 0x08000227   Thumb Code     0  startup_stm32f10x_hd.o(.text)
    DMA2_Channel3_IRQHandler                 0x08000227   Thumb Code     0  startup_stm32f10x_hd.o(.text)
    DMA2_Channel4_5_IRQHandler               0x08000227   Thumb Code     0  startup_stm32f10x_hd.o(.text)
    EXTI0_IRQHandler                         0x08000227   Thumb Code     0  startup_stm32f10x_hd.o(.text)
    EXTI15_10_IRQHandler                     0x08000227   Thumb Code     0  startup_stm32f10x_hd.o(.text)
    EXTI1_IRQHandler                         0x08000227   Thumb Code     0  startup_stm32f10x_hd.o(.text)
    EXTI2_IRQHandler                         0x08000227   Thumb Code     0  startup_stm32f10x_hd.o(.text)
    EXTI3_IRQHandler                         0x08000227   Thumb Code     0  startup_stm32f10x_hd.o(.text)
    EXTI4_IRQHandler                         0x08000227   Thumb Code     0  startup_stm32f10x_hd.o(.text)
    EXTI9_5_IRQHandler                       0x08000227   Thumb Code     0  startup_stm32f10x_hd.o(.text)
    FLASH_IRQHandler                         0x08000227   Thumb Code     0  startup_stm32f10x_hd.o(.text)
    FSMC_IRQHandler                          0x08000227   Thumb Code     0  startup_stm32f10x_hd.o(.text)
    I2C1_ER_IRQHandler                       0x08000227   Thumb Code     0  startup_stm32f10x_hd.o(.text)
    I2C1_EV_IRQHandler                       0x08000227   Thumb Code     0  startup_stm32f10x_hd.o(.text)
    I2C2_ER_IRQHandler                       0x08000227   Thumb Code     0  startup_stm32f10x_hd.o(.text)
    I2C2_EV_IRQHandler                       0x08000227   Thumb Code     0  startup_stm32f10x_hd.o(.text)
    PVD_IRQHandler                           0x08000227   Thumb Code     0  startup_stm32f10x_hd.o(.text)
    RCC_IRQHandler                           0x08000227   Thumb Code     0  startup_stm32f10x_hd.o(.text)
    RTCAlarm_IRQHandler                      0x08000227   Thumb Code     0  startup_stm32f10x_hd.o(.text)
    RTC_IRQHandler                           0x08000227   Thumb Code     0  startup_stm32f10x_hd.o(.text)
    SDIO_IRQHandler                          0x08000227   Thumb Code     0  startup_stm32f10x_hd.o(.text)
    SPI1_IRQHandler                          0x08000227   Thumb Code     0  startup_stm32f10x_hd.o(.text)
    SPI2_IRQHandler                          0x08000227   Thumb Code     0  startup_stm32f10x_hd.o(.text)
    SPI3_IRQHandler                          0x08000227   Thumb Code     0  startup_stm32f10x_hd.o(.text)
    TAMPER_IRQHandler                        0x08000227   Thumb Code     0  startup_stm32f10x_hd.o(.text)
    TIM1_BRK_IRQHandler                      0x08000227   Thumb Code     0  startup_stm32f10x_hd.o(.text)
    TIM1_CC_IRQHandler                       0x08000227   Thumb Code     0  startup_stm32f10x_hd.o(.text)
    TIM1_TRG_COM_IRQHandler                  0x08000227   Thumb Code     0  startup_stm32f10x_hd.o(.text)
    TIM5_IRQHandler                          0x08000227   Thumb Code     0  startup_stm32f10x_hd.o(.text)
    TIM6_IRQHandler                          0x08000227   Thumb Code     0  startup_stm32f10x_hd.o(.text)
    TIM7_IRQHandler                          0x08000227   Thumb Code     0  startup_stm32f10x_hd.o(.text)
    TIM8_BRK_IRQHandler                      0x08000227   Thumb Code     0  startup_stm32f10x_hd.o(.text)
    TIM8_CC_IRQHandler                       0x08000227   Thumb Code     0  startup_stm32f10x_hd.o(.text)
    TIM8_TRG_COM_IRQHandler                  0x08000227   Thumb Code     0  startup_stm32f10x_hd.o(.text)
    TIM8_UP_IRQHandler                       0x08000227   Thumb Code     0  startup_stm32f10x_hd.o(.text)
    UART4_IRQHandler                         0x08000227   Thumb Code     0  startup_stm32f10x_hd.o(.text)
    UART5_IRQHandler                         0x08000227   Thumb Code     0  startup_stm32f10x_hd.o(.text)
    USART3_IRQHandler                        0x08000227   Thumb Code     0  startup_stm32f10x_hd.o(.text)
    USBWakeUp_IRQHandler                     0x08000227   Thumb Code     0  startup_stm32f10x_hd.o(.text)
    USB_HP_CAN1_TX_IRQHandler                0x08000227   Thumb Code     0  startup_stm32f10x_hd.o(.text)
    USB_LP_CAN1_RX0_IRQHandler               0x08000227   Thumb Code     0  startup_stm32f10x_hd.o(.text)
    WWDG_IRQHandler                          0x08000227   Thumb Code     0  startup_stm32f10x_hd.o(.text)
    __user_initial_stackheap                 0x08000229   Thumb Code     0  startup_stm32f10x_hd.o(.text)
    __use_two_region_memory                  0x0800024d   Thumb Code     2  heapauxi.o(.text)
    __rt_heap_escrow$2region                 0x0800024f   Thumb Code     2  heapauxi.o(.text)
    __rt_heap_expand$2region                 0x08000251   Thumb Code     2  heapauxi.o(.text)
    __user_setup_stackheap                   0x08000253   Thumb Code    74  sys_stackheap_outer.o(.text)
    exit                                     0x0800029d   Thumb Code    18  exit.o(.text)
    __user_libspace                          0x080002b1   Thumb Code     8  libspace.o(.text)
    __user_perproc_libspace                  0x080002b1   Thumb Code     0  libspace.o(.text)
    __user_perthread_libspace                0x080002b1   Thumb Code     0  libspace.o(.text)
    _sys_exit                                0x080002b9   Thumb Code     8  sys_exit.o(.text)
    __I$use$semihosting                      0x080002c5   Thumb Code     0  use_no_semi.o(.text)
    __use_no_semihosting_swi                 0x080002c5   Thumb Code     2  use_no_semi.o(.text)
    __semihosting_library_function           0x080002c7   Thumb Code     0  indicate_semi.o(.text)
    ADC_init                                 0x080002c9   Thumb Code   112  adc.o(i.ADC_init)
    APortCIn                                 0x0800033d   Thumb Code    32  adc.o(i.APortCIn)
    APortCOut                                0x0800035d   Thumb Code    82  dac.o(i.APortCOut)
    APortIn                                  0x080003bd   Thumb Code   368  adc.o(i.APortIn)
    APortOut                                 0x08000539   Thumb Code   108  dac.o(i.APortOut)
    CO2Control                               0x080005b5   Thumb Code    54  logic.o(i.CO2Control)
    CRC_Compute                              0x080005f5   Thumb Code    48  modbus.o(i.CRC_Compute)
    CheckTSReceivedData                      0x0800062d   Thumb Code    48  touchscreen.o(i.CheckTSReceivedData)
    DAC_init                                 0x0800065d   Thumb Code   188  dac.o(i.DAC_init)
    DPortCIn                                 0x08000721   Thumb Code    26  digital_io.o(i.DPortCIn)
    DPortCOut                                0x0800073b   Thumb Code    26  digital_io.o(i.DPortCOut)
    DPortIn                                  0x08000755   Thumb Code    86  digital_io.o(i.DPortIn)
    DPortOut                                 0x080007b1   Thumb Code    96  digital_io.o(i.DPortOut)
    DataProcess                              0x08000815   Thumb Code    90  runtimedata.o(i.DataProcess)
    Delay_ms                                 0x08000891   Thumb Code    78  systick_timer.o(i.Delay_ms)
    GPIO_Init                                0x080008df   Thumb Code   278  stm32f10x_gpio.o(i.GPIO_Init)
    GPIO_PinRemapConfig                      0x080009f5   Thumb Code   138  stm32f10x_gpio.o(i.GPIO_PinRemapConfig)
    GPIO_ReadInputDataBit                    0x08000a85   Thumb Code    18  stm32f10x_gpio.o(i.GPIO_ReadInputDataBit)
    GPIO_ResetBits                           0x08000a97   Thumb Code     4  stm32f10x_gpio.o(i.GPIO_ResetBits)
    GPIO_SetBits                             0x08000a9b   Thumb Code     4  stm32f10x_gpio.o(i.GPIO_SetBits)
    GetTouchScreenValue                      0x08000aa1   Thumb Code   106  touchscreen.o(i.GetTouchScreenValue)
    Get_value                                0x08000b25   Thumb Code    22  logic.o(i.Get_value)
    GpioRcc_Configuration                    0x08000b4d   Thumb Code    12  digital_io.o(i.GpioRcc_Configuration)
    Gpio_Configuration                       0x08000b59   Thumb Code    60  digital_io.o(i.Gpio_Configuration)
    IO_Configuration                         0x08000b9d   Thumb Code    12  digital_io.o(i.IO_Configuration)
    IWDG_Configuration                       0x08000ba9   Thumb Code    34  main.o(i.IWDG_Configuration)
    IWDG_Enable                              0x08000bcd   Thumb Code    10  stm32f10x_iwdg.o(i.IWDG_Enable)
    IWDG_ReloadCounter                       0x08000bdd   Thumb Code    10  stm32f10x_iwdg.o(i.IWDG_ReloadCounter)
    IWDG_SetPrescaler                        0x08000bed   Thumb Code     6  stm32f10x_iwdg.o(i.IWDG_SetPrescaler)
    IWDG_SetReload                           0x08000bf9   Thumb Code     6  stm32f10x_iwdg.o(i.IWDG_SetReload)
    IWDG_WriteAccessCmd                      0x08000c05   Thumb Code     6  stm32f10x_iwdg.o(i.IWDG_WriteAccessCmd)
    InitialSys                               0x08000c11   Thumb Code    22  main.o(i.InitialSys)
    InitializeTimer                          0x08000c35   Thumb Code   174  timer.o(i.InitializeTimer)
    Modbus_01_Solve                          0x08000cf9   Thumb Code   372  modbus.o(i.Modbus_01_Solve)
    Modbus_02_Solve                          0x08000e85   Thumb Code   372  modbus.o(i.Modbus_02_Solve)
    Modbus_03_Solve                          0x08001011   Thumb Code   232  modbus.o(i.Modbus_03_Solve)
    Modbus_05_Solve                          0x08001111   Thumb Code   164  modbus.o(i.Modbus_05_Solve)
    Modbus_06_Solve                          0x080011c9   Thumb Code   126  modbus.o(i.Modbus_06_Solve)
    Modbus_15_Solve                          0x0800125d   Thumb Code   240  modbus.o(i.Modbus_15_Solve)
    Modbus_16_Solve                          0x08001365   Thumb Code   222  modbus.o(i.Modbus_16_Solve)
    Modbus_RegMap                            0x0800145d   Thumb Code   124  modbus.o(i.Modbus_RegMap)
    NSLH_Alarm                               0x08001549   Thumb Code     4  logic.o(i.NSLH_Alarm)
    NSLH_Clear                               0x0800154d   Thumb Code    42  logic.o(i.NSLH_Clear)
    NSLH_Start                               0x08001577   Thumb Code    36  logic.o(i.NSLH_Start)
    NSLH_Stop                                0x0800159b   Thumb Code    52  logic.o(i.NSLH_Stop)
    NVIC_Configuration                       0x080015cf   Thumb Code   188  usart.o(i.NVIC_Configuration)
    NVIC_Init                                0x0800168d   Thumb Code   100  misc.o(i.NVIC_Init)
    NVIC_PriorityGroupConfig                 0x080016fd   Thumb Code    10  misc.o(i.NVIC_PriorityGroupConfig)
    NVIC_SetVectorTable                      0x08001711   Thumb Code    12  misc.o(i.NVIC_SetVectorTable)
    OccupanyMode                             0x08001725   Thumb Code    82  logic.o(i.OccupanyMode)
    PID_SetValue                             0x08001785   Thumb Code    66  pid.o(i.PID_SetValue)
    RCC_APB1PeriphClockCmd                   0x080017cd   Thumb Code    26  stm32f10x_rcc.o(i.RCC_APB1PeriphClockCmd)
    RCC_APB1PeriphResetCmd                   0x080017ed   Thumb Code    26  stm32f10x_rcc.o(i.RCC_APB1PeriphResetCmd)
    RCC_APB2PeriphClockCmd                   0x0800180d   Thumb Code    26  stm32f10x_rcc.o(i.RCC_APB2PeriphClockCmd)
    RCC_APB2PeriphResetCmd                   0x0800182d   Thumb Code    26  stm32f10x_rcc.o(i.RCC_APB2PeriphResetCmd)
    RCC_Configuration                        0x0800184d   Thumb Code    88  main.o(i.RCC_Configuration)
    RCC_DeInit                               0x080018a5   Thumb Code    64  stm32f10x_rcc.o(i.RCC_DeInit)
    RCC_GetClocksFreq                        0x080018f1   Thumb Code   192  stm32f10x_rcc.o(i.RCC_GetClocksFreq)
    RCC_GetFlagStatus                        0x080019c5   Thumb Code    56  stm32f10x_rcc.o(i.RCC_GetFlagStatus)
    RCC_GetSYSCLKSource                      0x08001a01   Thumb Code    10  stm32f10x_rcc.o(i.RCC_GetSYSCLKSource)
    RCC_HCLKConfig                           0x08001a11   Thumb Code    18  stm32f10x_rcc.o(i.RCC_HCLKConfig)
    RCC_HSEConfig                            0x08001a29   Thumb Code    70  stm32f10x_rcc.o(i.RCC_HSEConfig)
    RCC_PCLK1Config                          0x08001a75   Thumb Code    18  stm32f10x_rcc.o(i.RCC_PCLK1Config)
    RCC_PCLK2Config                          0x08001a8d   Thumb Code    20  stm32f10x_rcc.o(i.RCC_PCLK2Config)
    RCC_PLLCmd                               0x08001aa5   Thumb Code     6  stm32f10x_rcc.o(i.RCC_PLLCmd)
    RCC_PLLConfig                            0x08001ab1   Thumb Code    24  stm32f10x_rcc.o(i.RCC_PLLConfig)
    RCC_SYSCLKConfig                         0x08001acd   Thumb Code    18  stm32f10x_rcc.o(i.RCC_SYSCLKConfig)
    RCC_WaitForHSEStartUp                    0x08001ae5   Thumb Code    56  stm32f10x_rcc.o(i.RCC_WaitForHSEStartUp)
    RS485_SendData                           0x08001b1d   Thumb Code    62  modbus.o(i.RS485_SendData)
    RS485_Service                            0x08001b65   Thumb Code   348  modbus.o(i.RS485_Service)
    RTD_allchannels                          0x08001cdd   Thumb Code   108  rtd.o(i.RTD_allchannels)
    RTD_init                                 0x08001d59   Thumb Code   136  rtd.o(i.RTD_init)
    SystemInit                               0x08001ed1   Thumb Code    78  system_stm32f10x.o(i.SystemInit)
    TIM1_UP_IRQHandler                       0x08001f31   Thumb Code    42  stm32_it.o(i.TIM1_UP_IRQHandler)
    TIM2_IRQHandler                          0x08001f69   Thumb Code    68  stm32_it.o(i.TIM2_IRQHandler)
    TIM3_IRQHandler                          0x08001fb9   Thumb Code    74  stm32_it.o(i.TIM3_IRQHandler)
    TIM4_IRQHandler                          0x08002019   Thumb Code    64  stm32_it.o(i.TIM4_IRQHandler)
    TIM_ClearFlag                            0x0800206d   Thumb Code     6  stm32f10x_tim.o(i.TIM_ClearFlag)
    TIM_ClearITPendingBit                    0x08002073   Thumb Code     6  stm32f10x_tim.o(i.TIM_ClearITPendingBit)
    TIM_Cmd                                  0x08002079   Thumb Code    24  stm32f10x_tim.o(i.TIM_Cmd)
    TIM_DeInit                               0x08002091   Thumb Code   424  stm32f10x_tim.o(i.TIM_DeInit)
    TIM_GetITStatus                          0x08002279   Thumb Code    34  stm32f10x_tim.o(i.TIM_GetITStatus)
    TIM_ITConfig                             0x0800229b   Thumb Code    18  stm32f10x_tim.o(i.TIM_ITConfig)
    TIM_SetCounter                           0x080022ad   Thumb Code     4  stm32f10x_tim.o(i.TIM_SetCounter)
    TIM_TimeBaseInit                         0x080022b1   Thumb Code   122  stm32f10x_tim.o(i.TIM_TimeBaseInit)
    TSDataProcess                            0x08002355   Thumb Code    64  touchscreen.o(i.TSDataProcess)
    TSPacketAnalysis                         0x080023a1   Thumb Code    42  touchscreen.o(i.TSPacketAnalysis)
    TSSentDataGeneration                     0x080023d1   Thumb Code   136  touchscreen.o(i.TSSentDataGeneration)
    TSreadPorts                              0x08002461   Thumb Code   222  touchscreen.o(i.TSreadPorts)
    Tim2Configure                            0x08002555   Thumb Code    82  timer.o(i.Tim2Configure)
    Tim4Configure                            0x080025a9   Thumb Code    82  timer.o(i.Tim4Configure)
    Timer1Config                             0x08002601   Thumb Code    80  timer.o(i.Timer1Config)
    USART1_IRQHandler                        0x08002655   Thumb Code    96  stm32_it.o(i.USART1_IRQHandler)
    USART2_IRQHandler                        0x080026c5   Thumb Code   342  stm32_it.o(i.USART2_IRQHandler)
    USART_ClearFlag                          0x0800284d   Thumb Code    18  stm32f10x_usart.o(i.USART_ClearFlag)
    USART_ClearITPendingBit                  0x0800285f   Thumb Code    30  stm32f10x_usart.o(i.USART_ClearITPendingBit)
    USART_Cmd                                0x0800287d   Thumb Code    24  stm32f10x_usart.o(i.USART_Cmd)
    USART_DeInit                             0x08002895   Thumb Code   134  stm32f10x_usart.o(i.USART_DeInit)
    USART_GetFlagStatus                      0x08002931   Thumb Code    26  stm32f10x_usart.o(i.USART_GetFlagStatus)
    USART_GetITStatus                        0x0800294b   Thumb Code    84  stm32f10x_usart.o(i.USART_GetITStatus)
    USART_ITConfig                           0x0800299f   Thumb Code    74  stm32f10x_usart.o(i.USART_ITConfig)
    USART_Init                               0x080029e9   Thumb Code   210  stm32f10x_usart.o(i.USART_Init)
    USART_ReceiveData                        0x08002ac1   Thumb Code    10  stm32f10x_usart.o(i.USART_ReceiveData)
    USART_SendData                           0x08002acb   Thumb Code     8  stm32f10x_usart.o(i.USART_SendData)
    Unoccupanied                             0x08002ad5   Thumb Code    30  logic.o(i.Unoccupanied)
    Usart2SendData                           0x08002af9   Thumb Code    24  usart.o(i.Usart2SendData)
    Usart_GPIO_Configuration                 0x08002b11   Thumb Code   378  usart.o(i.Usart_GPIO_Configuration)
    Usart_GetChar                            0x08002ca5   Thumb Code    16  usart.o(i.Usart_GetChar)
    Usart_Total_Initi                        0x08002cb5   Thumb Code    12  usart.o(i.Usart_Total_Initi)
    UsendChar                                0x08002cc1   Thumb Code    38  usart.o(i.UsendChar)
    ValueTran                                0x08002cf1   Thumb Code   214  main.o(i.ValueTran)
    ValveControl                             0x08002e19   Thumb Code   170  globe.o(i.ValveControl)
    analog_in_read_write_byte                0x08002ee1   Thumb Code   122  adc.o(i.analog_in_read_write_byte)
    checkSentData                            0x08002f61   Thumb Code    36  protocol.o(i.checkSentData)
    dac_read_write_byte                      0x08002f85   Thumb Code   110  dac.o(i.dac_read_write_byte)
    dac_write                                0x08002ff9   Thumb Code    66  dac.o(i.dac_write)
    delay_adc                                0x08003041   Thumb Code    18  adc.o(i.delay_adc)
    delay_rtd                                0x08003053   Thumb Code    22  rtd.o(i.delay_rtd)
    getAIPhysicalValue                       0x08003069   Thumb Code    22  runtimedata.o(i.getAIPhysicalValue)
    getAOPhysicalValue                       0x0800307f   Thumb Code    22  runtimedata.o(i.getAOPhysicalValue)
    getDecHighByte                           0x08003095   Thumb Code    64  protocol.o(i.getDecHighByte)
    getDecLowByte                            0x080030dd   Thumb Code    56  protocol.o(i.getDecLowByte)
    getIntHighByte                           0x0800311d   Thumb Code    46  protocol.o(i.getIntHighByte)
    getIntLowByte                            0x0800314b   Thumb Code    36  protocol.o(i.getIntLowByte)
    main                                     0x08003171   Thumb Code   402  main.o(i.main)
    normal                                   0x0800331d   Thumb Code   722  main.o(i.normal)
    readPID                                  0x08003631   Thumb Code   398  runtimedata.o(i.readPID)
    readPorts                                0x080037c5   Thumb Code   616  runtimedata.o(i.readPorts)
    rtd_read_write_byte                      0x08003a71   Thumb Code   108  rtd.o(i.rtd_read_write_byte)
    writePID                                 0x08003ae1   Thumb Code   630  runtimedata.o(i.writePID)
    writePorts                               0x08003d65   Thumb Code   820  runtimedata.o(i.writePorts)
    __aeabi_d2f                              0x080040bd   Thumb Code     0  d2f.o(x$fpl$d2f)
    _d2f                                     0x080040bd   Thumb Code    98  d2f.o(x$fpl$d2f)
    __aeabi_dadd                             0x08004121   Thumb Code     0  daddsub_clz.o(x$fpl$dadd)
    _dadd                                    0x08004121   Thumb Code   332  daddsub_clz.o(x$fpl$dadd)
    __fpl_dcmp_Inf                           0x08004271   Thumb Code    24  dcmpi.o(x$fpl$dcmpinf)
    __aeabi_ddiv                             0x08004289   Thumb Code     0  ddiv.o(x$fpl$ddiv)
    _ddiv                                    0x08004289   Thumb Code   552  ddiv.o(x$fpl$ddiv)
    __aeabi_d2uiz                            0x08004539   Thumb Code     0  dfixu.o(x$fpl$dfixu)
    _dfixu                                   0x08004539   Thumb Code    90  dfixu.o(x$fpl$dfixu)
    __aeabi_i2d                              0x08004593   Thumb Code     0  dflt_clz.o(x$fpl$dflt)
    _dflt                                    0x08004593   Thumb Code    46  dflt_clz.o(x$fpl$dflt)
    __aeabi_ui2d                             0x080045c1   Thumb Code     0  dflt_clz.o(x$fpl$dfltu)
    _dfltu                                   0x080045c1   Thumb Code    38  dflt_clz.o(x$fpl$dfltu)
    __aeabi_cdcmple                          0x080045e9   Thumb Code     0  dleqf.o(x$fpl$dleqf)
    _dcmple                                  0x080045e9   Thumb Code   120  dleqf.o(x$fpl$dleqf)
    __fpl_dcmple_InfNaN                      0x0800464b   Thumb Code     0  dleqf.o(x$fpl$dleqf)
    __aeabi_dmul                             0x08004661   Thumb Code     0  dmul.o(x$fpl$dmul)
    _dmul                                    0x08004661   Thumb Code   332  dmul.o(x$fpl$dmul)
    __fpl_dnaninf                            0x080047b5   Thumb Code   156  dnaninf.o(x$fpl$dnaninf)
    __fpl_dretinf                            0x08004851   Thumb Code    12  dretinf.o(x$fpl$dretinf)
    __aeabi_cdrcmple                         0x0800485d   Thumb Code     0  drleqf.o(x$fpl$drleqf)
    _drcmple                                 0x0800485d   Thumb Code   108  drleqf.o(x$fpl$drleqf)
    __aeabi_dsub                             0x080048c9   Thumb Code     0  daddsub_clz.o(x$fpl$dsub)
    _dsub                                    0x080048c9   Thumb Code   464  daddsub_clz.o(x$fpl$dsub)
    __aeabi_f2d                              0x08004a9d   Thumb Code     0  f2d.o(x$fpl$f2d)
    _f2d                                     0x08004a9d   Thumb Code    86  f2d.o(x$fpl$f2d)
    __aeabi_fadd                             0x08004af5   Thumb Code     0  faddsub_clz.o(x$fpl$fadd)
    _fadd                                    0x08004af5   Thumb Code   196  faddsub_clz.o(x$fpl$fadd)
    __fpl_fcmp_Inf                           0x08004bb9   Thumb Code    24  fcmpi.o(x$fpl$fcmpinf)
    __aeabi_fdiv                             0x08004bd1   Thumb Code     0  fdiv.o(x$fpl$fdiv)
    _fdiv                                    0x08004bd1   Thumb Code   384  fdiv.o(x$fpl$fdiv)
    __aeabi_f2iz                             0x08004d55   Thumb Code     0  ffix.o(x$fpl$ffix)
    _ffix                                    0x08004d55   Thumb Code    54  ffix.o(x$fpl$ffix)
    __aeabi_f2uiz                            0x08004d8d   Thumb Code     0  ffixu.o(x$fpl$ffixu)
    _ffixu                                   0x08004d8d   Thumb Code    62  ffixu.o(x$fpl$ffixu)
    __aeabi_ui2f                             0x08004dcd   Thumb Code     0  fflt_clz.o(x$fpl$ffltu)
    _ffltu                                   0x08004dcd   Thumb Code    38  fflt_clz.o(x$fpl$ffltu)
    __aeabi_cfcmple                          0x08004df5   Thumb Code     0  fleqf.o(x$fpl$fleqf)
    _fcmple                                  0x08004df5   Thumb Code   104  fleqf.o(x$fpl$fleqf)
    __fpl_fcmple_InfNaN                      0x08004e47   Thumb Code     0  fleqf.o(x$fpl$fleqf)
    __aeabi_fmul                             0x08004e5d   Thumb Code     0  fmul.o(x$fpl$fmul)
    _fmul                                    0x08004e5d   Thumb Code   258  fmul.o(x$fpl$fmul)
    __fpl_fnaninf                            0x08004f5f   Thumb Code   140  fnaninf.o(x$fpl$fnaninf)
    __fpl_fretinf                            0x08004feb   Thumb Code    10  fretinf.o(x$fpl$fretinf)
    __aeabi_cfrcmple                         0x08004ff5   Thumb Code     0  frleqf.o(x$fpl$frleqf)
    _frcmple                                 0x08004ff5   Thumb Code    98  frleqf.o(x$fpl$frleqf)
    __aeabi_frsub                            0x08005057   Thumb Code     0  faddsub_clz.o(x$fpl$frsb)
    _frsb                                    0x08005057   Thumb Code    20  faddsub_clz.o(x$fpl$frsb)
    __aeabi_fsub                             0x0800506d   Thumb Code     0  faddsub_clz.o(x$fpl$fsub)
    _fsub                                    0x0800506d   Thumb Code   234  faddsub_clz.o(x$fpl$fsub)
    __I$use$fp                               0x08005156   Number         0  usenofp.o(x$fpl$usenofp)
    cmd                                      0x08005156   Data          12  rtd.o(.constdata)
    auchCRCLo                                0x08005162   Data         256  modbus.o(.constdata)
    Region$$Table$$Base                      0x08005264   Number         0  anon$$obj.o(Region$$Table)
    Region$$Table$$Limit                     0x08005284   Number         0  anon$$obj.o(Region$$Table)
    pid                                      0x20000014   Data           4  pid.o(.data)
    DI_data                                  0x20000018   Data           8  main.o(.data)
    DO_data                                  0x20000020   Data           8  main.o(.data)
    CO2Value                                 0x20000028   Data           2  main.o(.data)
    CO2ValueSv                               0x2000002a   Data           2  main.o(.data)
    RoomTempPv                               0x2000002c   Data           2  main.o(.data)
    RoomTempSetValue                         0x2000002e   Data           2  main.o(.data)
    RoomHumPv                                0x20000030   Data           2  main.o(.data)
    RoomHumSetValue                          0x20000032   Data           2  main.o(.data)
    CHWTemp                                  0x20000034   Data           2  main.o(.data)
    DPValue                                  0x20000036   Data           2  main.o(.data)
    ValveFb                                  0x20000038   Data           2  main.o(.data)
    OccSta                                   0x2000003a   Data           2  main.o(.data)
    ECS                                      0x2000003c   Data           2  main.o(.data)
    AOAM                                     0x2000003e   Data           8  main.o(.data)
    AOParams                                 0x20000048   Data          64  main.o(.data)
    AIParams                                 0x20000088   Data          96  main.o(.data)
    MCUaddress                               0x200000e8   Data           4  main.o(.data)
    StageSel                                 0x200000ec   Data           1  main.o(.data)
    TaskSel                                  0x200000ed   Data           1  main.o(.data)
    ModeSel                                  0x200000ee   Data           1  main.o(.data)
    LineSel                                  0x200000ef   Data           1  main.o(.data)
    ReceivedState                            0x200000f0   Data           1  main.o(.data)
    ReceivedNum                              0x200000f4   Data           4  main.o(.data)
    TSSentCheckCode                          0x200000f8   Data           1  main.o(.data)
    TSTaskSel                                0x200000f9   Data           1  main.o(.data)
    tx1                                      0x200000fa   Data          24  main.o(.data)
    tx2                                      0x20000112   Data          24  main.o(.data)
    tx3                                      0x2000012a   Data          24  main.o(.data)
    tx4                                      0x20000142   Data          24  main.o(.data)
    PannelControl                            0x2000015a   Data           1  main.o(.data)
    PannelStatus                             0x2000015b   Data           1  main.o(.data)
    DeviceRun                                0x2000015c   Data           1  main.o(.data)
    TSControl                                0x2000015d   Data           1  main.o(.data)
    BMSControl                               0x2000015e   Data           1  main.o(.data)
    RunStatus                                0x2000015f   Data           1  main.o(.data)
    TimeFlag                                 0x20000160   Data           1  main.o(.data)
    systemStatus                             0x20000161   Data           1  main.o(.data)
    SystemNormal                             0x20000162   Data           1  main.o(.data)
    UnOccupined                              0x20000163   Data           1  main.o(.data)
    AlarmFlag                                0x20000164   Data           1  main.o(.data)
    ReceiveFlag                              0x20000165   Data           1  main.o(.data)
    TempPassive                              0x20000166   Data           1  main.o(.data)
    StartSel                                 0x20000167   Data           1  main.o(.data)
    PDVComm                                  0x20000168   Data           2  main.o(.data)
    RoomHumSv                                0x2000016c   Data           4  main.o(.data)
    InletTemp                                0x20000170   Data           4  main.o(.data)
    ScheduleComm                             0x20000174   Data           2  main.o(.data)
    IBSCommand                               0x20000176   Data           2  main.o(.data)
    ValveCmd                                 0x20000178   Data           2  main.o(.data)
    ERVCmd                                   0x2000017a   Data           2  main.o(.data)
    ERVState                                 0x2000017c   Data           2  main.o(.data)
    ForceValveFlag                           0x2000017e   Data           1  main.o(.data)
    ERVFlag                                  0x2000017f   Data           1  main.o(.data)
    PurgeCmd                                 0x20000180   Data           2  main.o(.data)
    TempSPSet_Unocc                          0x20000182   Data           2  main.o(.data)
    SpareSet1                                0x20000184   Data           2  main.o(.data)
    SpareSet2                                0x20000186   Data           2  main.o(.data)
    SpareSet3                                0x20000188   Data           2  main.o(.data)
    off_coilTemp                             0x2000018c   Data           4  main.o(.data)
    off_coilTempSv                           0x20000190   Data           4  main.o(.data)
    chwInTemp                                0x20000194   Data           4  main.o(.data)
    chwOutTemp                               0x20000198   Data           4  main.o(.data)
    valve                                    0x2000019c   Data           4  main.o(.data)
    FanSpeed                                 0x200001a0   Data           4  main.o(.data)
    VavleFb                                  0x200001a4   Data           4  main.o(.data)
    DiffPressure                             0x200001a8   Data           4  main.o(.data)
    CO2                                      0x200001ac   Data           2  main.o(.data)
    CO2Sv                                    0x200001ae   Data           2  main.o(.data)
    RoomTemp                                 0x200001b0   Data           2  main.o(.data)
    RoomTempSv                               0x200001b2   Data           2  main.o(.data)
    RoomHum                                  0x200001b4   Data           2  main.o(.data)
    Kp                                       0x200001b8   Data           4  main.o(.data)
    Ki                                       0x200001bc   Data           4  main.o(.data)
    Kd                                       0x200001c0   Data           4  main.o(.data)
    p                                        0x200001c4   Data           4  main.o(.data)
    i                                        0x200001c8   Data           4  main.o(.data)
    d                                        0x200001cc   Data           4  main.o(.data)
    error                                    0x200001d0   Data           4  main.o(.data)
    derror                                   0x200001d4   Data           4  main.o(.data)
    last_error                               0x200001d8   Data           4  main.o(.data)
    ierror                                   0x200001dc   Data           4  main.o(.data)
    ValvePosition                            0x200001e0   Data           4  main.o(.data)
    VavleFeedback                            0x200001e4   Data           4  main.o(.data)
    PTBFANRUN                                0x200001e8   Data           1  main.o(.data)
    ERVFANRUN                                0x200001e9   Data           1  main.o(.data)
    Para                                     0x200001ec   Data          12  main.o(.data)
    data1                                    0x200001f8   Data           4  main.o(.data)
    datavalue                                0x200001fc   Data          32  main.o(.data)
    RS485_RX_CNT                             0x2000021c   Data           2  main.o(.data)
    RS485_FrameFlag                          0x2000021e   Data           1  main.o(.data)
    RS485_TX_CNT                             0x20000220   Data           2  main.o(.data)
    DataFlag                                 0x20000222   Data           1  main.o(.data)
    testData1                                0x20000230   Data           4  modbus.o(.data)
    testData2                                0x20000234   Data           4  modbus.o(.data)
    testData3                                0x20000238   Data           4  modbus.o(.data)
    testData4                                0x2000023c   Data           4  modbus.o(.data)
    startRegAddr                             0x20000240   Data           2  modbus.o(.data)
    RegNum                                   0x20000242   Data           2  modbus.o(.data)
    calCRC                                   0x20000244   Data           2  modbus.o(.data)
    auchCRCHi                                0x20000246   Data         256  modbus.o(.data)
    ADC_bytes                                0x20000348   Data          36  adc.o(.bss)
    dac_out                                  0x2000036c   Data          32  dac.o(.bss)
    rtd_bytes                                0x2000038c   Data          20  rtd.o(.bss)
    PidPar                                   0x200003a0   Data         160  pid.o(.bss)
    TSRegister                               0x20000440   Data          48  main.o(.bss)
    Registers                                0x20000470   Data          64  main.o(.bss)
    ADC_value                                0x200004b0   Data          48  main.o(.bss)
    ADC_data                                 0x200004e0   Data          48  main.o(.bss)
    RTD_value                                0x20000510   Data          16  main.o(.bss)
    DAC_value                                0x20000520   Data          32  main.o(.bss)
    DAC_data                                 0x20000540   Data          32  main.o(.bss)
    Setpoint                                 0x20000560   Data          12  main.o(.bss)
    REGAM                                    0x2000056c   Data          16  main.o(.bss)
    ReadPortsBuffer                          0x2000057c   Data         165  main.o(.bss)
    WritePortsBuffer                         0x20000621   Data         104  main.o(.bss)
    ReadPIDBuffer                            0x20000689   Data          96  main.o(.bss)
    WritePIDBuffer                           0x200006e9   Data          97  main.o(.bss)
    ReceivedBuffer                           0x2000074a   Data        4000  main.o(.bss)
    SentBuffer                               0x200016ea   Data         200  main.o(.bss)
    TSReceivedBuffer                         0x200017b2   Data          24  main.o(.bss)
    TSReadPortsBuffer                        0x200017ca   Data          18  main.o(.bss)
    TSSendBuffer                             0x200017dc   Data          22  main.o(.bss)
    TSwriteRegister                          0x200017f2   Data          12  main.o(.bss)
    HoldReg                                  0x200017fe   Data          32  main.o(.bss)
    dataTemp                                 0x20001820   Data          48  main.o(.bss)
    RTDtemperature                           0x20001850   Data          16  main.o(.bss)
    AI_Input                                 0x20001860   Data          48  main.o(.bss)
    RS485_RX_BUFF                            0x20001890   Data         128  main.o(.bss)
    RS485_TX_BUFF                            0x20001910   Data         128  main.o(.bss)
    Modbus_InputIO                           0x20001990   Data         400  main.o(.bss)
    Modbus_OutputIO                          0x20001b20   Data         400  main.o(.bss)
    Modbus_HoldReg                           0x20001cb0   Data         512  main.o(.bss)
    __libspace_start                         0x20001eb0   Data          96  libspace.o(.bss)
    __temporary_stack_top$libspace           0x20001f10   Data           0  libspace.o(.bss)



==============================================================================

Memory Map of the image

  Image Entry point : 0x08000131

  Load Region LR_IROM1 (Base: 0x08000000, Size: 0x000055cc, Max: 0x00080000, ABSOLUTE, COMPRESSED[0x00005324])

    Execution Region ER_IROM1 (Exec base: 0x08000000, Load base: 0x08000000, Size: 0x00005284, Max: 0x00080000, ABSOLUTE)

    Exec Addr    Load Addr    Size         Type   Attr      Idx    E Section Name        Object

    0x08000000   0x08000000   0x00000130   Data   RO         2923    RESET               startup_stm32f10x_hd.o
    0x08000130   0x08000130   0x00000008   Code   RO         2932  * !!!main             c_w.l(__main.o)
    0x08000138   0x08000138   0x00000034   Code   RO         3164    !!!scatter          c_w.l(__scatter.o)
    0x0800016c   0x0800016c   0x0000005a   Code   RO         3162    !!dczerorl2         c_w.l(__dczerorl2.o)
    0x080001c6   0x080001c6   0x00000002   PAD
    0x080001c8   0x080001c8   0x0000001c   Code   RO         3166    !!handler_zi        c_w.l(__scatter_zi.o)
    0x080001e4   0x080001e4   0x00000002   Code   RO         3032    .ARM.Collect$$libinit$$00000000  c_w.l(libinit.o)
    0x080001e6   0x080001e6   0x00000000   Code   RO         3039    .ARM.Collect$$libinit$$00000002  c_w.l(libinit2.o)
    0x080001e6   0x080001e6   0x00000000   Code   RO         3041    .ARM.Collect$$libinit$$00000004  c_w.l(libinit2.o)
    0x080001e6   0x080001e6   0x00000000   Code   RO         3044    .ARM.Collect$$libinit$$0000000A  c_w.l(libinit2.o)
    0x080001e6   0x080001e6   0x00000000   Code   RO         3046    .ARM.Collect$$libinit$$0000000C  c_w.l(libinit2.o)
    0x080001e6   0x080001e6   0x00000000   Code   RO         3048    .ARM.Collect$$libinit$$0000000E  c_w.l(libinit2.o)
    0x080001e6   0x080001e6   0x00000000   Code   RO         3051    .ARM.Collect$$libinit$$00000011  c_w.l(libinit2.o)
    0x080001e6   0x080001e6   0x00000000   Code   RO         3053    .ARM.Collect$$libinit$$00000013  c_w.l(libinit2.o)
    0x080001e6   0x080001e6   0x00000000   Code   RO         3055    .ARM.Collect$$libinit$$00000015  c_w.l(libinit2.o)
    0x080001e6   0x080001e6   0x00000000   Code   RO         3057    .ARM.Collect$$libinit$$00000017  c_w.l(libinit2.o)
    0x080001e6   0x080001e6   0x00000000   Code   RO         3059    .ARM.Collect$$libinit$$00000019  c_w.l(libinit2.o)
    0x080001e6   0x080001e6   0x00000000   Code   RO         3061    .ARM.Collect$$libinit$$0000001B  c_w.l(libinit2.o)
    0x080001e6   0x080001e6   0x00000000   Code   RO         3063    .ARM.Collect$$libinit$$0000001D  c_w.l(libinit2.o)
    0x080001e6   0x080001e6   0x00000000   Code   RO         3065    .ARM.Collect$$libinit$$0000001F  c_w.l(libinit2.o)
    0x080001e6   0x080001e6   0x00000000   Code   RO         3067    .ARM.Collect$$libinit$$00000021  c_w.l(libinit2.o)
    0x080001e6   0x080001e6   0x00000000   Code   RO         3069    .ARM.Collect$$libinit$$00000023  c_w.l(libinit2.o)
    0x080001e6   0x080001e6   0x00000000   Code   RO         3071    .ARM.Collect$$libinit$$00000025  c_w.l(libinit2.o)
    0x080001e6   0x080001e6   0x00000000   Code   RO         3075    .ARM.Collect$$libinit$$0000002C  c_w.l(libinit2.o)
    0x080001e6   0x080001e6   0x00000000   Code   RO         3077    .ARM.Collect$$libinit$$0000002E  c_w.l(libinit2.o)
    0x080001e6   0x080001e6   0x00000000   Code   RO         3079    .ARM.Collect$$libinit$$00000030  c_w.l(libinit2.o)
    0x080001e6   0x080001e6   0x00000000   Code   RO         3081    .ARM.Collect$$libinit$$00000032  c_w.l(libinit2.o)
    0x080001e6   0x080001e6   0x00000002   Code   RO         3082    .ARM.Collect$$libinit$$00000033  c_w.l(libinit2.o)
    0x080001e8   0x080001e8   0x00000002   Code   RO         3102    .ARM.Collect$$libshutdown$$00000000  c_w.l(libshutdown.o)
    0x080001ea   0x080001ea   0x00000000   Code   RO         3115    .ARM.Collect$$libshutdown$$00000002  c_w.l(libshutdown2.o)
    0x080001ea   0x080001ea   0x00000000   Code   RO         3117    .ARM.Collect$$libshutdown$$00000004  c_w.l(libshutdown2.o)
    0x080001ea   0x080001ea   0x00000000   Code   RO         3120    .ARM.Collect$$libshutdown$$00000007  c_w.l(libshutdown2.o)
    0x080001ea   0x080001ea   0x00000000   Code   RO         3123    .ARM.Collect$$libshutdown$$0000000A  c_w.l(libshutdown2.o)
    0x080001ea   0x080001ea   0x00000000   Code   RO         3125    .ARM.Collect$$libshutdown$$0000000C  c_w.l(libshutdown2.o)
    0x080001ea   0x080001ea   0x00000000   Code   RO         3128    .ARM.Collect$$libshutdown$$0000000F  c_w.l(libshutdown2.o)
    0x080001ea   0x080001ea   0x00000002   Code   RO         3129    .ARM.Collect$$libshutdown$$00000010  c_w.l(libshutdown2.o)
    0x080001ec   0x080001ec   0x00000000   Code   RO         2994    .ARM.Collect$$rtentry$$00000000  c_w.l(__rtentry.o)
    0x080001ec   0x080001ec   0x00000000   Code   RO         3009    .ARM.Collect$$rtentry$$00000002  c_w.l(__rtentry2.o)
    0x080001ec   0x080001ec   0x00000006   Code   RO         3021    .ARM.Collect$$rtentry$$00000004  c_w.l(__rtentry4.o)
    0x080001f2   0x080001f2   0x00000000   Code   RO         3011    .ARM.Collect$$rtentry$$00000009  c_w.l(__rtentry2.o)
    0x080001f2   0x080001f2   0x00000004   Code   RO         3012    .ARM.Collect$$rtentry$$0000000A  c_w.l(__rtentry2.o)
    0x080001f6   0x080001f6   0x00000000   Code   RO         3014    .ARM.Collect$$rtentry$$0000000C  c_w.l(__rtentry2.o)
    0x080001f6   0x080001f6   0x00000008   Code   RO         3015    .ARM.Collect$$rtentry$$0000000D  c_w.l(__rtentry2.o)
    0x080001fe   0x080001fe   0x00000002   Code   RO         3036    .ARM.Collect$$rtexit$$00000000  c_w.l(rtexit.o)
    0x08000200   0x08000200   0x00000000   Code   RO         3084    .ARM.Collect$$rtexit$$00000002  c_w.l(rtexit2.o)
    0x08000200   0x08000200   0x00000004   Code   RO         3085    .ARM.Collect$$rtexit$$00000003  c_w.l(rtexit2.o)
    0x08000204   0x08000204   0x00000006   Code   RO         3086    .ARM.Collect$$rtexit$$00000004  c_w.l(rtexit2.o)
    0x0800020a   0x0800020a   0x00000002   PAD
    0x0800020c   0x0800020c   0x00000040   Code   RO         2924    .text               startup_stm32f10x_hd.o
    0x0800024c   0x0800024c   0x00000006   Code   RO         2930    .text               c_w.l(heapauxi.o)
    0x08000252   0x08000252   0x0000004a   Code   RO         3023    .text               c_w.l(sys_stackheap_outer.o)
    0x0800029c   0x0800029c   0x00000012   Code   RO         3025    .text               c_w.l(exit.o)
    0x080002ae   0x080002ae   0x00000002   PAD
    0x080002b0   0x080002b0   0x00000008   Code   RO         3033    .text               c_w.l(libspace.o)
    0x080002b8   0x080002b8   0x0000000c   Code   RO         3094    .text               c_w.l(sys_exit.o)
    0x080002c4   0x080002c4   0x00000002   Code   RO         3105    .text               c_w.l(use_no_semi.o)
    0x080002c6   0x080002c6   0x00000000   Code   RO         3107    .text               c_w.l(indicate_semi.o)
    0x080002c6   0x080002c6   0x00000002   PAD
    0x080002c8   0x080002c8   0x00000074   Code   RO         1992    i.ADC_init          adc.o
    0x0800033c   0x0800033c   0x00000020   Code   RO         1993    i.APortCIn          adc.o
    0x0800035c   0x0800035c   0x00000060   Code   RO         2038    i.APortCOut         dac.o
    0x080003bc   0x080003bc   0x0000017c   Code   RO         1994    i.APortIn           adc.o
    0x08000538   0x08000538   0x0000007c   Code   RO         2039    i.APortOut          dac.o
    0x080005b4   0x080005b4   0x00000040   Code   RO         2643    i.CO2Control        logic.o
    0x080005f4   0x080005f4   0x00000038   Code   RO         2841    i.CRC_Compute       modbus.o
    0x0800062c   0x0800062c   0x00000030   Code   RO         2532    i.CheckTSReceivedData  touchscreen.o
    0x0800065c   0x0800065c   0x000000c4   Code   RO         2040    i.DAC_init          dac.o
    0x08000720   0x08000720   0x0000001a   Code   RO         2080    i.DPortCIn          digital_io.o
    0x0800073a   0x0800073a   0x0000001a   Code   RO         2081    i.DPortCOut         digital_io.o
    0x08000754   0x08000754   0x0000005c   Code   RO         2082    i.DPortIn           digital_io.o
    0x080007b0   0x080007b0   0x00000064   Code   RO         2083    i.DPortOut          digital_io.o
    0x08000814   0x08000814   0x0000007c   Code   RO         2461    i.DataProcess       runtimedata.o
    0x08000890   0x08000890   0x0000004e   Code   RO         2222    i.Delay_ms          systick_timer.o
    0x080008de   0x080008de   0x00000116   Code   RO          350    i.GPIO_Init         stm32f10x_gpio.o
    0x080009f4   0x080009f4   0x00000090   Code   RO          352    i.GPIO_PinRemapConfig  stm32f10x_gpio.o
    0x08000a84   0x08000a84   0x00000012   Code   RO          354    i.GPIO_ReadInputDataBit  stm32f10x_gpio.o
    0x08000a96   0x08000a96   0x00000004   Code   RO          357    i.GPIO_ResetBits    stm32f10x_gpio.o
    0x08000a9a   0x08000a9a   0x00000004   Code   RO          358    i.GPIO_SetBits      stm32f10x_gpio.o
    0x08000a9e   0x08000a9e   0x00000002   PAD
    0x08000aa0   0x08000aa0   0x00000084   Code   RO         2533    i.GetTouchScreenValue  touchscreen.o
    0x08000b24   0x08000b24   0x00000028   Code   RO         2644    i.Get_value         logic.o
    0x08000b4c   0x08000b4c   0x0000000c   Code   RO         2084    i.GpioRcc_Configuration  digital_io.o
    0x08000b58   0x08000b58   0x00000044   Code   RO         2085    i.Gpio_Configuration  digital_io.o
    0x08000b9c   0x08000b9c   0x0000000c   Code   RO         2086    i.IO_Configuration  digital_io.o
    0x08000ba8   0x08000ba8   0x00000022   Code   RO         2707    i.IWDG_Configuration  main.o
    0x08000bca   0x08000bca   0x00000002   PAD
    0x08000bcc   0x08000bcc   0x00000010   Code   RO         1950    i.IWDG_Enable       stm32f10x_iwdg.o
    0x08000bdc   0x08000bdc   0x00000010   Code   RO         1952    i.IWDG_ReloadCounter  stm32f10x_iwdg.o
    0x08000bec   0x08000bec   0x0000000c   Code   RO         1953    i.IWDG_SetPrescaler  stm32f10x_iwdg.o
    0x08000bf8   0x08000bf8   0x0000000c   Code   RO         1954    i.IWDG_SetReload    stm32f10x_iwdg.o
    0x08000c04   0x08000c04   0x0000000c   Code   RO         1955    i.IWDG_WriteAccessCmd  stm32f10x_iwdg.o
    0x08000c10   0x08000c10   0x00000024   Code   RO         2708    i.InitialSys        main.o
    0x08000c34   0x08000c34   0x000000c4   Code   RO         2246    i.InitializeTimer   timer.o
    0x08000cf8   0x08000cf8   0x0000018c   Code   RO         2842    i.Modbus_01_Solve   modbus.o
    0x08000e84   0x08000e84   0x0000018c   Code   RO         2843    i.Modbus_02_Solve   modbus.o
    0x08001010   0x08001010   0x00000100   Code   RO         2844    i.Modbus_03_Solve   modbus.o
    0x08001110   0x08001110   0x000000b8   Code   RO         2845    i.Modbus_05_Solve   modbus.o
    0x080011c8   0x080011c8   0x00000094   Code   RO         2846    i.Modbus_06_Solve   modbus.o
    0x0800125c   0x0800125c   0x00000108   Code   RO         2847    i.Modbus_15_Solve   modbus.o
    0x08001364   0x08001364   0x000000f8   Code   RO         2848    i.Modbus_16_Solve   modbus.o
    0x0800145c   0x0800145c   0x000000ec   Code   RO         2849    i.Modbus_RegMap     modbus.o
    0x08001548   0x08001548   0x00000004   Code   RO         2645    i.NSLH_Alarm        logic.o
    0x0800154c   0x0800154c   0x0000002a   Code   RO         2646    i.NSLH_Clear        logic.o
    0x08001576   0x08001576   0x00000024   Code   RO         2647    i.NSLH_Start        logic.o
    0x0800159a   0x0800159a   0x00000034   Code   RO         2648    i.NSLH_Stop         logic.o
    0x080015ce   0x080015ce   0x000000bc   Code   RO         2294    i.NVIC_Configuration  usart.o
    0x0800168a   0x0800168a   0x00000002   PAD
    0x0800168c   0x0800168c   0x00000070   Code   RO          130    i.NVIC_Init         misc.o
    0x080016fc   0x080016fc   0x00000014   Code   RO          131    i.NVIC_PriorityGroupConfig  misc.o
    0x08001710   0x08001710   0x00000014   Code   RO          132    i.NVIC_SetVectorTable  misc.o
    0x08001724   0x08001724   0x00000060   Code   RO         2649    i.OccupanyMode      logic.o
    0x08001784   0x08001784   0x00000048   Code   RO         2584    i.PID_SetValue      pid.o
    0x080017cc   0x080017cc   0x00000020   Code   RO          664    i.RCC_APB1PeriphClockCmd  stm32f10x_rcc.o
    0x080017ec   0x080017ec   0x00000020   Code   RO          665    i.RCC_APB1PeriphResetCmd  stm32f10x_rcc.o
    0x0800180c   0x0800180c   0x00000020   Code   RO          666    i.RCC_APB2PeriphClockCmd  stm32f10x_rcc.o
    0x0800182c   0x0800182c   0x00000020   Code   RO          667    i.RCC_APB2PeriphResetCmd  stm32f10x_rcc.o
    0x0800184c   0x0800184c   0x00000058   Code   RO         2709    i.RCC_Configuration  main.o
    0x080018a4   0x080018a4   0x0000004c   Code   RO          673    i.RCC_DeInit        stm32f10x_rcc.o
    0x080018f0   0x080018f0   0x000000d4   Code   RO          674    i.RCC_GetClocksFreq  stm32f10x_rcc.o
    0x080019c4   0x080019c4   0x0000003c   Code   RO          675    i.RCC_GetFlagStatus  stm32f10x_rcc.o
    0x08001a00   0x08001a00   0x00000010   Code   RO          677    i.RCC_GetSYSCLKSource  stm32f10x_rcc.o
    0x08001a10   0x08001a10   0x00000018   Code   RO          678    i.RCC_HCLKConfig    stm32f10x_rcc.o
    0x08001a28   0x08001a28   0x0000004c   Code   RO          679    i.RCC_HSEConfig     stm32f10x_rcc.o
    0x08001a74   0x08001a74   0x00000018   Code   RO          685    i.RCC_PCLK1Config   stm32f10x_rcc.o
    0x08001a8c   0x08001a8c   0x00000018   Code   RO          686    i.RCC_PCLK2Config   stm32f10x_rcc.o
    0x08001aa4   0x08001aa4   0x0000000c   Code   RO          687    i.RCC_PLLCmd        stm32f10x_rcc.o
    0x08001ab0   0x08001ab0   0x0000001c   Code   RO          688    i.RCC_PLLConfig     stm32f10x_rcc.o
    0x08001acc   0x08001acc   0x00000018   Code   RO          691    i.RCC_SYSCLKConfig  stm32f10x_rcc.o
    0x08001ae4   0x08001ae4   0x00000038   Code   RO          693    i.RCC_WaitForHSEStartUp  stm32f10x_rcc.o
    0x08001b1c   0x08001b1c   0x00000048   Code   RO         2850    i.RS485_SendData    modbus.o
    0x08001b64   0x08001b64   0x00000178   Code   RO         2851    i.RS485_Service     modbus.o
    0x08001cdc   0x08001cdc   0x0000007c   Code   RO         2182    i.RTD_allchannels   rtd.o
    0x08001d58   0x08001d58   0x00000090   Code   RO         2183    i.RTD_init          rtd.o
    0x08001de8   0x08001de8   0x00000008   Code   RO           17    i.SetSysClock       system_stm32f10x.o
    0x08001df0   0x08001df0   0x000000e0   Code   RO           18    i.SetSysClockTo72   system_stm32f10x.o
    0x08001ed0   0x08001ed0   0x00000060   Code   RO           20    i.SystemInit        system_stm32f10x.o
    0x08001f30   0x08001f30   0x00000038   Code   RO         2784    i.TIM1_UP_IRQHandler  stm32_it.o
    0x08001f68   0x08001f68   0x00000050   Code   RO         2785    i.TIM2_IRQHandler   stm32_it.o
    0x08001fb8   0x08001fb8   0x00000060   Code   RO         2786    i.TIM3_IRQHandler   stm32_it.o
    0x08002018   0x08002018   0x00000054   Code   RO         2787    i.TIM4_IRQHandler   stm32_it.o
    0x0800206c   0x0800206c   0x00000006   Code   RO         1058    i.TIM_ClearFlag     stm32f10x_tim.o
    0x08002072   0x08002072   0x00000006   Code   RO         1059    i.TIM_ClearITPendingBit  stm32f10x_tim.o
    0x08002078   0x08002078   0x00000018   Code   RO         1064    i.TIM_Cmd           stm32f10x_tim.o
    0x08002090   0x08002090   0x000001e8   Code   RO         1069    i.TIM_DeInit        stm32f10x_tim.o
    0x08002278   0x08002278   0x00000022   Code   RO         1085    i.TIM_GetITStatus   stm32f10x_tim.o
    0x0800229a   0x0800229a   0x00000012   Code   RO         1089    i.TIM_ITConfig      stm32f10x_tim.o
    0x080022ac   0x080022ac   0x00000004   Code   RO         1129    i.TIM_SetCounter    stm32f10x_tim.o
    0x080022b0   0x080022b0   0x000000a4   Code   RO         1135    i.TIM_TimeBaseInit  stm32f10x_tim.o
    0x08002354   0x08002354   0x0000004c   Code   RO         2534    i.TSDataProcess     touchscreen.o
    0x080023a0   0x080023a0   0x00000030   Code   RO         2535    i.TSPacketAnalysis  touchscreen.o
    0x080023d0   0x080023d0   0x00000090   Code   RO         2536    i.TSSentDataGeneration  touchscreen.o
    0x08002460   0x08002460   0x000000f4   Code   RO         2537    i.TSreadPorts       touchscreen.o
    0x08002554   0x08002554   0x00000052   Code   RO         2247    i.Tim2Configure     timer.o
    0x080025a6   0x080025a6   0x00000002   PAD
    0x080025a8   0x080025a8   0x00000058   Code   RO         2248    i.Tim4Configure     timer.o
    0x08002600   0x08002600   0x00000054   Code   RO         2249    i.Timer1Config      timer.o
    0x08002654   0x08002654   0x00000070   Code   RO         2788    i.USART1_IRQHandler  stm32_it.o
    0x080026c4   0x080026c4   0x00000188   Code   RO         2789    i.USART2_IRQHandler  stm32_it.o
    0x0800284c   0x0800284c   0x00000012   Code   RO         1596    i.USART_ClearFlag   stm32f10x_usart.o
    0x0800285e   0x0800285e   0x0000001e   Code   RO         1597    i.USART_ClearITPendingBit  stm32f10x_usart.o
    0x0800287c   0x0800287c   0x00000018   Code   RO         1600    i.USART_Cmd         stm32f10x_usart.o
    0x08002894   0x08002894   0x0000009c   Code   RO         1602    i.USART_DeInit      stm32f10x_usart.o
    0x08002930   0x08002930   0x0000001a   Code   RO         1603    i.USART_GetFlagStatus  stm32f10x_usart.o
    0x0800294a   0x0800294a   0x00000054   Code   RO         1604    i.USART_GetITStatus  stm32f10x_usart.o
    0x0800299e   0x0800299e   0x0000004a   Code   RO         1606    i.USART_ITConfig    stm32f10x_usart.o
    0x080029e8   0x080029e8   0x000000d8   Code   RO         1607    i.USART_Init        stm32f10x_usart.o
    0x08002ac0   0x08002ac0   0x0000000a   Code   RO         1614    i.USART_ReceiveData  stm32f10x_usart.o
    0x08002aca   0x08002aca   0x00000008   Code   RO         1617    i.USART_SendData    stm32f10x_usart.o
    0x08002ad2   0x08002ad2   0x00000002   PAD
    0x08002ad4   0x08002ad4   0x00000024   Code   RO         2651    i.Unoccupanied      logic.o
    0x08002af8   0x08002af8   0x00000018   Code   RO         2299    i.Usart2SendData    usart.o
    0x08002b10   0x08002b10   0x00000194   Code   RO         2303    i.Usart_GPIO_Configuration  usart.o
    0x08002ca4   0x08002ca4   0x00000010   Code   RO         2304    i.Usart_GetChar     usart.o
    0x08002cb4   0x08002cb4   0x0000000c   Code   RO         2306    i.Usart_Total_Initi  usart.o
    0x08002cc0   0x08002cc0   0x00000030   Code   RO         2307    i.UsendChar         usart.o
    0x08002cf0   0x08002cf0   0x00000128   Code   RO         2710    i.ValueTran         main.o
    0x08002e18   0x08002e18   0x000000c8   Code   RO         2132    i.ValveControl      globe.o
    0x08002ee0   0x08002ee0   0x00000080   Code   RO         1995    i.analog_in_read_write_byte  adc.o
    0x08002f60   0x08002f60   0x00000024   Code   RO         2401    i.checkSentData     protocol.o
    0x08002f84   0x08002f84   0x00000074   Code   RO         2041    i.dac_read_write_byte  dac.o
    0x08002ff8   0x08002ff8   0x00000048   Code   RO         2042    i.dac_write         dac.o
    0x08003040   0x08003040   0x00000012   Code   RO         1996    i.delay_adc         adc.o
    0x08003052   0x08003052   0x00000016   Code   RO         2185    i.delay_rtd         rtd.o
    0x08003068   0x08003068   0x00000016   Code   RO         2462    i.getAIPhysicalValue  runtimedata.o
    0x0800307e   0x0800307e   0x00000016   Code   RO         2463    i.getAOPhysicalValue  runtimedata.o
    0x08003094   0x08003094   0x00000048   Code   RO         2402    i.getDecHighByte    protocol.o
    0x080030dc   0x080030dc   0x00000040   Code   RO         2403    i.getDecLowByte     protocol.o
    0x0800311c   0x0800311c   0x0000002e   Code   RO         2404    i.getIntHighByte    protocol.o
    0x0800314a   0x0800314a   0x00000024   Code   RO         2405    i.getIntLowByte     protocol.o
    0x0800316e   0x0800316e   0x00000002   PAD
    0x08003170   0x08003170   0x000001ac   Code   RO         2712    i.main              main.o
    0x0800331c   0x0800331c   0x00000314   Code   RO         2713    i.normal            main.o
    0x08003630   0x08003630   0x00000194   Code   RO         2464    i.readPID           runtimedata.o
    0x080037c4   0x080037c4   0x000002ac   Code   RO         2465    i.readPorts         runtimedata.o
    0x08003a70   0x08003a70   0x00000070   Code   RO         2186    i.rtd_read_write_byte  rtd.o
    0x08003ae0   0x08003ae0   0x00000284   Code   RO         2466    i.writePID          runtimedata.o
    0x08003d64   0x08003d64   0x00000358   Code   RO         2467    i.writePorts        runtimedata.o
    0x080040bc   0x080040bc   0x00000062   Code   RO         2934    x$fpl$d2f           fz_ws.l(d2f.o)
    0x0800411e   0x0800411e   0x00000002   PAD
    0x08004120   0x08004120   0x00000150   Code   RO         2936    x$fpl$dadd          fz_ws.l(daddsub_clz.o)
    0x08004270   0x08004270   0x00000018   Code   RO         2995    x$fpl$dcmpinf       fz_ws.l(dcmpi.o)
    0x08004288   0x08004288   0x000002b0   Code   RO         2943    x$fpl$ddiv          fz_ws.l(ddiv.o)
    0x08004538   0x08004538   0x0000005a   Code   RO         2946    x$fpl$dfixu         fz_ws.l(dfixu.o)
    0x08004592   0x08004592   0x0000002e   Code   RO         2951    x$fpl$dflt          fz_ws.l(dflt_clz.o)
    0x080045c0   0x080045c0   0x00000026   Code   RO         2950    x$fpl$dfltu         fz_ws.l(dflt_clz.o)
    0x080045e6   0x080045e6   0x00000002   PAD
    0x080045e8   0x080045e8   0x00000078   Code   RO         2956    x$fpl$dleqf         fz_ws.l(dleqf.o)
    0x08004660   0x08004660   0x00000154   Code   RO         2958    x$fpl$dmul          fz_ws.l(dmul.o)
    0x080047b4   0x080047b4   0x0000009c   Code   RO         2997    x$fpl$dnaninf       fz_ws.l(dnaninf.o)
    0x08004850   0x08004850   0x0000000c   Code   RO         2999    x$fpl$dretinf       fz_ws.l(dretinf.o)
    0x0800485c   0x0800485c   0x0000006c   Code   RO         2960    x$fpl$drleqf        fz_ws.l(drleqf.o)
    0x080048c8   0x080048c8   0x000001d4   Code   RO         2938    x$fpl$dsub          fz_ws.l(daddsub_clz.o)
    0x08004a9c   0x08004a9c   0x00000056   Code   RO         2962    x$fpl$f2d           fz_ws.l(f2d.o)
    0x08004af2   0x08004af2   0x00000002   PAD
    0x08004af4   0x08004af4   0x000000c4   Code   RO         2964    x$fpl$fadd          fz_ws.l(faddsub_clz.o)
    0x08004bb8   0x08004bb8   0x00000018   Code   RO         3001    x$fpl$fcmpinf       fz_ws.l(fcmpi.o)
    0x08004bd0   0x08004bd0   0x00000184   Code   RO         2971    x$fpl$fdiv          fz_ws.l(fdiv.o)
    0x08004d54   0x08004d54   0x00000036   Code   RO         2974    x$fpl$ffix          fz_ws.l(ffix.o)
    0x08004d8a   0x08004d8a   0x00000002   PAD
    0x08004d8c   0x08004d8c   0x0000003e   Code   RO         2978    x$fpl$ffixu         fz_ws.l(ffixu.o)
    0x08004dca   0x08004dca   0x00000002   PAD
    0x08004dcc   0x08004dcc   0x00000026   Code   RO         2982    x$fpl$ffltu         fz_ws.l(fflt_clz.o)
    0x08004df2   0x08004df2   0x00000002   PAD
    0x08004df4   0x08004df4   0x00000068   Code   RO         2988    x$fpl$fleqf         fz_ws.l(fleqf.o)
    0x08004e5c   0x08004e5c   0x00000102   Code   RO         2990    x$fpl$fmul          fz_ws.l(fmul.o)
    0x08004f5e   0x08004f5e   0x0000008c   Code   RO         3003    x$fpl$fnaninf       fz_ws.l(fnaninf.o)
    0x08004fea   0x08004fea   0x0000000a   Code   RO         3005    x$fpl$fretinf       fz_ws.l(fretinf.o)
    0x08004ff4   0x08004ff4   0x00000062   Code   RO         2992    x$fpl$frleqf        fz_ws.l(frleqf.o)
    0x08005056   0x08005056   0x00000014   Code   RO         2965    x$fpl$frsb          fz_ws.l(faddsub_clz.o)
    0x0800506a   0x0800506a   0x00000002   PAD
    0x0800506c   0x0800506c   0x000000ea   Code   RO         2966    x$fpl$fsub          fz_ws.l(faddsub_clz.o)
    0x08005156   0x08005156   0x00000000   Code   RO         3007    x$fpl$usenofp       fz_ws.l(usenofp.o)
    0x08005156   0x08005156   0x0000000c   Data   RO         2188    .constdata          rtd.o
    0x08005162   0x08005162   0x00000100   Data   RO         2852    .constdata          modbus.o
    0x08005262   0x08005262   0x00000002   PAD
    0x08005264   0x08005264   0x00000020   Data   RO         3160    Region$$Table       anon$$obj.o


    Execution Region RW_IRAM1 (Exec base: 0x20000000, Load base: 0x08005284, Size: 0x00002510, Max: 0x00010000, ABSOLUTE, COMPRESSED[0x000000a0])

    Exec Addr    Load Addr    Size         Type   Attr      Idx    E Section Name        Object

    0x20000000   COMPRESSED   0x00000014   Data   RW          694    .data               stm32f10x_rcc.o
    0x20000014   COMPRESSED   0x00000004   Data   RW         2586    .data               pid.o
    0x20000018   COMPRESSED   0x0000020b   Data   RW         2715    .data               main.o
    0x20000223   COMPRESSED   0x00000001   PAD
    0x20000224   COMPRESSED   0x0000000c   Data   RW         2790    .data               stm32_it.o
    0x20000230   COMPRESSED   0x00000116   Data   RW         2853    .data               modbus.o
    0x20000346   COMPRESSED   0x00000002   PAD
    0x20000348        -       0x00000024   Zero   RW         1997    .bss                adc.o
    0x2000036c        -       0x00000020   Zero   RW         2043    .bss                dac.o
    0x2000038c        -       0x00000014   Zero   RW         2187    .bss                rtd.o
    0x200003a0        -       0x000000a0   Zero   RW         2585    .bss                pid.o
    0x20000440        -       0x00001a70   Zero   RW         2714    .bss                main.o
    0x20001eb0        -       0x00000060   Zero   RW         3034    .bss                c_w.l(libspace.o)
    0x20001f10        -       0x00000200   Zero   RW         2922    HEAP                startup_stm32f10x_hd.o
    0x20002110        -       0x00000400   Zero   RW         2921    STACK               startup_stm32f10x_hd.o


==============================================================================

Image component sizes


      Code (inc. data)   RO Data    RW Data    ZI Data      Debug   Object Name

       674         22          0          0         36       4708   adc.o
         0          0          0          0          0       4564   core_cm3.o
       604         50          0          0         32       4434   dac.o
       336         34          0          0          0       3928   digital_io.o
       200         30          0          0          0        571   globe.o
       370         48          0          0          0       3918   logic.o
      1670        188          0        523       6768      11181   main.o
       152         30          0          0          0       1921   misc.o
      2632        322        256        278          0       7010   modbus.o
        72          6          0          4        160       1612   pid.o
       254         16          0          0          0       4028   protocol.o
       402         28         12          0         20       3735   rtd.o
      2756        158          0          0          0       5418   runtimedata.o
        64         26        304          0       1536        784   startup_stm32f10x_hd.o
       820        134          0         12          0       3251   stm32_it.o
       448          6          0          0          0       4262   stm32f10x_gpio.o
        68         30          0          0          0       2290   stm32f10x_iwdg.o
       760        104          0         20          0      11032   stm32f10x_rcc.o
       744        106          0          0          0       5076   stm32f10x_tim.o
       646         28          0          0          0       7560   stm32f10x_usart.o
       328         28          0          0          0     250329   system_stm32f10x.o
        78          0          0          0          0        915   systick_timer.o
       450         38          0          0          0       2617   timer.o
       692         80          0          0          0       3644   touchscreen.o
       692         36          0          0          0       3613   usart.o

    ----------------------------------------------------------------------
     15924       1548        606        840       8552     352401   Object Totals
         0          0         32          0          0          0   (incl. Generated)
        12          0          2          3          0          0   (incl. Padding)

    ----------------------------------------------------------------------

      Code (inc. data)   RO Data    RW Data    ZI Data      Debug   Library Member Name

        90          0          0          0          0          0   __dczerorl2.o
         8          0          0          0          0         68   __main.o
         0          0          0          0          0          0   __rtentry.o
        12          0          0          0          0          0   __rtentry2.o
         6          0          0          0          0          0   __rtentry4.o
        52          8          0          0          0          0   __scatter.o
        28          0          0          0          0          0   __scatter_zi.o
        18          0          0          0          0         80   exit.o
         6          0          0          0          0        152   heapauxi.o
         0          0          0          0          0          0   indicate_semi.o
         2          0          0          0          0          0   libinit.o
         2          0          0          0          0          0   libinit2.o
         2          0          0          0          0          0   libshutdown.o
         2          0          0          0          0          0   libshutdown2.o
         8          4          0          0         96         68   libspace.o
         2          0          0          0          0          0   rtexit.o
        10          0          0          0          0          0   rtexit2.o
        12          4          0          0          0         68   sys_exit.o
        74          0          0          0          0         80   sys_stackheap_outer.o
         2          0          0          0          0         68   use_no_semi.o
        98          4          0          0          0         92   d2f.o
       804         16          0          0          0        272   daddsub_clz.o
        24          0          0          0          0         68   dcmpi.o
       688        140          0          0          0        208   ddiv.o
        90          4          0          0          0         92   dfixu.o
        84          0          0          0          0        136   dflt_clz.o
       120          4          0          0          0         92   dleqf.o
       340         12          0          0          0        104   dmul.o
       156          4          0          0          0         92   dnaninf.o
        12          0          0          0          0         68   dretinf.o
       108          0          0          0          0         80   drleqf.o
        86          4          0          0          0         84   f2d.o
       450          8          0          0          0        236   faddsub_clz.o
        24          0          0          0          0         68   fcmpi.o
       388         76          0          0          0         96   fdiv.o
        54          4          0          0          0         84   ffix.o
        62          4          0          0          0         84   ffixu.o
        38          0          0          0          0         68   fflt_clz.o
       104          4          0          0          0         84   fleqf.o
       258          4          0          0          0         84   fmul.o
       140          4          0          0          0         84   fnaninf.o
        10          0          0          0          0         68   fretinf.o
        98          0          0          0          0         68   frleqf.o
         0          0          0          0          0          0   usenofp.o

    ----------------------------------------------------------------------
      4594        308          0          0         96       2996   Library Totals
        22          0          0          0          0          0   (incl. Padding)

    ----------------------------------------------------------------------

      Code (inc. data)   RO Data    RW Data    ZI Data      Debug   Library Name

       336         16          0          0         96        584   c_w.l
      4236        292          0          0          0       2412   fz_ws.l

    ----------------------------------------------------------------------
      4594        308          0          0         96       2996   Library Totals

    ----------------------------------------------------------------------

==============================================================================


      Code (inc. data)   RO Data    RW Data    ZI Data      Debug   

     20518       1856        606        840       8648     347177   Grand Totals
     20518       1856        606        160       8648     347177   ELF Image Totals (compressed)
     20518       1856        606        160          0          0   ROM Totals

==============================================================================

    Total RO  Size (Code + RO Data)                21124 (  20.63kB)
    Total RW  Size (RW Data + ZI Data)              9488 (   9.27kB)
    Total ROM Size (Code + RO Data + RW Data)      21284 (  20.79kB)

==============================================================================

