<html>
<body>
<pre>
<h1>礦ision Build Log</h1>
<h2>Tool Versions:</h2>
IDE-Version: μVision V5.24.2.0
Copyright (C) 2017 ARM Ltd and ARM Germany GmbH. All rights reserved.
License Information: 1 1, 1, LIC=WHYKP-MP2YL-Z9XG9-4SY4L-9FM8V-95I19
 
Tool Versions:
Toolchain:       MDK-ARM Plus  Version: 5.24.1
Toolchain Path:  D:\software install\Keil\ARM\ARMCC\Bin
C Compiler:      Armcc.exe V5.06 update 5 (build 528)
Assembler:       Armasm.exe V5.06 update 5 (build 528)
Linker/Locator:  ArmLink.exe V5.06 update 5 (build 528)
Library Manager: ArmAr.exe V5.06 update 5 (build 528)
Hex Converter:   FromElf.exe V5.06 update 5 (build 528)
CPU DLL:         SARMCM3.DLL V5.24.1
Dialog DLL:      DCM.DLL V1.16.0.0
Target DLL:      STLink\ST-LINKIII-KEIL_SWO.dll V3.0.1.0
Dialog DLL:      TCM.DLL V1.32.0.0
 
<h2>Project:</h2>
C:\Users\xu\Desktop\NSLH20180712\project\System.uvprojx
Project File Date:  07/12/2018

<h2>Output:</h2>
*** Using Compiler 'V5.06 update 5 (build 528)', folder: 'D:\software install\Keil\ARM\ARMCC\Bin'
Rebuild target 'SystemTest'
compiling core_cm3.c...
compiling misc.c...
compiling system_stm32f10x.c...
compiling stm32f10x_exti.c...
compiling stm32f10x_fsmc.c...
compiling stm32f10x_gpio.c...
compiling stm32f10x_i2c.c...
compiling stm32f10x_sdio.c...
compiling stm32f10x_rcc.c...
compiling stm32f10x_tim.c...
compiling stm32f10x_usart.c...
compiling stm32f10x_flash.c...
compiling stm32f10x_iwdg.c...
compiling adc.c...
compiling dac.c...
compiling digital_io.c...
compiling rtd.c...
compiling globe.c...
..\hardware\globe.c(45): warning:  #177-D: variable "REG0X03"  was declared but never referenced
  	u16 REG0X03[24];//功能吗0x03对应的寄存器地址为0x0001-0x00019  AD12路+RTD4路+DI8路=24
..\hardware\globe.c(46): warning:  #177-D: variable "REG0X06"  was declared but never referenced
  	u16 REG0X06[16];//功能吗0x06对应的寄存器地址为0x0001-0x00010  DA8路+DO8路=16
..\hardware\globe.c: 2 warnings, 0 errors
compiling systick_timer.c...
compiling protocol.c...
compiling timer.c...
compiling usart.c...
compiling pid.c...
compiling runtimedata.c...
compiling touchscreen.c...
compiling algorithm.c...
compiling logic.c...
compiling main.c...
assembling startup_stm32f10x_hd.s...
compiling stm32_it.c...
compiling modbus.c...
linking...
Program Size: Code=20518 RO-data=606 RW-data=840 ZI-data=8648  
FromELF: creating hex file...
".\Objects\System.axf" - 0 Error(s), 2 Warning(s).

<h2>Software Packages used:</h2>

Package Vendor: Keil
                http://www.keil.com/pack/Keil.STM32F1xx_DFP.2.2.0.pack
                Keil.STM32F1xx_DFP.2.2.0
                STMicroelectronics STM32F1 Series Device Support, Drivers and Examples

<h2>Collection of Component include folders:</h2>
  .\RTE\_SystemTest
  D:\software install\Keil\Keil\STM32F1xx_DFP\2.2.0\Device\Include

<h2>Collection of Component Files used:</h2>
Build Time Elapsed:  00:00:08
</pre>
</body>
</html>
