Component: ARM Compiler 5.06 update 5 (build 528) Tool: armlink [4d35e2]

==============================================================================

Section Cross References

    system_stm32f10x.o(i.SetSysClock) refers to system_stm32f10x.o(i.SetSysClockTo72) for SetSysClockTo72
    system_stm32f10x.o(i.SystemCoreClockUpdate) refers to system_stm32f10x.o(.data) for SystemCoreClock
    system_stm32f10x.o(i.SystemInit) refers to system_stm32f10x.o(i.SetSysClock) for SetSysClock
    stm32f10x_gpio.o(i.GPIO_AFIODeInit) refers to stm32f10x_rcc.o(i.RCC_APB2PeriphResetCmd) for RCC_APB2PeriphResetCmd
    stm32f10x_gpio.o(i.GPIO_DeInit) refers to stm32f10x_rcc.o(i.RCC_APB2PeriphResetCmd) for RCC_APB2PeriphResetCmd
    stm32f10x_i2c.o(i.I2C_DeInit) refers to stm32f10x_rcc.o(i.RCC_APB1PeriphResetCmd) for RCC_APB1PeriphResetCmd
    stm32f10x_i2c.o(i.I2C_Init) refers to stm32f10x_rcc.o(i.RCC_GetClocksFreq) for RCC_GetClocksFreq
    stm32f10x_rcc.o(i.RCC_GetClocksFreq) refers to stm32f10x_rcc.o(.data) for APBAHBPrescTable
    stm32f10x_rcc.o(i.RCC_WaitForHSEStartUp) refers to stm32f10x_rcc.o(i.RCC_GetFlagStatus) for RCC_GetFlagStatus
    stm32f10x_spi.o(i.I2S_Init) refers to stm32f10x_rcc.o(i.RCC_GetClocksFreq) for RCC_GetClocksFreq
    stm32f10x_spi.o(i.SPI_I2S_DeInit) refers to stm32f10x_rcc.o(i.RCC_APB2PeriphResetCmd) for RCC_APB2PeriphResetCmd
    stm32f10x_spi.o(i.SPI_I2S_DeInit) refers to stm32f10x_rcc.o(i.RCC_APB1PeriphResetCmd) for RCC_APB1PeriphResetCmd
    stm32f10x_tim.o(i.TIM_DeInit) refers to stm32f10x_rcc.o(i.RCC_APB2PeriphResetCmd) for RCC_APB2PeriphResetCmd
    stm32f10x_tim.o(i.TIM_DeInit) refers to stm32f10x_rcc.o(i.RCC_APB1PeriphResetCmd) for RCC_APB1PeriphResetCmd
    stm32f10x_tim.o(i.TIM_ETRClockMode1Config) refers to stm32f10x_tim.o(i.TIM_ETRConfig) for TIM_ETRConfig
    stm32f10x_tim.o(i.TIM_ETRClockMode2Config) refers to stm32f10x_tim.o(i.TIM_ETRConfig) for TIM_ETRConfig
    stm32f10x_tim.o(i.TIM_ICInit) refers to stm32f10x_tim.o(i.TI1_Config) for TI1_Config
    stm32f10x_tim.o(i.TIM_ICInit) refers to stm32f10x_tim.o(i.TIM_SetIC1Prescaler) for TIM_SetIC1Prescaler
    stm32f10x_tim.o(i.TIM_ICInit) refers to stm32f10x_tim.o(i.TI2_Config) for TI2_Config
    stm32f10x_tim.o(i.TIM_ICInit) refers to stm32f10x_tim.o(i.TIM_SetIC2Prescaler) for TIM_SetIC2Prescaler
    stm32f10x_tim.o(i.TIM_ICInit) refers to stm32f10x_tim.o(i.TI3_Config) for TI3_Config
    stm32f10x_tim.o(i.TIM_ICInit) refers to stm32f10x_tim.o(i.TIM_SetIC3Prescaler) for TIM_SetIC3Prescaler
    stm32f10x_tim.o(i.TIM_ICInit) refers to stm32f10x_tim.o(i.TI4_Config) for TI4_Config
    stm32f10x_tim.o(i.TIM_ICInit) refers to stm32f10x_tim.o(i.TIM_SetIC4Prescaler) for TIM_SetIC4Prescaler
    stm32f10x_tim.o(i.TIM_ITRxExternalClockConfig) refers to stm32f10x_tim.o(i.TIM_SelectInputTrigger) for TIM_SelectInputTrigger
    stm32f10x_tim.o(i.TIM_PWMIConfig) refers to stm32f10x_tim.o(i.TI1_Config) for TI1_Config
    stm32f10x_tim.o(i.TIM_PWMIConfig) refers to stm32f10x_tim.o(i.TIM_SetIC1Prescaler) for TIM_SetIC1Prescaler
    stm32f10x_tim.o(i.TIM_PWMIConfig) refers to stm32f10x_tim.o(i.TI2_Config) for TI2_Config
    stm32f10x_tim.o(i.TIM_PWMIConfig) refers to stm32f10x_tim.o(i.TIM_SetIC2Prescaler) for TIM_SetIC2Prescaler
    stm32f10x_tim.o(i.TIM_TIxExternalClockConfig) refers to stm32f10x_tim.o(i.TI2_Config) for TI2_Config
    stm32f10x_tim.o(i.TIM_TIxExternalClockConfig) refers to stm32f10x_tim.o(i.TI1_Config) for TI1_Config
    stm32f10x_tim.o(i.TIM_TIxExternalClockConfig) refers to stm32f10x_tim.o(i.TIM_SelectInputTrigger) for TIM_SelectInputTrigger
    stm32f10x_usart.o(i.USART_DeInit) refers to stm32f10x_rcc.o(i.RCC_APB2PeriphResetCmd) for RCC_APB2PeriphResetCmd
    stm32f10x_usart.o(i.USART_DeInit) refers to stm32f10x_rcc.o(i.RCC_APB1PeriphResetCmd) for RCC_APB1PeriphResetCmd
    stm32f10x_usart.o(i.USART_Init) refers to stm32f10x_rcc.o(i.RCC_GetClocksFreq) for RCC_GetClocksFreq
    stm32f10x_adc.o(i.ADC_DeInit) refers to stm32f10x_rcc.o(i.RCC_APB2PeriphResetCmd) for RCC_APB2PeriphResetCmd
    ad.o(i.ADC1_GPIO_Config) refers to stm32f10x_rcc.o(i.RCC_AHBPeriphClockCmd) for RCC_AHBPeriphClockCmd
    ad.o(i.ADC1_GPIO_Config) refers to stm32f10x_rcc.o(i.RCC_APB2PeriphClockCmd) for RCC_APB2PeriphClockCmd
    ad.o(i.ADC1_GPIO_Config) refers to stm32f10x_gpio.o(i.GPIO_Init) for GPIO_Init
    ad.o(i.ADC1_Mode_Config) refers to stm32f10x_dma.o(i.DMA_DeInit) for DMA_DeInit
    ad.o(i.ADC1_Mode_Config) refers to stm32f10x_dma.o(i.DMA_Init) for DMA_Init
    ad.o(i.ADC1_Mode_Config) refers to stm32f10x_dma.o(i.DMA_Cmd) for DMA_Cmd
    ad.o(i.ADC1_Mode_Config) refers to stm32f10x_adc.o(i.ADC_Init) for ADC_Init
    ad.o(i.ADC1_Mode_Config) refers to stm32f10x_rcc.o(i.RCC_ADCCLKConfig) for RCC_ADCCLKConfig
    ad.o(i.ADC1_Mode_Config) refers to stm32f10x_adc.o(i.ADC_RegularChannelConfig) for ADC_RegularChannelConfig
    ad.o(i.ADC1_Mode_Config) refers to stm32f10x_adc.o(i.ADC_DMACmd) for ADC_DMACmd
[...]
    ../clib/signal.c                         0x00000000   Number         0  __raise.o ABSOLUTE
    ../clib/signal.c                         0x00000000   Number         0  defsig_rtmem_formal.o ABSOLUTE
    ../clib/signal.c                         0x00000000   Number         0  defsig_rtmem_outer.o ABSOLUTE
    ../clib/signal.c                         0x00000000   Number         0  defsig_rtmem_inner.o ABSOLUTE
    ../clib/signal.s                         0x00000000   Number         0  defsig.o ABSOLUTE
    ../clib/stdlib.c                         0x00000000   Number         0  exit.o ABSOLUTE
    ../fplib/d2f.s                           0x00000000   Number         0  d2f.o ABSOLUTE
    ../fplib/daddsub.s                       0x00000000   Number         0  daddsub_clz.o ABSOLUTE
    ../fplib/dcmpi.s                         0x00000000   Number         0  dcmpi.o ABSOLUTE
    ../fplib/ddiv.s                          0x00000000   Number         0  ddiv.o ABSOLUTE
    ../fplib/dfixu.s                         0x00000000   Number         0  dfixu.o ABSOLUTE
    ../fplib/dflt.s                          0x00000000   Number         0  dflt_clz.o ABSOLUTE
    ../fplib/dleqf.s                         0x00000000   Number         0  dleqf.o ABSOLUTE
    ../fplib/dmul.s                          0x00000000   Number         0  dmul.o ABSOLUTE
    ../fplib/dnaninf.s                       0x00000000   Number         0  dnaninf.o ABSOLUTE
    ../fplib/dretinf.s                       0x00000000   Number         0  dretinf.o ABSOLUTE
    ../fplib/drleqf.s                        0x00000000   Number         0  drleqf.o ABSOLUTE
    ../fplib/f2d.s                           0x00000000   Number         0  f2d.o ABSOLUTE
    ../fplib/faddsub.s                       0x00000000   Number         0  faddsub_clz.o ABSOLUTE
    ../fplib/fcmpi.s                         0x00000000   Number         0  fcmpi.o ABSOLUTE
    ../fplib/ffix.s                          0x00000000   Number         0  ffix.o ABSOLUTE
    ../fplib/ffixu.s                         0x00000000   Number         0  ffixu.o ABSOLUTE
    ../fplib/fflt.s                          0x00000000   Number         0  fflt_clz.o ABSOLUTE
    ../fplib/fleqf.s                         0x00000000   Number         0  fleqf.o ABSOLUTE
    ../fplib/fmul.s                          0x00000000   Number         0  fmul.o ABSOLUTE
    ../fplib/fnaninf.s                       0x00000000   Number         0  fnaninf.o ABSOLUTE
    ../fplib/fpinit.s                        0x00000000   Number         0  fpinit.o ABSOLUTE
    ../fplib/fretinf.s                       0x00000000   Number         0  fretinf.o ABSOLUTE
    ../fplib/frleqf.s                        0x00000000   Number         0  frleqf.o ABSOLUTE
    ../fplib/usenofp.s                       0x00000000   Number         0  usenofp.o ABSOLUTE
    ..\CM3\CoreSupport\core_cm3.c            0x00000000   Number         0  core_cm3.o ABSOLUTE
    ..\CM3\DeviceSupport\ST\STM32F10x\system_stm32f10x.c 0x00000000   Number         0  system_stm32f10x.o ABSOLUTE
    ..\Config\Globle.c                       0x00000000   Number         0  globle.o ABSOLUTE
    ..\Config\delay.c                        0x00000000   Number         0  delay.o ABSOLUTE
    ..\Config\timer.c                        0x00000000   Number         0  timer.o ABSOLUTE
    ..\Config\usart.c                        0x00000000   Number         0  usart.o ABSOLUTE
    ..\Hardware\AD.c                         0x00000000   Number         0  ad.o ABSOLUTE
    ..\Hardware\DAC8554.c                    0x00000000   Number         0  dac8554.o ABSOLUTE
    ..\Hardware\Dio.c                        0x00000000   Number         0  dio.o ABSOLUTE
    ..\Hardware\MuxCfg.c                     0x00000000   Number         0  muxcfg.o ABSOLUTE
    ..\Hardware\Pwm.c                        0x00000000   Number         0  pwm.o ABSOLUTE
    ..\Hardware\W25Q16.c                     0x00000000   Number         0  w25q16.o ABSOLUTE
    ..\Hardware\io_spi.c                     0x00000000   Number         0  io_spi.o ABSOLUTE
    ..\Hardware\myiic.c                      0x00000000   Number         0  myiic.o ABSOLUTE
    ..\Libraries\src\misc.c                  0x00000000   Number         0  misc.o ABSOLUTE
    ..\Libraries\src\stm32f10x_adc.c         0x00000000   Number         0  stm32f10x_adc.o ABSOLUTE
    ..\Libraries\src\stm32f10x_crc.c         0x00000000   Number         0  stm32f10x_crc.o ABSOLUTE
    ..\Libraries\src\stm32f10x_dma.c         0x00000000   Number         0  stm32f10x_dma.o ABSOLUTE
    ..\Libraries\src\stm32f10x_gpio.c        0x00000000   Number         0  stm32f10x_gpio.o ABSOLUTE
    ..\Libraries\src\stm32f10x_i2c.c         0x00000000   Number         0  stm32f10x_i2c.o ABSOLUTE
    ..\Libraries\src\stm32f10x_rcc.c         0x00000000   Number         0  stm32f10x_rcc.o ABSOLUTE
    ..\Libraries\src\stm32f10x_sdio.c        0x00000000   Number         0  stm32f10x_sdio.o ABSOLUTE
    ..\Libraries\src\stm32f10x_spi.c         0x00000000   Number         0  stm32f10x_spi.o ABSOLUTE
    ..\Libraries\src\stm32f10x_tim.c         0x00000000   Number         0  stm32f10x_tim.o ABSOLUTE
    ..\Libraries\src\stm32f10x_usart.c       0x00000000   Number         0  stm32f10x_usart.o ABSOLUTE
    ..\Modbus\modbus.c                       0x00000000   Number         0  modbus.o ABSOLUTE
    ..\Modbus\modbusNew.c                    0x00000000   Number         0  modbusnew.o ABSOLUTE
    ..\Pid\pid.c                             0x00000000   Number         0  pid.o ABSOLUTE
    ..\Startup\startup_stm32f10x_hd.s        0x00000000   Number         0  startup_stm32f10x_hd.o ABSOLUTE
    ..\User\main.c                           0x00000000   Number         0  main.o ABSOLUTE
    ..\User\stm32f10x_it.c                   0x00000000   Number         0  stm32f10x_it.o ABSOLUTE
    ..\\CM3\\CoreSupport\\core_cm3.c         0x00000000   Number         0  core_cm3.o ABSOLUTE
    dc.s                                     0x00000000   Number         0  dc.o ABSOLUTE
    RESET                                    0x08000000   Section      304  startup_stm32f10x_hd.o(RESET)
    !!!main                                  0x08000130   Section        8  __main.o(!!!main)
    !!!scatter                               0x08000138   Section       52  __scatter.o(!!!scatter)
    !!dczerorl2                              0x0800016c   Section       90  __dczerorl2.o(!!dczerorl2)
    !!handler_zi                             0x080001c8   Section       28  __scatter_zi.o(!!handler_zi)
    .ARM.Collect$$libinit$$00000000          0x080001e4   Section        2  libinit.o(.ARM.Collect$$libinit$$00000000)
    .ARM.Collect$$libinit$$00000002          0x080001e6   Section        0  libinit2.o(.ARM.Collect$$libinit$$00000002)
    .ARM.Collect$$libinit$$00000004          0x080001e6   Section        0  libinit2.o(.ARM.Collect$$libinit$$00000004)
    .ARM.Collect$$libinit$$0000000A          0x080001e6   Section        0  libinit2.o(.ARM.Collect$$libinit$$0000000A)
    .ARM.Collect$$libinit$$0000000C          0x080001e6   Section        0  libinit2.o(.ARM.Collect$$libinit$$0000000C)
    .ARM.Collect$$libinit$$0000000E          0x080001e6   Section        0  libinit2.o(.ARM.Collect$$libinit$$0000000E)
    .ARM.Collect$$libinit$$00000011          0x080001e6   Section        0  libinit2.o(.ARM.Collect$$libinit$$00000011)
    .ARM.Collect$$libinit$$00000013          0x080001e6   Section        0  libinit2.o(.ARM.Collect$$libinit$$00000013)
    .ARM.Collect$$libinit$$00000015          0x080001e6   Section        0  libinit2.o(.ARM.Collect$$libinit$$00000015)
    .ARM.Collect$$libinit$$00000017          0x080001e6   Section        0  libinit2.o(.ARM.Collect$$libinit$$00000017)
    .ARM.Collect$$libinit$$00000019          0x080001e6   Section        0  libinit2.o(.ARM.Collect$$libinit$$00000019)
    .ARM.Collect$$libinit$$0000001B          0x080001e6   Section        0  libinit2.o(.ARM.Collect$$libinit$$0000001B)
    .ARM.Collect$$libinit$$0000001D          0x080001e6   Section        0  libinit2.o(.ARM.Collect$$libinit$$0000001D)
    .ARM.Collect$$libinit$$0000001F          0x080001e6   Section        0  libinit2.o(.ARM.Collect$$libinit$$0000001F)
    .ARM.Collect$$libinit$$00000021          0x080001e6   Section        0  libinit2.o(.ARM.Collect$$libinit$$00000021)
    .ARM.Collect$$libinit$$00000023          0x080001e6   Section        0  libinit2.o(.ARM.Collect$$libinit$$00000023)
    .ARM.Collect$$libinit$$00000025          0x080001e6   Section        0  libinit2.o(.ARM.Collect$$libinit$$00000025)
    .ARM.Collect$$libinit$$0000002C          0x080001e6   Section        0  libinit2.o(.ARM.Collect$$libinit$$0000002C)
    .ARM.Collect$$libinit$$0000002E          0x080001e6   Section        0  libinit2.o(.ARM.Collect$$libinit$$0000002E)
    .ARM.Collect$$libinit$$00000030          0x080001e6   Section        0  libinit2.o(.ARM.Collect$$libinit$$00000030)
    .ARM.Collect$$libinit$$00000032          0x080001e6   Section        0  libinit2.o(.ARM.Collect$$libinit$$00000032)
    .ARM.Collect$$libinit$$00000033          0x080001e6   Section        2  libinit2.o(.ARM.Collect$$libinit$$00000033)
    .ARM.Collect$$libshutdown$$00000000      0x080001e8   Section        2  libshutdown.o(.ARM.Collect$$libshutdown$$00000000)
    .ARM.Collect$$libshutdown$$00000002      0x080001ea   Section        0  libshutdown2.o(.ARM.Collect$$libshutdown$$00000002)
    .ARM.Collect$$libshutdown$$00000004      0x080001ea   Section        0  libshutdown2.o(.ARM.Collect$$libshutdown$$00000004)
    .ARM.Collect$$libshutdown$$00000007      0x080001ea   Section        0  libshutdown2.o(.ARM.Collect$$libshutdown$$00000007)
    .ARM.Collect$$libshutdown$$0000000A      0x080001ea   Section        0  libshutdown2.o(.ARM.Collect$$libshutdown$$0000000A)
    .ARM.Collect$$libshutdown$$0000000C      0x080001ea   Section        0  libshutdown2.o(.ARM.Collect$$libshutdown$$0000000C)
    .ARM.Collect$$libshutdown$$0000000F      0x080001ea   Section        0  libshutdown2.o(.ARM.Collect$$libshutdown$$0000000F)
    .ARM.Collect$$libshutdown$$00000010      0x080001ea   Section        2  libshutdown2.o(.ARM.Collect$$libshutdown$$00000010)
    .ARM.Collect$$rtentry$$00000000          0x080001ec   Section        0  __rtentry.o(.ARM.Collect$$rtentry$$00000000)
    .ARM.Collect$$rtentry$$00000002          0x080001ec   Section        0  __rtentry2.o(.ARM.Collect$$rtentry$$00000002)
    .ARM.Collect$$rtentry$$00000004          0x080001ec   Section        6  __rtentry4.o(.ARM.Collect$$rtentry$$00000004)
    .ARM.Collect$$rtentry$$00000009          0x080001f2   Section        0  __rtentry2.o(.ARM.Collect$$rtentry$$00000009)
    .ARM.Collect$$rtentry$$0000000A          0x080001f2   Section        4  __rtentry2.o(.ARM.Collect$$rtentry$$0000000A)
    .ARM.Collect$$rtentry$$0000000C          0x080001f6   Section        0  __rtentry2.o(.ARM.Collect$$rtentry$$0000000C)
    .ARM.Collect$$rtentry$$0000000D          0x080001f6   Section        8  __rtentry2.o(.ARM.Collect$$rtentry$$0000000D)
    .ARM.Collect$$rtexit$$00000000           0x080001fe   Section        2  rtexit.o(.ARM.Collect$$rtexit$$00000000)
    .ARM.Collect$$rtexit$$00000002           0x08000200   Section        0  rtexit2.o(.ARM.Collect$$rtexit$$00000002)
    .ARM.Collect$$rtexit$$00000003           0x08000200   Section        4  rtexit2.o(.ARM.Collect$$rtexit$$00000003)
    .ARM.Collect$$rtexit$$00000004           0x08000204   Section        6  rtexit2.o(.ARM.Collect$$rtexit$$00000004)
    .text                                    0x0800020c   Section       64  startup_stm32f10x_hd.o(.text)
    .text                                    0x0800024c   Section        0  heapauxi.o(.text)
    .text                                    0x08000252   Section       74  sys_stackheap_outer.o(.text)
    .text                                    0x0800029c   Section        0  exit.o(.text)
    .text                                    0x080002b0   Section        8  libspace.o(.text)
    .text                                    0x080002b8   Section        0  sys_exit.o(.text)
    .text                                    0x080002c4   Section        2  use_no_semi.o(.text)
    .text                                    0x080002c6   Section        0  indicate_semi.o(.text)
    i.ADC1_GPIO_Config                       0x080002c8   Section        0  ad.o(i.ADC1_GPIO_Config)
    i.ADC1_Mode_Config                       0x080002f8   Section        0  ad.o(i.ADC1_Mode_Config)
    i.ADC_Cmd                                0x0800041c   Section        0  stm32f10x_adc.o(i.ADC_Cmd)
    i.ADC_DMACmd                             0x08000432   Section        0  stm32f10x_adc.o(i.ADC_DMACmd)
    i.ADC_GetCalibrationStatus               0x08000448   Section        0  stm32f10x_adc.o(i.ADC_GetCalibrationStatus)
    i.ADC_GetResetCalibrationStatus          0x0800045c   Section        0  stm32f10x_adc.o(i.ADC_GetResetCalibrationStatus)
    i.ADC_Init                               0x08000470   Section        0  stm32f10x_adc.o(i.ADC_Init)
    i.ADC_RegularChannelConfig               0x080004c0   Section        0  stm32f10x_adc.o(i.ADC_RegularChannelConfig)
    i.ADC_ResetCalibration                   0x08000578   Section        0  stm32f10x_adc.o(i.ADC_ResetCalibration)
    i.ADC_SoftwareStartConvCmd               0x08000582   Section        0  stm32f10x_adc.o(i.ADC_SoftwareStartConvCmd)
    i.ADC_StartCalibration                   0x08000598   Section        0  stm32f10x_adc.o(i.ADC_StartCalibration)
    i.BusFault_Handler                       0x080005a2   Section        0  stm32f10x_it.o(i.BusFault_Handler)
    i.CRC_Compute                            0x080005a8   Section        0  modbusnew.o(i.CRC_Compute)
    i.DAC7554_GPIO_Config                    0x080005e0   Section        0  dac8554.o(i.DAC7554_GPIO_Config)
    i.DAC7554_Send_16_bits                   0x08000614   Section        0  dac8554.o(i.DAC7554_Send_16_bits)
    i.DAC8554_delay                          0x08000680   Section        0  dac8554.o(i.DAC8554_delay)
    i.DMA_Cmd                                0x0800068c   Section        0  stm32f10x_dma.o(i.DMA_Cmd)
    i.DMA_DeInit                             0x080006a4   Section        0  stm32f10x_dma.o(i.DMA_DeInit)
    i.DMA_Init                               0x080007f0   Section        0  stm32f10x_dma.o(i.DMA_Init)
    i.DebugMon_Handler                       0x0800082c   Section        0  stm32f10x_it.o(i.DebugMon_Handler)
    i.DiGpioCfg                              0x08000830   Section        0  dio.o(i.DiGpioCfg)
    i.DioCfg                                 0x0800085c   Section        0  dio.o(i.DioCfg)
    i.DoMuxGpioCfg                           0x08000868   Section        0  dio.o(i.DoMuxGpioCfg)
    i.GPIO_Init                              0x080008a0   Section        0  stm32f10x_gpio.o(i.GPIO_Init)
    i.GPIO_PinRemapConfig                    0x080009b8   Section        0  stm32f10x_gpio.o(i.GPIO_PinRemapConfig)
    i.GPIO_ReadInputData                     0x08000a48   Section        0  stm32f10x_gpio.o(i.GPIO_ReadInputData)
    i.GPIO_ResetBits                         0x08000a50   Section        0  stm32f10x_gpio.o(i.GPIO_ResetBits)
    i.GPIO_SetBits                           0x08000a54   Section        0  stm32f10x_gpio.o(i.GPIO_SetBits)
    i.GPIO_WriteBit                          0x08000a58   Section        0  stm32f10x_gpio.o(i.GPIO_WriteBit)
    i.GetDiMap                               0x08000a64   Section        0  dio.o(i.GetDiMap)
    i.HardFault_Handler                      0x08000a78   Section        0  stm32f10x_it.o(i.HardFault_Handler)
    i.LedInit                                0x08000a7c   Section        0  main.o(i.LedInit)
    i.MemManage_Handler                      0x08000acc   Section        0  stm32f10x_it.o(i.MemManage_Handler)
    i.Modbus_01_Solve                        0x08000ad0   Section        0  modbusnew.o(i.Modbus_01_Solve)
    i.Modbus_02_Solve                        0x08000c5c   Section        0  modbusnew.o(i.Modbus_02_Solve)
    i.Modbus_03_Solve                        0x08000de8   Section        0  modbusnew.o(i.Modbus_03_Solve)
    i.Modbus_05_Solve                        0x08000ee8   Section        0  modbusnew.o(i.Modbus_05_Solve)
    i.Modbus_06_Solve                        0x08000fa0   Section        0  modbusnew.o(i.Modbus_06_Solve)
    i.Modbus_15_Solve                        0x08001034   Section        0  modbusnew.o(i.Modbus_15_Solve)
    i.Modbus_16_Solve                        0x0800113c   Section        0  modbusnew.o(i.Modbus_16_Solve)
    i.Modbus_RegMap                          0x08001234   Section        0  modbusnew.o(i.Modbus_RegMap)
    i.NMI_Handler                            0x08001274   Section        0  stm32f10x_it.o(i.NMI_Handler)
    i.NVIC_Configuration                     0x08001276   Section        0  main.o(i.NVIC_Configuration)
    i.NVIC_Init                              0x080012bc   Section        0  misc.o(i.NVIC_Init)
    i.NVIC_PriorityGroupConfig               0x0800132c   Section        0  misc.o(i.NVIC_PriorityGroupConfig)
    i.NVIC_SetVectorTable                    0x08001340   Section        0  misc.o(i.NVIC_SetVectorTable)
    i.PWM1_Init                              0x08001354   Section        0  pwm.o(i.PWM1_Init)
    i.PWM1_SetHighTime                       0x080013f0   Section        0  pwm.o(i.PWM1_SetHighTime)
    i.PWM2_Init                              0x08001414   Section        0  pwm.o(i.PWM2_Init)
    i.PWM2_SetHighTime                       0x080014b0   Section        0  pwm.o(i.PWM2_SetHighTime)
    i.PendSV_Handler                         0x080014d4   Section        0  stm32f10x_it.o(i.PendSV_Handler)
    i.RCC_ADCCLKConfig                       0x080014d8   Section        0  stm32f10x_rcc.o(i.RCC_ADCCLKConfig)
    i.RCC_AHBPeriphClockCmd                  0x080014f0   Section        0  stm32f10x_rcc.o(i.RCC_AHBPeriphClockCmd)
    i.RCC_APB1PeriphClockCmd                 0x08001510   Section        0  stm32f10x_rcc.o(i.RCC_APB1PeriphClockCmd)
    i.RCC_APB1PeriphResetCmd                 0x08001530   Section        0  stm32f10x_rcc.o(i.RCC_APB1PeriphResetCmd)
    i.RCC_APB2PeriphClockCmd                 0x08001550   Section        0  stm32f10x_rcc.o(i.RCC_APB2PeriphClockCmd)
    i.RCC_APB2PeriphResetCmd                 0x08001570   Section        0  stm32f10x_rcc.o(i.RCC_APB2PeriphResetCmd)
    i.RCC_Configuration                      0x08001590   Section        0  main.o(i.RCC_Configuration)
    i.RCC_DeInit                             0x080015e8   Section        0  stm32f10x_rcc.o(i.RCC_DeInit)
    i.RCC_GetClocksFreq                      0x08001634   Section        0  stm32f10x_rcc.o(i.RCC_GetClocksFreq)
    i.RCC_GetFlagStatus                      0x08001708   Section        0  stm32f10x_rcc.o(i.RCC_GetFlagStatus)
    i.RCC_GetSYSCLKSource                    0x08001744   Section        0  stm32f10x_rcc.o(i.RCC_GetSYSCLKSource)
    i.RCC_HCLKConfig                         0x08001754   Section        0  stm32f10x_rcc.o(i.RCC_HCLKConfig)
    i.RCC_HSEConfig                          0x0800176c   Section        0  stm32f10x_rcc.o(i.RCC_HSEConfig)
    i.RCC_PCLK1Config                        0x080017b8   Section        0  stm32f10x_rcc.o(i.RCC_PCLK1Config)
    i.RCC_PCLK2Config                        0x080017d0   Section        0  stm32f10x_rcc.o(i.RCC_PCLK2Config)
    i.RCC_PLLCmd                             0x080017e8   Section        0  stm32f10x_rcc.o(i.RCC_PLLCmd)
    i.RCC_PLLConfig                          0x080017f4   Section        0  stm32f10x_rcc.o(i.RCC_PLLConfig)
    i.RCC_SYSCLKConfig                       0x08001810   Section        0  stm32f10x_rcc.o(i.RCC_SYSCLKConfig)
    i.RCC_WaitForHSEStartUp                  0x08001828   Section        0  stm32f10x_rcc.o(i.RCC_WaitForHSEStartUp)
    i.RS485_SendData                         0x08001860   Section        0  modbusnew.o(i.RS485_SendData)
    i.RS485_Service                          0x080018a8   Section        0  modbusnew.o(i.RS485_Service)
    i.ReadAdOfChannel                        0x08001a20   Section        0  ad.o(i.ReadAdOfChannel)
    i.SPI_Cmd                                0x08001b1c   Section        0  stm32f10x_spi.o(i.SPI_Cmd)
    i.SPI_Flash_Init                         0x08001b34   Section        0  w25q16.o(i.SPI_Flash_Init)
    i.SPI_Init                               0x08001b3c   Section        0  stm32f10x_spi.o(i.SPI_Init)
    i.SPIx_Init                              0x08001b78   Section        0  w25q16.o(i.SPIx_Init)
    i.SVC_Handler                            0x08001c50   Section        0  stm32f10x_it.o(i.SVC_Handler)
    i.SetAoOut                               0x08001c54   Section        0  dac8554.o(i.SetAoOut)
    i.SetSpdtState                           0x08001e00   Section        0  dio.o(i.SetSpdtState)
    i.SetSysClock                            0x08001ea8   Section        0  system_stm32f10x.o(i.SetSysClock)
    SetSysClock                              0x08001ea9   Thumb Code     8  system_stm32f10x.o(i.SetSysClock)
    i.SetSysClockTo72                        0x08001eb0   Section        0  system_stm32f10x.o(i.SetSysClockTo72)
    SetSysClockTo72                          0x08001eb1   Thumb Code   214  system_stm32f10x.o(i.SetSysClockTo72)
    i.SysTick_CLKSourceConfig                0x08001f90   Section        0  misc.o(i.SysTick_CLKSourceConfig)
    i.SysTick_Handler                        0x08001fb8   Section        0  stm32f10x_it.o(i.SysTick_Handler)
    i.SystemInit                             0x08001fbc   Section        0  system_stm32f10x.o(i.SystemInit)
    i.TIM2_IRQHandler                        0x0800201c   Section        0  stm32f10x_it.o(i.TIM2_IRQHandler)
    i.TIM_ClearFlag                          0x08002050   Section        0  stm32f10x_tim.o(i.TIM_ClearFlag)
    i.TIM_ClearITPendingBit                  0x08002056   Section        0  stm32f10x_tim.o(i.TIM_ClearITPendingBit)
    i.TIM_Cmd                                0x0800205c   Section        0  stm32f10x_tim.o(i.TIM_Cmd)
    i.TIM_DeInit                             0x08002074   Section        0  stm32f10x_tim.o(i.TIM_DeInit)
    i.TIM_GetITStatus                        0x0800225c   Section        0  stm32f10x_tim.o(i.TIM_GetITStatus)
    i.TIM_ITConfig                           0x0800227e   Section        0  stm32f10x_tim.o(i.TIM_ITConfig)
    i.TIM_OC1Init                            0x08002290   Section        0  stm32f10x_tim.o(i.TIM_OC1Init)
    i.TIM_OC1PreloadConfig                   0x08002328   Section        0  stm32f10x_tim.o(i.TIM_OC1PreloadConfig)
    i.TIM_SetCompare1                        0x0800233a   Section        0  stm32f10x_tim.o(i.TIM_SetCompare1)
    i.TIM_SetCounter                         0x0800233e   Section        0  stm32f10x_tim.o(i.TIM_SetCounter)
    i.TIM_TimeBaseInit                       0x08002344   Section        0  stm32f10x_tim.o(i.TIM_TimeBaseInit)
    i.Tim2Configure                          0x080023e8   Section        0  timer.o(i.Tim2Configure)
    i.USART1_IRQHandler                      0x08002438   Section        0  stm32f10x_it.o(i.USART1_IRQHandler)
    i.USART_ClearFlag                        0x080024a8   Section        0  stm32f10x_usart.o(i.USART_ClearFlag)
    i.USART_Cmd                              0x080024ba   Section        0  stm32f10x_usart.o(i.USART_Cmd)
    i.USART_DeInit                           0x080024d4   Section        0  stm32f10x_usart.o(i.USART_DeInit)
    i.USART_GetFlagStatus                    0x08002570   Section        0  stm32f10x_usart.o(i.USART_GetFlagStatus)
    i.USART_GetITStatus                      0x0800258a   Section        0  stm32f10x_usart.o(i.USART_GetITStatus)
    i.USART_ITConfig                         0x080025de   Section        0  stm32f10x_usart.o(i.USART_ITConfig)
    i.USART_Init                             0x08002628   Section        0  stm32f10x_usart.o(i.USART_Init)
    i.USART_ReceiveData                      0x08002700   Section        0  stm32f10x_usart.o(i.USART_ReceiveData)
    i.USART_SendData                         0x0800270a   Section        0  stm32f10x_usart.o(i.USART_SendData)
    i.UsageFault_Handler                     0x08002712   Section        0  stm32f10x_it.o(i.UsageFault_Handler)
    i.UsartConfigure                         0x08002718   Section        0  usart.o(i.UsartConfigure)
    i.delay_init                             0x080027d8   Section        0  delay.o(i.delay_init)
    i.main                                   0x0800281c   Section        0  main.o(i.main)
    x$fpl$d2f                                0x08002998   Section       98  d2f.o(x$fpl$d2f)
    x$fpl$dadd                               0x080029fc   Section      336  daddsub_clz.o(x$fpl$dadd)
    _dadd1                                   0x08002a0d   Thumb Code     0  daddsub_clz.o(x$fpl$dadd)
    x$fpl$dcmpinf                            0x08002b4c   Section       24  dcmpi.o(x$fpl$dcmpinf)
    x$fpl$ddiv                               0x08002b64   Section      688  ddiv.o(x$fpl$ddiv)
    ddiv_entry                               0x08002b6b   Thumb Code     0  ddiv.o(x$fpl$ddiv)
    x$fpl$dfixu                              0x08002e14   Section       90  dfixu.o(x$fpl$dfixu)
    x$fpl$dfltu                              0x08002e6e   Section       38  dflt_clz.o(x$fpl$dfltu)
    x$fpl$dleqf                              0x08002e94   Section      120  dleqf.o(x$fpl$dleqf)
    x$fpl$dmul                               0x08002f0c   Section      340  dmul.o(x$fpl$dmul)
    x$fpl$dnaninf                            0x08003060   Section      156  dnaninf.o(x$fpl$dnaninf)
    x$fpl$dretinf                            0x080030fc   Section       12  dretinf.o(x$fpl$dretinf)
    x$fpl$drleqf                             0x08003108   Section      108  drleqf.o(x$fpl$drleqf)
    x$fpl$dsub                               0x08003174   Section      468  daddsub_clz.o(x$fpl$dsub)
    _dsub1                                   0x08003185   Thumb Code     0  daddsub_clz.o(x$fpl$dsub)
    x$fpl$f2d                                0x08003348   Section       86  f2d.o(x$fpl$f2d)
    x$fpl$fcmpinf                            0x0800339e   Section       24  fcmpi.o(x$fpl$fcmpinf)
    x$fpl$ffixu                              0x080033b8   Section       62  ffixu.o(x$fpl$ffixu)
    x$fpl$ffltu                              0x080033f8   Section       38  fflt_clz.o(x$fpl$ffltu)
    x$fpl$fleqf                              0x08003420   Section      104  fleqf.o(x$fpl$fleqf)
    x$fpl$fmul                               0x08003488   Section      258  fmul.o(x$fpl$fmul)
    x$fpl$fnaninf                            0x0800358a   Section      140  fnaninf.o(x$fpl$fnaninf)
    x$fpl$fretinf                            0x08003616   Section       10  fretinf.o(x$fpl$fretinf)
    .constdata                               0x08003620   Section      256  modbusnew.o(.constdata)
    x$fpl$usenofp                            0x08003620   Section        0  usenofp.o(x$fpl$usenofp)
    .data                                    0x20000000   Section       20  system_stm32f10x.o(.data)
    .data                                    0x20000014   Section       20  stm32f10x_rcc.o(.data)
    APBAHBPrescTable                         0x20000014   Data          16  stm32f10x_rcc.o(.data)
    ADCPrescTable                            0x20000024   Data           4  stm32f10x_rcc.o(.data)
    .data                                    0x20000028   Section        4  ad.o(.data)
    .data                                    0x2000002c   Section        2  dac8554.o(.data)
    .data                                    0x2000002e   Section        2  pwm.o(.data)
    .data                                    0x20000030   Section        4  delay.o(.data)
    fac_us                                   0x20000030   Data           1  delay.o(.data)
    fac_ms                                   0x20000032   Data           2  delay.o(.data)
    .data                                    0x20000034   Section       20  globle.o(.data)
    .data                                    0x20000048   Section      262  modbusnew.o(.data)
    .data                                    0x20000150   Section        8  main.o(.data)
    .bss                                     0x20000158   Section     9644  globle.o(.bss)
    .bss                                     0x20002704   Section       96  libspace.o(.bss)
    HEAP                                     0x20002768   Section      512  startup_stm32f10x_hd.o(HEAP)
    Heap_Mem                                 0x20002768   Data         512  startup_stm32f10x_hd.o(HEAP)
    STACK                                    0x20002968   Section     1024  startup_stm32f10x_hd.o(STACK)
    Stack_Mem                                0x20002968   Data        1024  startup_stm32f10x_hd.o(STACK)
    __initial_sp                             0x20002d68   Data           0  startup_stm32f10x_hd.o(STACK)

    Global Symbols

    Symbol Name                              Value     Ov Type        Size  Object(Section)

    BuildAttributes$$THM_ISAv4$P$D$K$B$S$PE$A:L22UL41UL21$X:L11$S22US41US21$IEEE1$IW$USESV6$~STKCKD$USESV7$~SHL$OSPACE$ROPI$EBA8$UX$STANDARDLIB$REQ8$PRES8$EABIv2 0x00000000   Number         0  anon$$obj.o ABSOLUTE
    __ARM_use_no_argv                        0x00000000   Number         0  main.o ABSOLUTE
    __ARM_exceptions_init                     - Undefined Weak Reference
    __alloca_initialize                       - Undefined Weak Reference
    __arm_preinit_                            - Undefined Weak Reference
    __cpp_initialize__aeabi_                  - Undefined Weak Reference
    __cxa_finalize                            - Undefined Weak Reference
    __rt_locale                               - Undefined Weak Reference
    __sigvec_lookup                           - Undefined Weak Reference
    _atexit_init                              - Undefined Weak Reference
    _call_atexit_fns                          - Undefined Weak Reference
    _clock_init                               - Undefined Weak Reference
    _fp_trap_init                             - Undefined Weak Reference
    _fp_trap_shutdown                         - Undefined Weak Reference
    _get_lc_collate                           - Undefined Weak Reference
    _get_lc_ctype                             - Undefined Weak Reference
    _get_lc_monetary                          - Undefined Weak Reference
    _get_lc_numeric                           - Undefined Weak Reference
    _get_lc_time                              - Undefined Weak Reference
    _getenv_init                              - Undefined Weak Reference
    _handle_redirection                       - Undefined Weak Reference
    _init_alloc                               - Undefined Weak Reference
    _init_user_alloc                          - Undefined Weak Reference
    _initio                                   - Undefined Weak Reference
    _rand_init                                - Undefined Weak Reference
    _signal_finish                            - Undefined Weak Reference
    _signal_init                              - Undefined Weak Reference
    _terminate_alloc                          - Undefined Weak Reference
    _terminate_user_alloc                     - Undefined Weak Reference
    _terminateio                              - Undefined Weak Reference
    __Vectors_Size                           0x00000130   Number         0  startup_stm32f10x_hd.o ABSOLUTE
    __Vectors                                0x08000000   Data           4  startup_stm32f10x_hd.o(RESET)
    __Vectors_End                            0x08000130   Data           0  startup_stm32f10x_hd.o(RESET)
    __main                                   0x08000131   Thumb Code     8  __main.o(!!!main)
    __scatterload                            0x08000139   Thumb Code     0  __scatter.o(!!!scatter)
    __scatterload_rt2                        0x08000139   Thumb Code    44  __scatter.o(!!!scatter)
    __scatterload_rt2_thumb_only             0x08000139   Thumb Code     0  __scatter.o(!!!scatter)
    __scatterload_null                       0x08000147   Thumb Code     0  __scatter.o(!!!scatter)
    __decompress                             0x0800016d   Thumb Code    90  __dczerorl2.o(!!dczerorl2)
    __decompress1                            0x0800016d   Thumb Code     0  __dczerorl2.o(!!dczerorl2)
    __scatterload_zeroinit                   0x080001c9   Thumb Code    28  __scatter_zi.o(!!handler_zi)
    __rt_lib_init                            0x080001e5   Thumb Code     0  libinit.o(.ARM.Collect$$libinit$$00000000)
    __rt_lib_init_alloca_1                   0x080001e7   Thumb Code     0  libinit2.o(.ARM.Collect$$libinit$$0000002E)
    __rt_lib_init_argv_1                     0x080001e7   Thumb Code     0  libinit2.o(.ARM.Collect$$libinit$$0000002C)
    __rt_lib_init_atexit_1                   0x080001e7   Thumb Code     0  libinit2.o(.ARM.Collect$$libinit$$0000001B)
    __rt_lib_init_clock_1                    0x080001e7   Thumb Code     0  libinit2.o(.ARM.Collect$$libinit$$00000021)
    __rt_lib_init_cpp_1                      0x080001e7   Thumb Code     0  libinit2.o(.ARM.Collect$$libinit$$00000032)
    __rt_lib_init_exceptions_1               0x080001e7   Thumb Code     0  libinit2.o(.ARM.Collect$$libinit$$00000030)
    __rt_lib_init_fp_1                       0x080001e7   Thumb Code     0  libinit2.o(.ARM.Collect$$libinit$$00000002)
    __rt_lib_init_fp_trap_1                  0x080001e7   Thumb Code     0  libinit2.o(.ARM.Collect$$libinit$$0000001F)
    __rt_lib_init_getenv_1                   0x080001e7   Thumb Code     0  libinit2.o(.ARM.Collect$$libinit$$00000023)
    __rt_lib_init_heap_1                     0x080001e7   Thumb Code     0  libinit2.o(.ARM.Collect$$libinit$$0000000A)
    __rt_lib_init_lc_collate_1               0x080001e7   Thumb Code     0  libinit2.o(.ARM.Collect$$libinit$$00000011)
    __rt_lib_init_lc_ctype_1                 0x080001e7   Thumb Code     0  libinit2.o(.ARM.Collect$$libinit$$00000013)
    __rt_lib_init_lc_monetary_1              0x080001e7   Thumb Code     0  libinit2.o(.ARM.Collect$$libinit$$00000015)
    __rt_lib_init_lc_numeric_1               0x080001e7   Thumb Code     0  libinit2.o(.ARM.Collect$$libinit$$00000017)
    __rt_lib_init_lc_time_1                  0x080001e7   Thumb Code     0  libinit2.o(.ARM.Collect$$libinit$$00000019)
    __rt_lib_init_preinit_1                  0x080001e7   Thumb Code     0  libinit2.o(.ARM.Collect$$libinit$$00000004)
    __rt_lib_init_rand_1                     0x080001e7   Thumb Code     0  libinit2.o(.ARM.Collect$$libinit$$0000000E)
    __rt_lib_init_return                     0x080001e7   Thumb Code     0  libinit2.o(.ARM.Collect$$libinit$$00000033)
    __rt_lib_init_signal_1                   0x080001e7   Thumb Code     0  libinit2.o(.ARM.Collect$$libinit$$0000001D)
    __rt_lib_init_stdio_1                    0x080001e7   Thumb Code     0  libinit2.o(.ARM.Collect$$libinit$$00000025)
    __rt_lib_init_user_alloc_1               0x080001e7   Thumb Code     0  libinit2.o(.ARM.Collect$$libinit$$0000000C)
    __rt_lib_shutdown                        0x080001e9   Thumb Code     0  libshutdown.o(.ARM.Collect$$libshutdown$$00000000)
    __rt_lib_shutdown_cpp_1                  0x080001eb   Thumb Code     0  libshutdown2.o(.ARM.Collect$$libshutdown$$00000002)
    __rt_lib_shutdown_fp_trap_1              0x080001eb   Thumb Code     0  libshutdown2.o(.ARM.Collect$$libshutdown$$00000007)
    __rt_lib_shutdown_heap_1                 0x080001eb   Thumb Code     0  libshutdown2.o(.ARM.Collect$$libshutdown$$0000000F)
    __rt_lib_shutdown_return                 0x080001eb   Thumb Code     0  libshutdown2.o(.ARM.Collect$$libshutdown$$00000010)
    __rt_lib_shutdown_signal_1               0x080001eb   Thumb Code     0  libshutdown2.o(.ARM.Collect$$libshutdown$$0000000A)
    __rt_lib_shutdown_stdio_1                0x080001eb   Thumb Code     0  libshutdown2.o(.ARM.Collect$$libshutdown$$00000004)
    __rt_lib_shutdown_user_alloc_1           0x080001eb   Thumb Code     0  libshutdown2.o(.ARM.Collect$$libshutdown$$0000000C)
    __rt_entry                               0x080001ed   Thumb Code     0  __rtentry.o(.ARM.Collect$$rtentry$$00000000)
    __rt_entry_presh_1                       0x080001ed   Thumb Code     0  __rtentry2.o(.ARM.Collect$$rtentry$$00000002)
    __rt_entry_sh                            0x080001ed   Thumb Code     0  __rtentry4.o(.ARM.Collect$$rtentry$$00000004)
    __rt_entry_li                            0x080001f3   Thumb Code     0  __rtentry2.o(.ARM.Collect$$rtentry$$0000000A)
    __rt_entry_postsh_1                      0x080001f3   Thumb Code     0  __rtentry2.o(.ARM.Collect$$rtentry$$00000009)
    __rt_entry_main                          0x080001f7   Thumb Code     0  __rtentry2.o(.ARM.Collect$$rtentry$$0000000D)
    __rt_entry_postli_1                      0x080001f7   Thumb Code     0  __rtentry2.o(.ARM.Collect$$rtentry$$0000000C)
    __rt_exit                                0x080001ff   Thumb Code     0  rtexit.o(.ARM.Collect$$rtexit$$00000000)
    __rt_exit_ls                             0x08000201   Thumb Code     0  rtexit2.o(.ARM.Collect$$rtexit$$00000003)
    __rt_exit_prels_1                        0x08000201   Thumb Code     0  rtexit2.o(.ARM.Collect$$rtexit$$00000002)
    __rt_exit_exit                           0x08000205   Thumb Code     0  rtexit2.o(.ARM.Collect$$rtexit$$00000004)
    Reset_Handler                            0x0800020d   Thumb Code     8  startup_stm32f10x_hd.o(.text)
    ADC1_2_IRQHandler                        0x08000227   Thumb Code     0  startup_stm32f10x_hd.o(.text)
    ADC3_IRQHandler                          0x08000227   Thumb Code     0  startup_stm32f10x_hd.o(.text)
    CAN1_RX1_IRQHandler                      0x08000227   Thumb Code     0  startup_stm32f10x_hd.o(.text)
    CAN1_SCE_IRQHandler                      0x08000227   Thumb Code     0  startup_stm32f10x_hd.o(.text)
    DMA1_Channel1_IRQHandler                 0x08000227   Thumb Code     0  startup_stm32f10x_hd.o(.text)
    DMA1_Channel2_IRQHandler                 0x08000227   Thumb Code     0  startup_stm32f10x_hd.o(.text)
    DMA1_Channel3_IRQHandler                 0x08000227   Thumb Code     0  startup_stm32f10x_hd.o(.text)
    DMA1_Channel4_IRQHandler                 0x08000227   Thumb Code     0  startup_stm32f10x_hd.o(.text)
    DMA1_Channel5_IRQHandler                 0x08000227   Thumb Code     0  startup_stm32f10x_hd.o(.text)
    DMA1_Channel6_IRQHandler                 0x08000227   Thumb Code     0  startup_stm32f10x_hd.o(.text)
    DMA1_Channel7_IRQHandler                 0x08000227   Thumb Code     0  startup_stm32f10x_hd.o(.text)
    DMA2_Channel1_IRQHandler                 0x08000227   Thumb Code     0  startup_stm32f10x_hd.o(.text)
    DMA2_Channel2_IRQHandler                 0x08000227   Thumb Code     0  startup_stm32f10x_hd.o(.text)
    DMA2_Channel3_IRQHandler                 0x08000227   Thumb Code     0  startup_stm32f10x_hd.o(.text)
    DMA2_Channel4_5_IRQHandler               0x08000227   Thumb Code     0  startup_stm32f10x_hd.o(.text)
    EXTI0_IRQHandler                         0x08000227   Thumb Code     0  startup_stm32f10x_hd.o(.text)
    EXTI15_10_IRQHandler                     0x08000227   Thumb Code     0  startup_stm32f10x_hd.o(.text)
    EXTI1_IRQHandler                         0x08000227   Thumb Code     0  startup_stm32f10x_hd.o(.text)
    EXTI2_IRQHandler                         0x08000227   Thumb Code     0  startup_stm32f10x_hd.o(.text)
    EXTI3_IRQHandler                         0x08000227   Thumb Code     0  startup_stm32f10x_hd.o(.text)
    EXTI4_IRQHandler                         0x08000227   Thumb Code     0  startup_stm32f10x_hd.o(.text)
    EXTI9_5_IRQHandler                       0x08000227   Thumb Code     0  startup_stm32f10x_hd.o(.text)
    FLASH_IRQHandler                         0x08000227   Thumb Code     0  startup_stm32f10x_hd.o(.text)
    FSMC_IRQHandler                          0x08000227   Thumb Code     0  startup_stm32f10x_hd.o(.text)
    I2C1_ER_IRQHandler                       0x08000227   Thumb Code     0  startup_stm32f10x_hd.o(.text)
    I2C1_EV_IRQHandler                       0x08000227   Thumb Code     0  startup_stm32f10x_hd.o(.text)
    I2C2_ER_IRQHandler                       0x08000227   Thumb Code     0  startup_stm32f10x_hd.o(.text)
    I2C2_EV_IRQHandler                       0x08000227   Thumb Code     0  startup_stm32f10x_hd.o(.text)
    PVD_IRQHandler                           0x08000227   Thumb Code     0  startup_stm32f10x_hd.o(.text)
    RCC_IRQHandler                           0x08000227   Thumb Code     0  startup_stm32f10x_hd.o(.text)
    RTCAlarm_IRQHandler                      0x08000227   Thumb Code     0  startup_stm32f10x_hd.o(.text)
    RTC_IRQHandler                           0x08000227   Thumb Code     0  startup_stm32f10x_hd.o(.text)
    SDIO_IRQHandler                          0x08000227   Thumb Code     0  startup_stm32f10x_hd.o(.text)
    SPI1_IRQHandler                          0x08000227   Thumb Code     0  startup_stm32f10x_hd.o(.text)
    SPI2_IRQHandler                          0x08000227   Thumb Code     0  startup_stm32f10x_hd.o(.text)
    SPI3_IRQHandler                          0x08000227   Thumb Code     0  startup_stm32f10x_hd.o(.text)
    TAMPER_IRQHandler                        0x08000227   Thumb Code     0  startup_stm32f10x_hd.o(.text)
    TIM1_BRK_IRQHandler                      0x08000227   Thumb Code     0  startup_stm32f10x_hd.o(.text)
    TIM1_CC_IRQHandler                       0x08000227   Thumb Code     0  startup_stm32f10x_hd.o(.text)
    TIM1_TRG_COM_IRQHandler                  0x08000227   Thumb Code     0  startup_stm32f10x_hd.o(.text)
    TIM1_UP_IRQHandler                       0x08000227   Thumb Code     0  startup_stm32f10x_hd.o(.text)
    TIM3_IRQHandler                          0x08000227   Thumb Code     0  startup_stm32f10x_hd.o(.text)
    TIM4_IRQHandler                          0x08000227   Thumb Code     0  startup_stm32f10x_hd.o(.text)
    TIM5_IRQHandler                          0x08000227   Thumb Code     0  startup_stm32f10x_hd.o(.text)
    TIM6_IRQHandler                          0x08000227   Thumb Code     0  startup_stm32f10x_hd.o(.text)
    TIM7_IRQHandler                          0x08000227   Thumb Code     0  startup_stm32f10x_hd.o(.text)
    TIM8_BRK_IRQHandler                      0x08000227   Thumb Code     0  startup_stm32f10x_hd.o(.text)
    TIM8_CC_IRQHandler                       0x08000227   Thumb Code     0  startup_stm32f10x_hd.o(.text)
    TIM8_TRG_COM_IRQHandler                  0x08000227   Thumb Code     0  startup_stm32f10x_hd.o(.text)
    TIM8_UP_IRQHandler                       0x08000227   Thumb Code     0  startup_stm32f10x_hd.o(.text)
    UART4_IRQHandler                         0x08000227   Thumb Code     0  startup_stm32f10x_hd.o(.text)
    UART5_IRQHandler                         0x08000227   Thumb Code     0  startup_stm32f10x_hd.o(.text)
    USART2_IRQHandler                        0x08000227   Thumb Code     0  startup_stm32f10x_hd.o(.text)
    USART3_IRQHandler                        0x08000227   Thumb Code     0  startup_stm32f10x_hd.o(.text)
    USBWakeUp_IRQHandler                     0x08000227   Thumb Code     0  startup_stm32f10x_hd.o(.text)
    USB_HP_CAN1_TX_IRQHandler                0x08000227   Thumb Code     0  startup_stm32f10x_hd.o(.text)
    USB_LP_CAN1_RX0_IRQHandler               0x08000227   Thumb Code     0  startup_stm32f10x_hd.o(.text)
    WWDG_IRQHandler                          0x08000227   Thumb Code     0  startup_stm32f10x_hd.o(.text)
    __user_initial_stackheap                 0x08000229   Thumb Code     0  startup_stm32f10x_hd.o(.text)
    __use_two_region_memory                  0x0800024d   Thumb Code     2  heapauxi.o(.text)
    __rt_heap_escrow$2region                 0x0800024f   Thumb Code     2  heapauxi.o(.text)
    __rt_heap_expand$2region                 0x08000251   Thumb Code     2  heapauxi.o(.text)
    __user_setup_stackheap                   0x08000253   Thumb Code    74  sys_stackheap_outer.o(.text)
    exit                                     0x0800029d   Thumb Code    18  exit.o(.text)
    __user_libspace                          0x080002b1   Thumb Code     8  libspace.o(.text)
    __user_perproc_libspace                  0x080002b1   Thumb Code     0  libspace.o(.text)
    __user_perthread_libspace                0x080002b1   Thumb Code     0  libspace.o(.text)
    _sys_exit                                0x080002b9   Thumb Code     8  sys_exit.o(.text)
    __I$use$semihosting                      0x080002c5   Thumb Code     0  use_no_semi.o(.text)
    __use_no_semihosting_swi                 0x080002c5   Thumb Code     2  use_no_semi.o(.text)
    __semihosting_library_function           0x080002c7   Thumb Code     0  indicate_semi.o(.text)
    ADC1_GPIO_Config                         0x080002c9   Thumb Code    42  ad.o(i.ADC1_GPIO_Config)
    ADC1_Mode_Config                         0x080002f9   Thumb Code   280  ad.o(i.ADC1_Mode_Config)
    ADC_Cmd                                  0x0800041d   Thumb Code    22  stm32f10x_adc.o(i.ADC_Cmd)
    ADC_DMACmd                               0x08000433   Thumb Code    22  stm32f10x_adc.o(i.ADC_DMACmd)
    ADC_GetCalibrationStatus                 0x08000449   Thumb Code    20  stm32f10x_adc.o(i.ADC_GetCalibrationStatus)
    ADC_GetResetCalibrationStatus            0x0800045d   Thumb Code    20  stm32f10x_adc.o(i.ADC_GetResetCalibrationStatus)
    ADC_Init                                 0x08000471   Thumb Code    70  stm32f10x_adc.o(i.ADC_Init)
    ADC_RegularChannelConfig                 0x080004c1   Thumb Code   184  stm32f10x_adc.o(i.ADC_RegularChannelConfig)
    ADC_ResetCalibration                     0x08000579   Thumb Code    10  stm32f10x_adc.o(i.ADC_ResetCalibration)
    ADC_SoftwareStartConvCmd                 0x08000583   Thumb Code    22  stm32f10x_adc.o(i.ADC_SoftwareStartConvCmd)
    ADC_StartCalibration                     0x08000599   Thumb Code    10  stm32f10x_adc.o(i.ADC_StartCalibration)
    BusFault_Handler                         0x080005a3   Thumb Code     4  stm32f10x_it.o(i.BusFault_Handler)
    CRC_Compute                              0x080005a9   Thumb Code    48  modbusnew.o(i.CRC_Compute)
    DAC7554_GPIO_Config                      0x080005e1   Thumb Code    46  dac8554.o(i.DAC7554_GPIO_Config)
    DAC7554_Send_16_bits                     0x08000615   Thumb Code   102  dac8554.o(i.DAC7554_Send_16_bits)
    DAC8554_delay                            0x08000681   Thumb Code    12  dac8554.o(i.DAC8554_delay)
    DMA_Cmd                                  0x0800068d   Thumb Code    24  stm32f10x_dma.o(i.DMA_Cmd)
    DMA_DeInit                               0x080006a5   Thumb Code   324  stm32f10x_dma.o(i.DMA_DeInit)
    DMA_Init                                 0x080007f1   Thumb Code    60  stm32f10x_dma.o(i.DMA_Init)
    DebugMon_Handler                         0x0800082d   Thumb Code     2  stm32f10x_it.o(i.DebugMon_Handler)
    DiGpioCfg                                0x08000831   Thumb Code    40  dio.o(i.DiGpioCfg)
    DioCfg                                   0x0800085d   Thumb Code    12  dio.o(i.DioCfg)
    DoMuxGpioCfg                             0x08000869   Thumb Code    50  dio.o(i.DoMuxGpioCfg)
    GPIO_Init                                0x080008a1   Thumb Code   278  stm32f10x_gpio.o(i.GPIO_Init)
    GPIO_PinRemapConfig                      0x080009b9   Thumb Code   138  stm32f10x_gpio.o(i.GPIO_PinRemapConfig)
    GPIO_ReadInputData                       0x08000a49   Thumb Code     8  stm32f10x_gpio.o(i.GPIO_ReadInputData)
    GPIO_ResetBits                           0x08000a51   Thumb Code     4  stm32f10x_gpio.o(i.GPIO_ResetBits)
    GPIO_SetBits                             0x08000a55   Thumb Code     4  stm32f10x_gpio.o(i.GPIO_SetBits)
    GPIO_WriteBit                            0x08000a59   Thumb Code    10  stm32f10x_gpio.o(i.GPIO_WriteBit)
    GetDiMap                                 0x08000a65   Thumb Code    14  dio.o(i.GetDiMap)
    HardFault_Handler                        0x08000a79   Thumb Code     4  stm32f10x_it.o(i.HardFault_Handler)
    LedInit                                  0x08000a7d   Thumb Code    72  main.o(i.LedInit)
    MemManage_Handler                        0x08000acd   Thumb Code     4  stm32f10x_it.o(i.MemManage_Handler)
    Modbus_01_Solve                          0x08000ad1   Thumb Code   372  modbusnew.o(i.Modbus_01_Solve)
    Modbus_02_Solve                          0x08000c5d   Thumb Code   372  modbusnew.o(i.Modbus_02_Solve)
    Modbus_03_Solve                          0x08000de9   Thumb Code   232  modbusnew.o(i.Modbus_03_Solve)
    Modbus_05_Solve                          0x08000ee9   Thumb Code   164  modbusnew.o(i.Modbus_05_Solve)
    Modbus_06_Solve                          0x08000fa1   Thumb Code   126  modbusnew.o(i.Modbus_06_Solve)
    Modbus_15_Solve                          0x08001035   Thumb Code   240  modbusnew.o(i.Modbus_15_Solve)
    Modbus_16_Solve                          0x0800113d   Thumb Code   222  modbusnew.o(i.Modbus_16_Solve)
    Modbus_RegMap                            0x08001235   Thumb Code    36  modbusnew.o(i.Modbus_RegMap)
    NMI_Handler                              0x08001275   Thumb Code     2  stm32f10x_it.o(i.NMI_Handler)
    NVIC_Configuration                       0x08001277   Thumb Code    68  main.o(i.NVIC_Configuration)
    NVIC_Init                                0x080012bd   Thumb Code   100  misc.o(i.NVIC_Init)
    NVIC_PriorityGroupConfig                 0x0800132d   Thumb Code    10  misc.o(i.NVIC_PriorityGroupConfig)
    NVIC_SetVectorTable                      0x08001341   Thumb Code    12  misc.o(i.NVIC_SetVectorTable)
    PWM1_Init                                0x08001355   Thumb Code   140  pwm.o(i.PWM1_Init)
    PWM1_SetHighTime                         0x080013f1   Thumb Code    26  pwm.o(i.PWM1_SetHighTime)
    PWM2_Init                                0x08001415   Thumb Code   142  pwm.o(i.PWM2_Init)
    PWM2_SetHighTime                         0x080014b1   Thumb Code    26  pwm.o(i.PWM2_SetHighTime)
    PendSV_Handler                           0x080014d5   Thumb Code     2  stm32f10x_it.o(i.PendSV_Handler)
    RCC_ADCCLKConfig                         0x080014d9   Thumb Code    18  stm32f10x_rcc.o(i.RCC_ADCCLKConfig)
    RCC_AHBPeriphClockCmd                    0x080014f1   Thumb Code    26  stm32f10x_rcc.o(i.RCC_AHBPeriphClockCmd)
    RCC_APB1PeriphClockCmd                   0x08001511   Thumb Code    26  stm32f10x_rcc.o(i.RCC_APB1PeriphClockCmd)
    RCC_APB1PeriphResetCmd                   0x08001531   Thumb Code    26  stm32f10x_rcc.o(i.RCC_APB1PeriphResetCmd)
    RCC_APB2PeriphClockCmd                   0x08001551   Thumb Code    26  stm32f10x_rcc.o(i.RCC_APB2PeriphClockCmd)
    RCC_APB2PeriphResetCmd                   0x08001571   Thumb Code    26  stm32f10x_rcc.o(i.RCC_APB2PeriphResetCmd)
    RCC_Configuration                        0x08001591   Thumb Code    88  main.o(i.RCC_Configuration)
    RCC_DeInit                               0x080015e9   Thumb Code    64  stm32f10x_rcc.o(i.RCC_DeInit)
    RCC_GetClocksFreq                        0x08001635   Thumb Code   192  stm32f10x_rcc.o(i.RCC_GetClocksFreq)
    RCC_GetFlagStatus                        0x08001709   Thumb Code    56  stm32f10x_rcc.o(i.RCC_GetFlagStatus)
    RCC_GetSYSCLKSource                      0x08001745   Thumb Code    10  stm32f10x_rcc.o(i.RCC_GetSYSCLKSource)
    RCC_HCLKConfig                           0x08001755   Thumb Code    18  stm32f10x_rcc.o(i.RCC_HCLKConfig)
    RCC_HSEConfig                            0x0800176d   Thumb Code    70  stm32f10x_rcc.o(i.RCC_HSEConfig)
    RCC_PCLK1Config                          0x080017b9   Thumb Code    18  stm32f10x_rcc.o(i.RCC_PCLK1Config)
    RCC_PCLK2Config                          0x080017d1   Thumb Code    20  stm32f10x_rcc.o(i.RCC_PCLK2Config)
    RCC_PLLCmd                               0x080017e9   Thumb Code     6  stm32f10x_rcc.o(i.RCC_PLLCmd)
    RCC_PLLConfig                            0x080017f5   Thumb Code    24  stm32f10x_rcc.o(i.RCC_PLLConfig)
    RCC_SYSCLKConfig                         0x08001811   Thumb Code    18  stm32f10x_rcc.o(i.RCC_SYSCLKConfig)
    RCC_WaitForHSEStartUp                    0x08001829   Thumb Code    56  stm32f10x_rcc.o(i.RCC_WaitForHSEStartUp)
    RS485_SendData                           0x08001861   Thumb Code    62  modbusnew.o(i.RS485_SendData)
    RS485_Service                            0x080018a9   Thumb Code   348  modbusnew.o(i.RS485_Service)
    ReadAdOfChannel                          0x08001a21   Thumb Code   216  ad.o(i.ReadAdOfChannel)
    SPI_Cmd                                  0x08001b1d   Thumb Code    24  stm32f10x_spi.o(i.SPI_Cmd)
    SPI_Flash_Init                           0x08001b35   Thumb Code     8  w25q16.o(i.SPI_Flash_Init)
    SPI_Init                                 0x08001b3d   Thumb Code    60  stm32f10x_spi.o(i.SPI_Init)
    SPIx_Init                                0x08001b79   Thumb Code   202  w25q16.o(i.SPIx_Init)
    SVC_Handler                              0x08001c51   Thumb Code     2  stm32f10x_it.o(i.SVC_Handler)
    SetAoOut                                 0x08001c55   Thumb Code   376  dac8554.o(i.SetAoOut)
    SetSpdtState                             0x08001e01   Thumb Code   164  dio.o(i.SetSpdtState)
    SysTick_CLKSourceConfig                  0x08001f91   Thumb Code    40  misc.o(i.SysTick_CLKSourceConfig)
    SysTick_Handler                          0x08001fb9   Thumb Code     2  stm32f10x_it.o(i.SysTick_Handler)
    SystemInit                               0x08001fbd   Thumb Code    78  system_stm32f10x.o(i.SystemInit)
    TIM2_IRQHandler                          0x0800201d   Thumb Code    44  stm32f10x_it.o(i.TIM2_IRQHandler)
    TIM_ClearFlag                            0x08002051   Thumb Code     6  stm32f10x_tim.o(i.TIM_ClearFlag)
    TIM_ClearITPendingBit                    0x08002057   Thumb Code     6  stm32f10x_tim.o(i.TIM_ClearITPendingBit)
    TIM_Cmd                                  0x0800205d   Thumb Code    24  stm32f10x_tim.o(i.TIM_Cmd)
    TIM_DeInit                               0x08002075   Thumb Code   424  stm32f10x_tim.o(i.TIM_DeInit)
    TIM_GetITStatus                          0x0800225d   Thumb Code    34  stm32f10x_tim.o(i.TIM_GetITStatus)
    TIM_ITConfig                             0x0800227f   Thumb Code    18  stm32f10x_tim.o(i.TIM_ITConfig)
    TIM_OC1Init                              0x08002291   Thumb Code   132  stm32f10x_tim.o(i.TIM_OC1Init)
    TIM_OC1PreloadConfig                     0x08002329   Thumb Code    18  stm32f10x_tim.o(i.TIM_OC1PreloadConfig)
    TIM_SetCompare1                          0x0800233b   Thumb Code     4  stm32f10x_tim.o(i.TIM_SetCompare1)
    TIM_SetCounter                           0x0800233f   Thumb Code     4  stm32f10x_tim.o(i.TIM_SetCounter)
    TIM_TimeBaseInit                         0x08002345   Thumb Code   122  stm32f10x_tim.o(i.TIM_TimeBaseInit)
    Tim2Configure                            0x080023e9   Thumb Code    80  timer.o(i.Tim2Configure)
    USART1_IRQHandler                        0x08002439   Thumb Code    98  stm32f10x_it.o(i.USART1_IRQHandler)
    USART_ClearFlag                          0x080024a9   Thumb Code    18  stm32f10x_usart.o(i.USART_ClearFlag)
    USART_Cmd                                0x080024bb   Thumb Code    24  stm32f10x_usart.o(i.USART_Cmd)
    USART_DeInit                             0x080024d5   Thumb Code   134  stm32f10x_usart.o(i.USART_DeInit)
    USART_GetFlagStatus                      0x08002571   Thumb Code    26  stm32f10x_usart.o(i.USART_GetFlagStatus)
    USART_GetITStatus                        0x0800258b   Thumb Code    84  stm32f10x_usart.o(i.USART_GetITStatus)
    USART_ITConfig                           0x080025df   Thumb Code    74  stm32f10x_usart.o(i.USART_ITConfig)
    USART_Init                               0x08002629   Thumb Code   210  stm32f10x_usart.o(i.USART_Init)
    USART_ReceiveData                        0x08002701   Thumb Code    10  stm32f10x_usart.o(i.USART_ReceiveData)
    USART_SendData                           0x0800270b   Thumb Code     8  stm32f10x_usart.o(i.USART_SendData)
    UsageFault_Handler                       0x08002713   Thumb Code     4  stm32f10x_it.o(i.UsageFault_Handler)
    UsartConfigure                           0x08002719   Thumb Code   180  usart.o(i.UsartConfigure)
    delay_init                               0x080027d9   Thumb Code    50  delay.o(i.delay_init)
    main                                     0x0800281d   Thumb Code   342  main.o(i.main)
    __aeabi_d2f                              0x08002999   Thumb Code     0  d2f.o(x$fpl$d2f)
    _d2f                                     0x08002999   Thumb Code    98  d2f.o(x$fpl$d2f)
    __aeabi_dadd                             0x080029fd   Thumb Code     0  daddsub_clz.o(x$fpl$dadd)
    _dadd                                    0x080029fd   Thumb Code   332  daddsub_clz.o(x$fpl$dadd)
    __fpl_dcmp_Inf                           0x08002b4d   Thumb Code    24  dcmpi.o(x$fpl$dcmpinf)
    __aeabi_ddiv                             0x08002b65   Thumb Code     0  ddiv.o(x$fpl$ddiv)
    _ddiv                                    0x08002b65   Thumb Code   552  ddiv.o(x$fpl$ddiv)
    __aeabi_d2uiz                            0x08002e15   Thumb Code     0  dfixu.o(x$fpl$dfixu)
    _dfixu                                   0x08002e15   Thumb Code    90  dfixu.o(x$fpl$dfixu)
    __aeabi_ui2d                             0x08002e6f   Thumb Code     0  dflt_clz.o(x$fpl$dfltu)
    _dfltu                                   0x08002e6f   Thumb Code    38  dflt_clz.o(x$fpl$dfltu)
    __aeabi_cdcmple                          0x08002e95   Thumb Code     0  dleqf.o(x$fpl$dleqf)
    _dcmple                                  0x08002e95   Thumb Code   120  dleqf.o(x$fpl$dleqf)
    __fpl_dcmple_InfNaN                      0x08002ef7   Thumb Code     0  dleqf.o(x$fpl$dleqf)
    __aeabi_dmul                             0x08002f0d   Thumb Code     0  dmul.o(x$fpl$dmul)
    _dmul                                    0x08002f0d   Thumb Code   332  dmul.o(x$fpl$dmul)
    __fpl_dnaninf                            0x08003061   Thumb Code   156  dnaninf.o(x$fpl$dnaninf)
    __fpl_dretinf                            0x080030fd   Thumb Code    12  dretinf.o(x$fpl$dretinf)
    __aeabi_cdrcmple                         0x08003109   Thumb Code     0  drleqf.o(x$fpl$drleqf)
    _drcmple                                 0x08003109   Thumb Code   108  drleqf.o(x$fpl$drleqf)
    __aeabi_dsub                             0x08003175   Thumb Code     0  daddsub_clz.o(x$fpl$dsub)
    _dsub                                    0x08003175   Thumb Code   464  daddsub_clz.o(x$fpl$dsub)
    __aeabi_f2d                              0x08003349   Thumb Code     0  f2d.o(x$fpl$f2d)
    _f2d                                     0x08003349   Thumb Code    86  f2d.o(x$fpl$f2d)
    __fpl_fcmp_Inf                           0x0800339f   Thumb Code    24  fcmpi.o(x$fpl$fcmpinf)
    __aeabi_f2uiz                            0x080033b9   Thumb Code     0  ffixu.o(x$fpl$ffixu)
    _ffixu                                   0x080033b9   Thumb Code    62  ffixu.o(x$fpl$ffixu)
    __aeabi_ui2f                             0x080033f9   Thumb Code     0  fflt_clz.o(x$fpl$ffltu)
    _ffltu                                   0x080033f9   Thumb Code    38  fflt_clz.o(x$fpl$ffltu)
    __aeabi_cfcmple                          0x08003421   Thumb Code     0  fleqf.o(x$fpl$fleqf)
    _fcmple                                  0x08003421   Thumb Code   104  fleqf.o(x$fpl$fleqf)
    __fpl_fcmple_InfNaN                      0x08003473   Thumb Code     0  fleqf.o(x$fpl$fleqf)
    __aeabi_fmul                             0x08003489   Thumb Code     0  fmul.o(x$fpl$fmul)
    _fmul                                    0x08003489   Thumb Code   258  fmul.o(x$fpl$fmul)
    __fpl_fnaninf                            0x0800358b   Thumb Code   140  fnaninf.o(x$fpl$fnaninf)
    __fpl_fretinf                            0x08003617   Thumb Code    10  fretinf.o(x$fpl$fretinf)
    __I$use$fp                               0x08003620   Number         0  usenofp.o(x$fpl$usenofp)
    auchCRCLo                                0x08003620   Data         256  modbusnew.o(.constdata)
    Region$$Table$$Base                      0x08003720   Number         0  anon$$obj.o(Region$$Table)
    Region$$Table$$Limit                     0x08003740   Number         0  anon$$obj.o(Region$$Table)
    SystemCoreClock                          0x20000000   Data           4  system_stm32f10x.o(.data)
    AHBPrescTable                            0x20000004   Data          16  system_stm32f10x.o(.data)
    sum                                      0x20000028   Data           4  ad.o(.data)
    Dat                                      0x2000002c   Data           2  dac8554.o(.data)
    arrSave                                  0x2000002e   Data           2  pwm.o(.data)
    Uart1_SCnt                               0x20000034   Data           1  globle.o(.data)
    Uart1_RCnt                               0x20000035   Data           1  globle.o(.data)
    Uart1_SendBuffSize                       0x20000036   Data           1  globle.o(.data)
    temperature                              0x20000038   Data           4  globle.o(.data)
    TimerOverFlag                            0x2000003c   Data           1  globle.o(.data)
    BegainRxFlag                             0x2000003d   Data           1  globle.o(.data)
    BusyFlag                                 0x2000003e   Data           1  globle.o(.data)
    RS485_RX_CNT                             0x20000040   Data           2  globle.o(.data)
    RS485_FrameFlag                          0x20000042   Data           1  globle.o(.data)
    RS485_TX_CNT                             0x20000044   Data           2  globle.o(.data)
    tempData                                 0x20000046   Data           2  globle.o(.data)
    startRegAddr                             0x20000048   Data           2  modbusnew.o(.data)
    RegNum                                   0x2000004a   Data           2  modbusnew.o(.data)
    calCRC                                   0x2000004c   Data           2  modbusnew.o(.data)
    auchCRCHi                                0x2000004e   Data         256  modbusnew.o(.data)
    mode                                     0x20000150   Data           1  main.o(.data)
    DiMap                                    0x20000151   Data           1  main.o(.data)
    i                                        0x20000154   Data           4  main.o(.data)
    ADC_ConvertedValue                       0x20000158   Data         120  globle.o(.bss)
    Uart1_Send_buffer                        0x200001d0   Data         150  globle.o(.bss)
    Uart1_receive_buffer                     0x20000266   Data         150  globle.o(.bss)
    advalue                                  0x200002fc   Data          28  globle.o(.bss)
    ReadReg                                  0x20000318   Data         100  globle.o(.bss)
    WriteReg                                 0x2000037c   Data         200  globle.o(.bss)
    RS485_RX_BUFF                            0x20000444   Data        2048  globle.o(.bss)
    RS485_TX_BUFF                            0x20000c44   Data        2048  globle.o(.bss)
    Modbus_InputIO                           0x20001444   Data         400  globle.o(.bss)
    Modbus_OutputIO                          0x200015d4   Data         400  globle.o(.bss)
    Modbus_HoldReg                           0x20001764   Data        4000  globle.o(.bss)
    __libspace_start                         0x20002704   Data          96  libspace.o(.bss)
    __temporary_stack_top$libspace           0x20002764   Data           0  libspace.o(.bss)



==============================================================================

Memory Map of the image

  Image Entry point : 0x08000131

  Load Region LR_IROM1 (Base: 0x08000000, Size: 0x00003898, Max: 0x00040000, ABSOLUTE, COMPRESSED[0x0000377c])

    Execution Region ER_IROM1 (Exec base: 0x08000000, Load base: 0x08000000, Size: 0x00003740, Max: 0x00040000, ABSOLUTE)

    Exec Addr    Load Addr    Size         Type   Attr      Idx    E Section Name        Object

    0x08000000   0x08000000   0x00000130   Data   RO         2854    RESET               startup_stm32f10x_hd.o
    0x08000130   0x08000130   0x00000008   Code   RO         2863  * !!!main             c_w.l(__main.o)
    0x08000138   0x08000138   0x00000034   Code   RO         3091    !!!scatter          c_w.l(__scatter.o)
    0x0800016c   0x0800016c   0x0000005a   Code   RO         3089    !!dczerorl2         c_w.l(__dczerorl2.o)
    0x080001c6   0x080001c6   0x00000002   PAD
    0x080001c8   0x080001c8   0x0000001c   Code   RO         3093    !!handler_zi        c_w.l(__scatter_zi.o)
    0x080001e4   0x080001e4   0x00000002   Code   RO         2959    .ARM.Collect$$libinit$$00000000  c_w.l(libinit.o)
    0x080001e6   0x080001e6   0x00000000   Code   RO         2966    .ARM.Collect$$libinit$$00000002  c_w.l(libinit2.o)
    0x080001e6   0x080001e6   0x00000000   Code   RO         2968    .ARM.Collect$$libinit$$00000004  c_w.l(libinit2.o)
    0x080001e6   0x080001e6   0x00000000   Code   RO         2971    .ARM.Collect$$libinit$$0000000A  c_w.l(libinit2.o)
    0x080001e6   0x080001e6   0x00000000   Code   RO         2973    .ARM.Collect$$libinit$$0000000C  c_w.l(libinit2.o)
    0x080001e6   0x080001e6   0x00000000   Code   RO         2975    .ARM.Collect$$libinit$$0000000E  c_w.l(libinit2.o)
    0x080001e6   0x080001e6   0x00000000   Code   RO         2978    .ARM.Collect$$libinit$$00000011  c_w.l(libinit2.o)
    0x080001e6   0x080001e6   0x00000000   Code   RO         2980    .ARM.Collect$$libinit$$00000013  c_w.l(libinit2.o)
    0x080001e6   0x080001e6   0x00000000   Code   RO         2982    .ARM.Collect$$libinit$$00000015  c_w.l(libinit2.o)
    0x080001e6   0x080001e6   0x00000000   Code   RO         2984    .ARM.Collect$$libinit$$00000017  c_w.l(libinit2.o)
    0x080001e6   0x080001e6   0x00000000   Code   RO         2986    .ARM.Collect$$libinit$$00000019  c_w.l(libinit2.o)
    0x080001e6   0x080001e6   0x00000000   Code   RO         2988    .ARM.Collect$$libinit$$0000001B  c_w.l(libinit2.o)
    0x080001e6   0x080001e6   0x00000000   Code   RO         2990    .ARM.Collect$$libinit$$0000001D  c_w.l(libinit2.o)
    0x080001e6   0x080001e6   0x00000000   Code   RO         2992    .ARM.Collect$$libinit$$0000001F  c_w.l(libinit2.o)
    0x080001e6   0x080001e6   0x00000000   Code   RO         2994    .ARM.Collect$$libinit$$00000021  c_w.l(libinit2.o)
    0x080001e6   0x080001e6   0x00000000   Code   RO         2996    .ARM.Collect$$libinit$$00000023  c_w.l(libinit2.o)
    0x080001e6   0x080001e6   0x00000000   Code   RO         2998    .ARM.Collect$$libinit$$00000025  c_w.l(libinit2.o)
    0x080001e6   0x080001e6   0x00000000   Code   RO         3002    .ARM.Collect$$libinit$$0000002C  c_w.l(libinit2.o)
    0x080001e6   0x080001e6   0x00000000   Code   RO         3004    .ARM.Collect$$libinit$$0000002E  c_w.l(libinit2.o)
    0x080001e6   0x080001e6   0x00000000   Code   RO         3006    .ARM.Collect$$libinit$$00000030  c_w.l(libinit2.o)
    0x080001e6   0x080001e6   0x00000000   Code   RO         3008    .ARM.Collect$$libinit$$00000032  c_w.l(libinit2.o)
    0x080001e6   0x080001e6   0x00000002   Code   RO         3009    .ARM.Collect$$libinit$$00000033  c_w.l(libinit2.o)
    0x080001e8   0x080001e8   0x00000002   Code   RO         3029    .ARM.Collect$$libshutdown$$00000000  c_w.l(libshutdown.o)
    0x080001ea   0x080001ea   0x00000000   Code   RO         3042    .ARM.Collect$$libshutdown$$00000002  c_w.l(libshutdown2.o)
    0x080001ea   0x080001ea   0x00000000   Code   RO         3044    .ARM.Collect$$libshutdown$$00000004  c_w.l(libshutdown2.o)
    0x080001ea   0x080001ea   0x00000000   Code   RO         3047    .ARM.Collect$$libshutdown$$00000007  c_w.l(libshutdown2.o)
    0x080001ea   0x080001ea   0x00000000   Code   RO         3050    .ARM.Collect$$libshutdown$$0000000A  c_w.l(libshutdown2.o)
    0x080001ea   0x080001ea   0x00000000   Code   RO         3052    .ARM.Collect$$libshutdown$$0000000C  c_w.l(libshutdown2.o)
    0x080001ea   0x080001ea   0x00000000   Code   RO         3055    .ARM.Collect$$libshutdown$$0000000F  c_w.l(libshutdown2.o)
    0x080001ea   0x080001ea   0x00000002   Code   RO         3056    .ARM.Collect$$libshutdown$$00000010  c_w.l(libshutdown2.o)
    0x080001ec   0x080001ec   0x00000000   Code   RO         2921    .ARM.Collect$$rtentry$$00000000  c_w.l(__rtentry.o)
    0x080001ec   0x080001ec   0x00000000   Code   RO         2936    .ARM.Collect$$rtentry$$00000002  c_w.l(__rtentry2.o)
    0x080001ec   0x080001ec   0x00000006   Code   RO         2948    .ARM.Collect$$rtentry$$00000004  c_w.l(__rtentry4.o)
    0x080001f2   0x080001f2   0x00000000   Code   RO         2938    .ARM.Collect$$rtentry$$00000009  c_w.l(__rtentry2.o)
    0x080001f2   0x080001f2   0x00000004   Code   RO         2939    .ARM.Collect$$rtentry$$0000000A  c_w.l(__rtentry2.o)
    0x080001f6   0x080001f6   0x00000000   Code   RO         2941    .ARM.Collect$$rtentry$$0000000C  c_w.l(__rtentry2.o)
    0x080001f6   0x080001f6   0x00000008   Code   RO         2942    .ARM.Collect$$rtentry$$0000000D  c_w.l(__rtentry2.o)
    0x080001fe   0x080001fe   0x00000002   Code   RO         2963    .ARM.Collect$$rtexit$$00000000  c_w.l(rtexit.o)
    0x08000200   0x08000200   0x00000000   Code   RO         3011    .ARM.Collect$$rtexit$$00000002  c_w.l(rtexit2.o)
    0x08000200   0x08000200   0x00000004   Code   RO         3012    .ARM.Collect$$rtexit$$00000003  c_w.l(rtexit2.o)
    0x08000204   0x08000204   0x00000006   Code   RO         3013    .ARM.Collect$$rtexit$$00000004  c_w.l(rtexit2.o)
    0x0800020a   0x0800020a   0x00000002   PAD
    0x0800020c   0x0800020c   0x00000040   Code   RO         2855    .text               startup_stm32f10x_hd.o
    0x0800024c   0x0800024c   0x00000006   Code   RO         2861    .text               c_w.l(heapauxi.o)
    0x08000252   0x08000252   0x0000004a   Code   RO         2950    .text               c_w.l(sys_stackheap_outer.o)
    0x0800029c   0x0800029c   0x00000012   Code   RO         2952    .text               c_w.l(exit.o)
    0x080002ae   0x080002ae   0x00000002   PAD
    0x080002b0   0x080002b0   0x00000008   Code   RO         2960    .text               c_w.l(libspace.o)
    0x080002b8   0x080002b8   0x0000000c   Code   RO         3021    .text               c_w.l(sys_exit.o)
    0x080002c4   0x080002c4   0x00000002   Code   RO         3032    .text               c_w.l(use_no_semi.o)
    0x080002c6   0x080002c6   0x00000000   Code   RO         3034    .text               c_w.l(indicate_semi.o)
    0x080002c6   0x080002c6   0x00000002   PAD
    0x080002c8   0x080002c8   0x00000030   Code   RO         2082    i.ADC1_GPIO_Config  ad.o
    0x080002f8   0x080002f8   0x00000124   Code   RO         2083    i.ADC1_Mode_Config  ad.o
    0x0800041c   0x0800041c   0x00000016   Code   RO         1794    i.ADC_Cmd           stm32f10x_adc.o
    0x08000432   0x08000432   0x00000016   Code   RO         1795    i.ADC_DMACmd        stm32f10x_adc.o
    0x08000448   0x08000448   0x00000014   Code   RO         1802    i.ADC_GetCalibrationStatus  stm32f10x_adc.o
    0x0800045c   0x0800045c   0x00000014   Code   RO         1808    i.ADC_GetResetCalibrationStatus  stm32f10x_adc.o
    0x08000470   0x08000470   0x00000050   Code   RO         1812    i.ADC_Init          stm32f10x_adc.o
    0x080004c0   0x080004c0   0x000000b8   Code   RO         1816    i.ADC_RegularChannelConfig  stm32f10x_adc.o
    0x08000578   0x08000578   0x0000000a   Code   RO         1817    i.ADC_ResetCalibration  stm32f10x_adc.o
    0x08000582   0x08000582   0x00000016   Code   RO         1819    i.ADC_SoftwareStartConvCmd  stm32f10x_adc.o
    0x08000598   0x08000598   0x0000000a   Code   RO         1821    i.ADC_StartCalibration  stm32f10x_adc.o
    0x080005a2   0x080005a2   0x00000004   Code   RO         2780    i.BusFault_Handler  stm32f10x_it.o
    0x080005a6   0x080005a6   0x00000002   PAD
    0x080005a8   0x080005a8   0x00000038   Code   RO         2634    i.CRC_Compute       modbusnew.o
    0x080005e0   0x080005e0   0x00000034   Code   RO         2137    i.DAC7554_GPIO_Config  dac8554.o
    0x08000614   0x08000614   0x0000006c   Code   RO         2138    i.DAC7554_Send_16_bits  dac8554.o
    0x08000680   0x08000680   0x0000000c   Code   RO         2140    i.DAC8554_delay     dac8554.o
    0x0800068c   0x0800068c   0x00000018   Code   RO         2012    i.DMA_Cmd           stm32f10x_dma.o
    0x080006a4   0x080006a4   0x0000014c   Code   RO         2013    i.DMA_DeInit        stm32f10x_dma.o
    0x080007f0   0x080007f0   0x0000003c   Code   RO         2018    i.DMA_Init          stm32f10x_dma.o
    0x0800082c   0x0800082c   0x00000002   Code   RO         2781    i.DebugMon_Handler  stm32f10x_it.o
    0x0800082e   0x0800082e   0x00000002   PAD
    0x08000830   0x08000830   0x0000002c   Code   RO         2182    i.DiGpioCfg         dio.o
    0x0800085c   0x0800085c   0x0000000c   Code   RO         2183    i.DioCfg            dio.o
    0x08000868   0x08000868   0x00000038   Code   RO         2184    i.DoMuxGpioCfg      dio.o
    0x080008a0   0x080008a0   0x00000116   Code   RO          218    i.GPIO_Init         stm32f10x_gpio.o
    0x080009b6   0x080009b6   0x00000002   PAD
    0x080009b8   0x080009b8   0x00000090   Code   RO          220    i.GPIO_PinRemapConfig  stm32f10x_gpio.o
    0x08000a48   0x08000a48   0x00000008   Code   RO          221    i.GPIO_ReadInputData  stm32f10x_gpio.o
    0x08000a50   0x08000a50   0x00000004   Code   RO          225    i.GPIO_ResetBits    stm32f10x_gpio.o
    0x08000a54   0x08000a54   0x00000004   Code   RO          226    i.GPIO_SetBits      stm32f10x_gpio.o
    0x08000a58   0x08000a58   0x0000000a   Code   RO          229    i.GPIO_WriteBit     stm32f10x_gpio.o
    0x08000a62   0x08000a62   0x00000002   PAD
    0x08000a64   0x08000a64   0x00000014   Code   RO         2185    i.GetDiMap          dio.o
    0x08000a78   0x08000a78   0x00000004   Code   RO         2782    i.HardFault_Handler  stm32f10x_it.o
    0x08000a7c   0x08000a7c   0x00000050   Code   RO         2744    i.LedInit           main.o
    0x08000acc   0x08000acc   0x00000004   Code   RO         2783    i.MemManage_Handler  stm32f10x_it.o
    0x08000ad0   0x08000ad0   0x0000018c   Code   RO         2635    i.Modbus_01_Solve   modbusnew.o
    0x08000c5c   0x08000c5c   0x0000018c   Code   RO         2636    i.Modbus_02_Solve   modbusnew.o
    0x08000de8   0x08000de8   0x00000100   Code   RO         2637    i.Modbus_03_Solve   modbusnew.o
    0x08000ee8   0x08000ee8   0x000000b8   Code   RO         2638    i.Modbus_05_Solve   modbusnew.o
    0x08000fa0   0x08000fa0   0x00000094   Code   RO         2639    i.Modbus_06_Solve   modbusnew.o
    0x08001034   0x08001034   0x00000108   Code   RO         2640    i.Modbus_15_Solve   modbusnew.o
    0x0800113c   0x0800113c   0x000000f8   Code   RO         2641    i.Modbus_16_Solve   modbusnew.o
    0x08001234   0x08001234   0x00000040   Code   RO         2642    i.Modbus_RegMap     modbusnew.o
    0x08001274   0x08001274   0x00000002   Code   RO         2784    i.NMI_Handler       stm32f10x_it.o
    0x08001276   0x08001276   0x00000044   Code   RO         2745    i.NVIC_Configuration  main.o
    0x080012ba   0x080012ba   0x00000002   PAD
    0x080012bc   0x080012bc   0x00000070   Code   RO          130    i.NVIC_Init         misc.o
    0x0800132c   0x0800132c   0x00000014   Code   RO          131    i.NVIC_PriorityGroupConfig  misc.o
    0x08001340   0x08001340   0x00000014   Code   RO          132    i.NVIC_SetVectorTable  misc.o
    0x08001354   0x08001354   0x0000009c   Code   RO         2338    i.PWM1_Init         pwm.o
    0x080013f0   0x080013f0   0x00000024   Code   RO         2339    i.PWM1_SetHighTime  pwm.o
    0x08001414   0x08001414   0x0000009c   Code   RO         2340    i.PWM2_Init         pwm.o
    0x080014b0   0x080014b0   0x00000024   Code   RO         2341    i.PWM2_SetHighTime  pwm.o
    0x080014d4   0x080014d4   0x00000002   Code   RO         2785    i.PendSV_Handler    stm32f10x_it.o
    0x080014d6   0x080014d6   0x00000002   PAD
    0x080014d8   0x080014d8   0x00000018   Code   RO          530    i.RCC_ADCCLKConfig  stm32f10x_rcc.o
    0x080014f0   0x080014f0   0x00000020   Code   RO          531    i.RCC_AHBPeriphClockCmd  stm32f10x_rcc.o
    0x08001510   0x08001510   0x00000020   Code   RO          532    i.RCC_APB1PeriphClockCmd  stm32f10x_rcc.o
    0x08001530   0x08001530   0x00000020   Code   RO          533    i.RCC_APB1PeriphResetCmd  stm32f10x_rcc.o
    0x08001550   0x08001550   0x00000020   Code   RO          534    i.RCC_APB2PeriphClockCmd  stm32f10x_rcc.o
    0x08001570   0x08001570   0x00000020   Code   RO          535    i.RCC_APB2PeriphResetCmd  stm32f10x_rcc.o
    0x08001590   0x08001590   0x00000058   Code   RO         2746    i.RCC_Configuration  main.o
    0x080015e8   0x080015e8   0x0000004c   Code   RO          541    i.RCC_DeInit        stm32f10x_rcc.o
    0x08001634   0x08001634   0x000000d4   Code   RO          542    i.RCC_GetClocksFreq  stm32f10x_rcc.o
    0x08001708   0x08001708   0x0000003c   Code   RO          543    i.RCC_GetFlagStatus  stm32f10x_rcc.o
    0x08001744   0x08001744   0x00000010   Code   RO          545    i.RCC_GetSYSCLKSource  stm32f10x_rcc.o
    0x08001754   0x08001754   0x00000018   Code   RO          546    i.RCC_HCLKConfig    stm32f10x_rcc.o
    0x0800176c   0x0800176c   0x0000004c   Code   RO          547    i.RCC_HSEConfig     stm32f10x_rcc.o
    0x080017b8   0x080017b8   0x00000018   Code   RO          553    i.RCC_PCLK1Config   stm32f10x_rcc.o
    0x080017d0   0x080017d0   0x00000018   Code   RO          554    i.RCC_PCLK2Config   stm32f10x_rcc.o
    0x080017e8   0x080017e8   0x0000000c   Code   RO          555    i.RCC_PLLCmd        stm32f10x_rcc.o
    0x080017f4   0x080017f4   0x0000001c   Code   RO          556    i.RCC_PLLConfig     stm32f10x_rcc.o
    0x08001810   0x08001810   0x00000018   Code   RO          559    i.RCC_SYSCLKConfig  stm32f10x_rcc.o
    0x08001828   0x08001828   0x00000038   Code   RO          561    i.RCC_WaitForHSEStartUp  stm32f10x_rcc.o
    0x08001860   0x08001860   0x00000048   Code   RO         2643    i.RS485_SendData    modbusnew.o
    0x080018a8   0x080018a8   0x00000178   Code   RO         2644    i.RS485_Service     modbusnew.o
    0x08001a20   0x08001a20   0x000000fc   Code   RO         2084    i.ReadAdOfChannel   ad.o
    0x08001b1c   0x08001b1c   0x00000018   Code   RO          921    i.SPI_Cmd           stm32f10x_spi.o
    0x08001b34   0x08001b34   0x00000008   Code   RO         2376    i.SPI_Flash_Init    w25q16.o
    0x08001b3c   0x08001b3c   0x0000003c   Code   RO          934    i.SPI_Init          stm32f10x_spi.o
    0x08001b78   0x08001b78   0x000000d8   Code   RO         2386    i.SPIx_Init         w25q16.o
    0x08001c50   0x08001c50   0x00000002   Code   RO         2786    i.SVC_Handler       stm32f10x_it.o
    0x08001c52   0x08001c52   0x00000002   PAD
    0x08001c54   0x08001c54   0x000001ac   Code   RO         2142    i.SetAoOut          dac8554.o
    0x08001e00   0x08001e00   0x000000a8   Code   RO         2186    i.SetSpdtState      dio.o
    0x08001ea8   0x08001ea8   0x00000008   Code   RO           17    i.SetSysClock       system_stm32f10x.o
    0x08001eb0   0x08001eb0   0x000000e0   Code   RO           18    i.SetSysClockTo72   system_stm32f10x.o
    0x08001f90   0x08001f90   0x00000028   Code   RO          134    i.SysTick_CLKSourceConfig  misc.o
    0x08001fb8   0x08001fb8   0x00000002   Code   RO         2787    i.SysTick_Handler   stm32f10x_it.o
    0x08001fba   0x08001fba   0x00000002   PAD
    0x08001fbc   0x08001fbc   0x00000060   Code   RO           20    i.SystemInit        system_stm32f10x.o
    0x0800201c   0x0800201c   0x00000034   Code   RO         2788    i.TIM2_IRQHandler   stm32f10x_it.o
    0x08002050   0x08002050   0x00000006   Code   RO         1070    i.TIM_ClearFlag     stm32f10x_tim.o
    0x08002056   0x08002056   0x00000006   Code   RO         1071    i.TIM_ClearITPendingBit  stm32f10x_tim.o
    0x0800205c   0x0800205c   0x00000018   Code   RO         1076    i.TIM_Cmd           stm32f10x_tim.o
    0x08002074   0x08002074   0x000001e8   Code   RO         1081    i.TIM_DeInit        stm32f10x_tim.o
    0x0800225c   0x0800225c   0x00000022   Code   RO         1097    i.TIM_GetITStatus   stm32f10x_tim.o
    0x0800227e   0x0800227e   0x00000012   Code   RO         1101    i.TIM_ITConfig      stm32f10x_tim.o
    0x08002290   0x08002290   0x00000098   Code   RO         1105    i.TIM_OC1Init       stm32f10x_tim.o
    0x08002328   0x08002328   0x00000012   Code   RO         1108    i.TIM_OC1PreloadConfig  stm32f10x_tim.o
    0x0800233a   0x0800233a   0x00000004   Code   RO         1137    i.TIM_SetCompare1   stm32f10x_tim.o
    0x0800233e   0x0800233e   0x00000004   Code   RO         1141    i.TIM_SetCounter    stm32f10x_tim.o
    0x08002342   0x08002342   0x00000002   PAD
    0x08002344   0x08002344   0x000000a4   Code   RO         1147    i.TIM_TimeBaseInit  stm32f10x_tim.o
    0x080023e8   0x080023e8   0x00000050   Code   RO         2487    i.Tim2Configure     timer.o
    0x08002438   0x08002438   0x00000070   Code   RO         2789    i.USART1_IRQHandler  stm32f10x_it.o
    0x080024a8   0x080024a8   0x00000012   Code   RO         1608    i.USART_ClearFlag   stm32f10x_usart.o
    0x080024ba   0x080024ba   0x00000018   Code   RO         1612    i.USART_Cmd         stm32f10x_usart.o
    0x080024d2   0x080024d2   0x00000002   PAD
    0x080024d4   0x080024d4   0x0000009c   Code   RO         1614    i.USART_DeInit      stm32f10x_usart.o
    0x08002570   0x08002570   0x0000001a   Code   RO         1615    i.USART_GetFlagStatus  stm32f10x_usart.o
    0x0800258a   0x0800258a   0x00000054   Code   RO         1616    i.USART_GetITStatus  stm32f10x_usart.o
    0x080025de   0x080025de   0x0000004a   Code   RO         1618    i.USART_ITConfig    stm32f10x_usart.o
    0x08002628   0x08002628   0x000000d8   Code   RO         1619    i.USART_Init        stm32f10x_usart.o
    0x08002700   0x08002700   0x0000000a   Code   RO         1626    i.USART_ReceiveData  stm32f10x_usart.o
    0x0800270a   0x0800270a   0x00000008   Code   RO         1629    i.USART_SendData    stm32f10x_usart.o
    0x08002712   0x08002712   0x00000004   Code   RO         2790    i.UsageFault_Handler  stm32f10x_it.o
    0x08002716   0x08002716   0x00000002   PAD
    0x08002718   0x08002718   0x000000c0   Code   RO         2526    i.UsartConfigure    usart.o
    0x080027d8   0x080027d8   0x00000044   Code   RO         2559    i.delay_init        delay.o
    0x0800281c   0x0800281c   0x0000017c   Code   RO         2747    i.main              main.o
    0x08002998   0x08002998   0x00000062   Code   RO         2865    x$fpl$d2f           fz_ws.l(d2f.o)
    0x080029fa   0x080029fa   0x00000002   PAD
    0x080029fc   0x080029fc   0x00000150   Code   RO         2867    x$fpl$dadd          fz_ws.l(daddsub_clz.o)
    0x08002b4c   0x08002b4c   0x00000018   Code   RO         2922    x$fpl$dcmpinf       fz_ws.l(dcmpi.o)
    0x08002b64   0x08002b64   0x000002b0   Code   RO         2874    x$fpl$ddiv          fz_ws.l(ddiv.o)
    0x08002e14   0x08002e14   0x0000005a   Code   RO         2877    x$fpl$dfixu         fz_ws.l(dfixu.o)
    0x08002e6e   0x08002e6e   0x00000026   Code   RO         2881    x$fpl$dfltu         fz_ws.l(dflt_clz.o)
    0x08002e94   0x08002e94   0x00000078   Code   RO         2887    x$fpl$dleqf         fz_ws.l(dleqf.o)
    0x08002f0c   0x08002f0c   0x00000154   Code   RO         2889    x$fpl$dmul          fz_ws.l(dmul.o)
    0x08003060   0x08003060   0x0000009c   Code   RO         2924    x$fpl$dnaninf       fz_ws.l(dnaninf.o)
    0x080030fc   0x080030fc   0x0000000c   Code   RO         2926    x$fpl$dretinf       fz_ws.l(dretinf.o)
    0x08003108   0x08003108   0x0000006c   Code   RO         2891    x$fpl$drleqf        fz_ws.l(drleqf.o)
    0x08003174   0x08003174   0x000001d4   Code   RO         2869    x$fpl$dsub          fz_ws.l(daddsub_clz.o)
    0x08003348   0x08003348   0x00000056   Code   RO         2893    x$fpl$f2d           fz_ws.l(f2d.o)
    0x0800339e   0x0800339e   0x00000018   Code   RO         2928    x$fpl$fcmpinf       fz_ws.l(fcmpi.o)
    0x080033b6   0x080033b6   0x00000002   PAD
    0x080033b8   0x080033b8   0x0000003e   Code   RO         2905    x$fpl$ffixu         fz_ws.l(ffixu.o)
    0x080033f6   0x080033f6   0x00000002   PAD
    0x080033f8   0x080033f8   0x00000026   Code   RO         2909    x$fpl$ffltu         fz_ws.l(fflt_clz.o)
    0x0800341e   0x0800341e   0x00000002   PAD
    0x08003420   0x08003420   0x00000068   Code   RO         2915    x$fpl$fleqf         fz_ws.l(fleqf.o)
    0x08003488   0x08003488   0x00000102   Code   RO         2917    x$fpl$fmul          fz_ws.l(fmul.o)
    0x0800358a   0x0800358a   0x0000008c   Code   RO         2930    x$fpl$fnaninf       fz_ws.l(fnaninf.o)
    0x08003616   0x08003616   0x0000000a   Code   RO         2932    x$fpl$fretinf       fz_ws.l(fretinf.o)
    0x08003620   0x08003620   0x00000000   Code   RO         2934    x$fpl$usenofp       fz_ws.l(usenofp.o)
    0x08003620   0x08003620   0x00000100   Data   RO         2645    .constdata          modbusnew.o
    0x08003720   0x08003720   0x00000020   Data   RO         3087    Region$$Table       anon$$obj.o


    Execution Region RW_IRAM1 (Exec base: 0x20000000, Load base: 0x08003740, Size: 0x00002d68, Max: 0x0000c000, ABSOLUTE, COMPRESSED[0x0000003c])

    Exec Addr    Load Addr    Size         Type   Attr      Idx    E Section Name        Object

    0x20000000   COMPRESSED   0x00000014   Data   RW           21    .data               system_stm32f10x.o
    0x20000014   COMPRESSED   0x00000014   Data   RW          562    .data               stm32f10x_rcc.o
    0x20000028   COMPRESSED   0x00000004   Data   RW         2085    .data               ad.o
    0x2000002c   COMPRESSED   0x00000002   Data   RW         2143    .data               dac8554.o
    0x2000002e   COMPRESSED   0x00000002   Data   RW         2342    .data               pwm.o
    0x20000030   COMPRESSED   0x00000004   Data   RW         2562    .data               delay.o
    0x20000034   COMPRESSED   0x00000014   Data   RW         2586    .data               globle.o
    0x20000048   COMPRESSED   0x00000106   Data   RW         2646    .data               modbusnew.o
    0x2000014e   COMPRESSED   0x00000002   PAD
    0x20000150   COMPRESSED   0x00000008   Data   RW         2748    .data               main.o
    0x20000158        -       0x000025ac   Zero   RW         2585    .bss                globle.o
    0x20002704        -       0x00000060   Zero   RW         2961    .bss                c_w.l(libspace.o)
    0x20002764   COMPRESSED   0x00000004   PAD
    0x20002768        -       0x00000200   Zero   RW         2853    HEAP                startup_stm32f10x_hd.o
    0x20002968        -       0x00000400   Zero   RW         2852    STACK               startup_stm32f10x_hd.o


==============================================================================

Image component sizes


      Code (inc. data)   RO Data    RW Data    ZI Data      Debug   Object Name

       592         54          0          4          0       2274   ad.o
         0          0          0          0          0       4564   core_cm3.o
       600         64          0          2          0       2786   dac8554.o
        68         18          0          4          0        733   delay.o
       300         20          0          0          0       2722   dio.o
         0          0          0         20       9644       1667   globle.o
       616         46          0          8          0       2697   main.o
       192         30          0          0          0       2727   misc.o
      2460        238        256        262          0       7790   modbusnew.o
       384         50          0          2          0       2820   pwm.o
        64         26        304          0       1536        828   startup_stm32f10x_hd.o
       390         10          0          0          0       7673   stm32f10x_adc.o
       416          8          0          0          0       3522   stm32f10x_dma.o
       448          6          0          0          0       5179   stm32f10x_gpio.o
       190         22          0          0          0       5360   stm32f10x_it.o
       816        116          0         20          0      13355   stm32f10x_rcc.o
        84          0          0          0          0       2205   stm32f10x_spi.o
       918        126          0          0          0       7587   stm32f10x_tim.o
       616         28          0          0          0       7602   stm32f10x_usart.o
       328         28          0         20          0     277293   system_stm32f10x.o
        80          0          0          0          0        548   timer.o
       192         12          0          0          0        681   usart.o
       224         14          0          0          0       1173   w25q16.o

    ----------------------------------------------------------------------
     10000        916        592        344      11180     363786   Object Totals
         0          0         32          0          0          0   (incl. Generated)
        22          0          0          2          0          0   (incl. Padding)

    ----------------------------------------------------------------------

      Code (inc. data)   RO Data    RW Data    ZI Data      Debug   Library Member Name

        90          0          0          0          0          0   __dczerorl2.o
         8          0          0          0          0         68   __main.o
         0          0          0          0          0          0   __rtentry.o
        12          0          0          0          0          0   __rtentry2.o
         6          0          0          0          0          0   __rtentry4.o
        52          8          0          0          0          0   __scatter.o
        28          0          0          0          0          0   __scatter_zi.o
        18          0          0          0          0         80   exit.o
         6          0          0          0          0        152   heapauxi.o
         0          0          0          0          0          0   indicate_semi.o
         2          0          0          0          0          0   libinit.o
         2          0          0          0          0          0   libinit2.o
         2          0          0          0          0          0   libshutdown.o
         2          0          0          0          0          0   libshutdown2.o
         8          4          0          0         96         68   libspace.o
         2          0          0          0          0          0   rtexit.o
        10          0          0          0          0          0   rtexit2.o
        12          4          0          0          0         68   sys_exit.o
        74          0          0          0          0         80   sys_stackheap_outer.o
         2          0          0          0          0         68   use_no_semi.o
        98          4          0          0          0         92   d2f.o
       804         16          0          0          0        272   daddsub_clz.o
        24          0          0          0          0         68   dcmpi.o
       688        140          0          0          0        208   ddiv.o
        90          4          0          0          0         92   dfixu.o
        38          0          0          0          0         68   dflt_clz.o
       120          4          0          0          0         92   dleqf.o
       340         12          0          0          0        104   dmul.o
       156          4          0          0          0         92   dnaninf.o
        12          0          0          0          0         68   dretinf.o
       108          0          0          0          0         80   drleqf.o
        86          4          0          0          0         84   f2d.o
        24          0          0          0          0         68   fcmpi.o
        62          4          0          0          0         84   ffixu.o
        38          0          0          0          0         68   fflt_clz.o
       104          4          0          0          0         84   fleqf.o
       258          4          0          0          0         84   fmul.o
       140          4          0          0          0         84   fnaninf.o
        10          0          0          0          0         68   fretinf.o
         0          0          0          0          0          0   usenofp.o

    ----------------------------------------------------------------------
      3552        220          0          0        100       2444   Library Totals
        16          0          0          0          4          0   (incl. Padding)

    ----------------------------------------------------------------------

      Code (inc. data)   RO Data    RW Data    ZI Data      Debug   Library Name

       336         16          0          0         96        584   c_w.l
      3200        204          0          0          0       1860   fz_ws.l

    ----------------------------------------------------------------------
      3552        220          0          0        100       2444   Library Totals

    ----------------------------------------------------------------------

==============================================================================


      Code (inc. data)   RO Data    RW Data    ZI Data      Debug   

     13552       1136        592        344      11280     359466   Grand Totals
     13552       1136        592         60      11280     359466   ELF Image Totals (compressed)
     13552       1136        592         60          0          0   ROM Totals

==============================================================================

    Total RO  Size (Code + RO Data)                14144 (  13.81kB)
    Total RW  Size (RW Data + ZI Data)             11624 (  11.35kB)
    Total ROM Size (Code + RO Data + RW Data)      14204 (  13.87kB)

==============================================================================

